07-06 21:01:29.560 2468-2545/? I/GCoreUlr: WorldUpdater:android.intent.action.BOOT_COMPLETED: Ensuring that reporting is stopped because of reasons: (no Google accounts)
07-06 21:01:29.561 2468-2545/? I/GCoreUlr: Unbound from all location providers
07-06 21:01:29.561 2468-2545/? I/GCoreUlr: Place inference reporting - stop
07-06 21:01:29.686 2468-2468/? E/BluetoothAdapter: Bluetooth binder is null
07-06 21:01:29.686 2468-2468/? E/BluetoothAdapter: Bluetooth binder is null
07-06 21:01:29.764 2468-2468/? I/GCoreUlr: DispatchingService.onDestroy()
07-06 21:01:29.765 2468-2468/? I/GCoreUlr: Stopping handler for UlrDispSvcFast
07-06 21:01:29.766 2468-2468/? I/GCoreUlr: Unbound from all location providers
07-06 21:01:29.766 2468-2468/? I/GCoreUlr: Place inference reporting - stop
07-06 21:01:29.766 2468-2468/? W/Nearby: Bind call too late - someone already tried to get: interface atxb
07-06 21:01:29.800 2468-2468/? W/WearSignatureVerifier: No package com.google.android.wearable.app.cn
07-06 21:01:29.801 2468-3012/? I/PaymentBundleManager: Maintaining payment bundles
07-06 21:01:29.809 2468-3012/? I/PaymentBundleManager: Finished maintaining payment bundles
07-06 21:01:29.811 2468-2997/? I/TpGmsPhenotypeRgstrSvc: Registered Tapandpay Gms module to phenotype successfully
07-06 21:01:29.824 2468-2543/? I/GCoreUlr: Starting service, intent=Intent { act=com.google.android.location.reporting.ACTION_UPDATE_WORLD cmp=com.google.android.gms/com.google.android.location.reporting.service.DispatchingService (has extras) }, extras=Bundle[{receiverAction=com.google.android.location.reporting.PHENOTYPE_FLAGS_CHANGED}]
07-06 21:01:29.826 2468-2468/? E/BluetoothAdapter: Bluetooth binder is null
07-06 21:01:29.851 2468-2959/? I/GCoreUlr: WorldUpdater received intent Intent { act=com.google.android.location.reporting.ACTION_UPDATE_WORLD cmp=com.google.android.gms/com.google.android.location.reporting.service.DispatchingService (has extras) } with receiverAction com.google.android.location.reporting.PHENOTYPE_FLAGS_CHANGED
07-06 21:01:29.860 2468-2959/? E/GCoreUlr: Bad errorId configuring silent feedback
07-06 21:01:29.860 2468-2959/? I/GCoreUlr: WorldUpdater:com.google.android.location.reporting.PHENOTYPE_FLAGS_CHANGED: Ensuring that reporting is stopped because of reasons: (no Google accounts)
07-06 21:01:29.862 2468-2959/? I/GCoreUlr: Unbound from all location providers
07-06 21:01:29.862 2468-2959/? I/GCoreUlr: Place inference reporting - stop
07-06 21:01:29.863 2468-2468/? I/GCoreUlr: DispatchingService.onDestroy()
07-06 21:01:29.864 2468-2468/? I/GCoreUlr: Stopping handler for UlrDispSvcFast
07-06 21:01:29.865 2468-2468/? I/GCoreUlr: Unbound from all location providers
07-06 21:01:29.865 2468-2468/? I/GCoreUlr: Place inference reporting - stop
07-06 21:01:29.887 2468-2545/? I/GCoreUlr: Starting service, intent=Intent { act=com.google.android.location.reporting.ACTION_UPDATE_WORLD cmp=com.google.android.gms/com.google.android.location.reporting.service.DispatchingService (has extras) }, extras=Bundle[{receiverAction=com.google.android.location.reporting.PHENOTYPE_FLAGS_CHANGED}]
07-06 21:01:29.888 2468-2468/? E/BluetoothAdapter: Bluetooth binder is null
07-06 21:01:29.899 2468-2545/? I/GCoreUlr: WorldUpdater received intent Intent { act=com.google.android.location.reporting.ACTION_UPDATE_WORLD cmp=com.google.android.gms/com.google.android.location.reporting.service.DispatchingService (has extras) } with receiverAction com.google.android.location.reporting.PHENOTYPE_FLAGS_CHANGED
07-06 21:01:29.901 2468-2545/? E/GCoreUlr: Bad errorId configuring silent feedback
07-06 21:01:29.901 2468-2545/? I/GCoreUlr: WorldUpdater:com.google.android.location.reporting.PHENOTYPE_FLAGS_CHANGED: Ensuring that reporting is stopped because of reasons: (no Google accounts)
07-06 21:01:29.903 2468-2545/? I/GCoreUlr: Unbound from all location providers
07-06 21:01:29.903 2468-2545/? I/GCoreUlr: Place inference reporting - stop
07-06 21:01:29.906 2468-2468/? I/GCoreUlr: DispatchingService.onDestroy()
07-06 21:01:29.907 2468-2468/? I/GCoreUlr: Stopping handler for UlrDispSvcFast
07-06 21:01:29.908 2468-2468/? I/GCoreUlr: Unbound from all location providers
07-06 21:01:29.908 2468-2468/? I/GCoreUlr: Place inference reporting - stop
07-06 21:01:29.909 2468-2959/? I/GCoreUlr: Starting service, intent=Intent { act=com.google.android.location.reporting.ACTION_UPDATE_WORLD cmp=com.google.android.gms/com.google.android.location.reporting.service.DispatchingService (has extras) }, extras=Bundle[{receiverAction=com.google.android.location.reporting.PHENOTYPE_FLAGS_CHANGED}]
07-06 21:01:29.911 2468-2468/? E/BluetoothAdapter: Bluetooth binder is null
07-06 21:01:29.920 2468-2958/? I/GCoreUlr: WorldUpdater received intent Intent { act=com.google.android.location.reporting.ACTION_UPDATE_WORLD cmp=com.google.android.gms/com.google.android.location.reporting.service.DispatchingService (has extras) } with receiverAction com.google.android.location.reporting.PHENOTYPE_FLAGS_CHANGED
07-06 21:01:29.921 2468-2958/? E/GCoreUlr: Bad errorId configuring silent feedback
07-06 21:01:29.921 2468-2958/? I/GCoreUlr: WorldUpdater:com.google.android.location.reporting.PHENOTYPE_FLAGS_CHANGED: Ensuring that reporting is stopped because of reasons: (no Google accounts)
07-06 21:01:29.922 2468-2958/? I/GCoreUlr: Unbound from all location providers
07-06 21:01:29.922 2468-2958/? I/GCoreUlr: Place inference reporting - stop
07-06 21:01:29.925 2468-2468/? I/GCoreUlr: DispatchingService.onDestroy()
07-06 21:01:29.926 2468-2468/? I/GCoreUlr: Stopping handler for UlrDispSvcFast
07-06 21:01:29.927 2468-2545/? I/GCoreUlr: Starting service, intent=Intent { act=com.google.android.location.reporting.ACTION_UPDATE_WORLD cmp=com.google.android.gms/com.google.android.location.reporting.service.DispatchingService (has extras) }, extras=Bundle[{receiverAction=com.google.android.location.reporting.PHENOTYPE_FLAGS_CHANGED}]
07-06 21:01:29.927 2468-2468/? I/GCoreUlr: Unbound from all location providers
07-06 21:01:29.927 2468-2468/? I/GCoreUlr: Place inference reporting - stop
07-06 21:01:29.928 2468-2468/? E/BluetoothAdapter: Bluetooth binder is null
07-06 21:01:29.938 2468-2545/? I/GCoreUlr: WorldUpdater received intent Intent { act=com.google.android.location.reporting.ACTION_UPDATE_WORLD cmp=com.google.android.gms/com.google.android.location.reporting.service.DispatchingService (has extras) } with receiverAction com.google.android.location.reporting.PHENOTYPE_FLAGS_CHANGED
07-06 21:01:29.939 2468-2545/? E/GCoreUlr: Bad errorId configuring silent feedback
07-06 21:01:29.939 2468-2545/? I/GCoreUlr: WorldUpdater:com.google.android.location.reporting.PHENOTYPE_FLAGS_CHANGED: Ensuring that reporting is stopped because of reasons: (no Google accounts)
07-06 21:01:29.941 2468-2545/? I/GCoreUlr: Unbound from all location providers
07-06 21:01:29.941 2468-2545/? I/GCoreUlr: Place inference reporting - stop
07-06 21:01:29.943 2468-2468/? I/GCoreUlr: DispatchingService.onDestroy()
07-06 21:01:29.944 2468-2468/? I/GCoreUlr: Stopping handler for UlrDispSvcFast
07-06 21:01:29.945 2468-2468/? I/GCoreUlr: Unbound from all location providers
07-06 21:01:29.945 2468-2468/? I/GCoreUlr: Place inference reporting - stop
07-06 21:01:29.946 2468-2959/? I/GCoreUlr: Starting service, intent=Intent { act=com.google.android.location.reporting.ACTION_UPDATE_WORLD cmp=com.google.android.gms/com.google.android.location.reporting.service.DispatchingService (has extras) }, extras=Bundle[{receiverAction=com.google.android.location.reporting.PHENOTYPE_FLAGS_CHANGED}]
07-06 21:01:29.948 2468-2468/? E/BluetoothAdapter: Bluetooth binder is null
07-06 21:01:29.956 2468-2543/? I/GCoreUlr: WorldUpdater received intent Intent { act=com.google.android.location.reporting.ACTION_UPDATE_WORLD cmp=com.google.android.gms/com.google.android.location.reporting.service.DispatchingService (has extras) } with receiverAction com.google.android.location.reporting.PHENOTYPE_FLAGS_CHANGED
07-06 21:01:29.957 2468-2543/? E/GCoreUlr: Bad errorId configuring silent feedback
07-06 21:01:29.957 2468-2543/? I/GCoreUlr: WorldUpdater:com.google.android.location.reporting.PHENOTYPE_FLAGS_CHANGED: Ensuring that reporting is stopped because of reasons: (no Google accounts)
07-06 21:01:29.960 2468-2543/? I/GCoreUlr: Unbound from all location providers
07-06 21:01:29.960 2468-2543/? I/GCoreUlr: Place inference reporting - stop
07-06 21:01:29.962 2468-2468/? I/GCoreUlr: DispatchingService.onDestroy()
07-06 21:01:29.963 2468-2958/? I/GCoreUlr: Starting service, intent=Intent { act=com.google.android.location.reporting.ACTION_UPDATE_WORLD cmp=com.google.android.gms/com.google.android.location.reporting.service.DispatchingService (has extras) }, extras=Bundle[{receiverAction=com.google.android.location.reporting.PHENOTYPE_FLAGS_CHANGED}]
07-06 21:01:29.963 2468-2468/? I/GCoreUlr: Stopping handler for UlrDispSvcFast
07-06 21:01:29.964 2468-2468/? I/GCoreUlr: Unbound from all location providers
07-06 21:01:29.964 2468-2468/? I/GCoreUlr: Place inference reporting - stop
07-06 21:01:29.965 2468-2468/? E/BluetoothAdapter: Bluetooth binder is null
07-06 21:01:29.973 2468-2478/? I/art: Background sticky concurrent mark sweep GC freed 42766(3MB) AllocSpace objects, 30(600KB) LOS objects, 28% free, 8MB/11MB, paused 1.020ms total 110.491ms
07-06 21:01:29.981 2468-2958/? I/GCoreUlr: WorldUpdater received intent Intent { act=com.google.android.location.reporting.ACTION_UPDATE_WORLD cmp=com.google.android.gms/com.google.android.location.reporting.service.DispatchingService (has extras) } with receiverAction com.google.android.location.reporting.PHENOTYPE_FLAGS_CHANGED
07-06 21:01:29.981 2468-2958/? E/GCoreUlr: Bad errorId configuring silent feedback
07-06 21:01:29.981 2468-2958/? I/GCoreUlr: WorldUpdater:com.google.android.location.reporting.PHENOTYPE_FLAGS_CHANGED: Ensuring that reporting is stopped because of reasons: (no Google accounts)
07-06 21:01:29.983 2468-2958/? I/GCoreUlr: Unbound from all location providers
07-06 21:01:29.983 2468-2958/? I/GCoreUlr: Place inference reporting - stop
07-06 21:01:29.984 2468-2468/? I/GCoreUlr: DispatchingService.onDestroy()
07-06 21:01:29.984 2468-2468/? I/GCoreUlr: Stopping handler for UlrDispSvcFast
07-06 21:01:29.987 2468-2468/? I/GCoreUlr: Unbound from all location providers
07-06 21:01:29.987 2468-2468/? I/GCoreUlr: Place inference reporting - stop
07-06 21:01:29.991 2468-2543/? I/GCoreUlr: Starting service, intent=Intent { act=com.google.android.location.reporting.ACTION_UPDATE_WORLD cmp=com.google.android.gms/com.google.android.location.reporting.service.DispatchingService (has extras) }, extras=Bundle[{receiverAction=com.google.android.location.reporting.PHENOTYPE_FLAGS_CHANGED}]
07-06 21:01:29.992 2468-2468/? E/BluetoothAdapter: Bluetooth binder is null
07-06 21:01:30.000 2468-2543/? I/GCoreUlr: WorldUpdater received intent Intent { act=com.google.android.location.reporting.ACTION_UPDATE_WORLD cmp=com.google.android.gms/com.google.android.location.reporting.service.DispatchingService (has extras) } with receiverAction com.google.android.location.reporting.PHENOTYPE_FLAGS_CHANGED
07-06 21:01:30.000 2468-2543/? E/GCoreUlr: Bad errorId configuring silent feedback
07-06 21:01:30.001 2468-2543/? I/GCoreUlr: WorldUpdater:com.google.android.location.reporting.PHENOTYPE_FLAGS_CHANGED: Ensuring that reporting is stopped because of reasons: (no Google accounts)
07-06 21:01:30.002 2468-2543/? I/GCoreUlr: Unbound from all location providers
07-06 21:01:30.002 2468-2543/? I/GCoreUlr: Place inference reporting - stop
07-06 21:01:30.004 2468-2468/? I/GCoreUlr: DispatchingService.onDestroy()
07-06 21:01:30.004 2468-2468/? I/GCoreUlr: Stopping handler for UlrDispSvcFast
07-06 21:01:30.006 2468-2468/? I/GCoreUlr: Unbound from all location providers
07-06 21:01:30.006 2468-2468/? I/GCoreUlr: Place inference reporting - stop
07-06 21:01:30.008 2468-2958/? I/GCoreUlr: Starting service, intent=Intent { act=com.google.android.location.reporting.ACTION_UPDATE_WORLD cmp=com.google.android.gms/com.google.android.location.reporting.service.DispatchingService (has extras) }, extras=Bundle[{receiverAction=com.google.android.location.reporting.PHENOTYPE_FLAGS_CHANGED}]
07-06 21:01:30.011 2468-2468/? E/BluetoothAdapter: Bluetooth binder is null
07-06 21:01:30.019 2468-2959/? I/GCoreUlr: WorldUpdater received intent Intent { act=com.google.android.location.reporting.ACTION_UPDATE_WORLD cmp=com.google.android.gms/com.google.android.location.reporting.service.DispatchingService (has extras) } with receiverAction com.google.android.location.reporting.PHENOTYPE_FLAGS_CHANGED
07-06 21:01:30.020 2468-2959/? E/GCoreUlr: Bad errorId configuring silent feedback
07-06 21:01:30.020 2468-2959/? I/GCoreUlr: WorldUpdater:com.google.android.location.reporting.PHENOTYPE_FLAGS_CHANGED: Ensuring that reporting is stopped because of reasons: (no Google accounts)
07-06 21:01:30.022 2468-2959/? I/GCoreUlr: Unbound from all location providers
07-06 21:01:30.022 2468-2959/? I/GCoreUlr: Place inference reporting - stop
07-06 21:01:30.023 2468-2468/? I/GCoreUlr: DispatchingService.onDestroy()
07-06 21:01:30.024 2468-2468/? I/GCoreUlr: Stopping handler for UlrDispSvcFast
07-06 21:01:30.026 2468-2468/? I/GCoreUlr: Unbound from all location providers
07-06 21:01:30.026 2468-2468/? I/GCoreUlr: Place inference reporting - stop
07-06 21:01:30.028 2468-2543/? I/GCoreUlr: Starting service, intent=Intent { act=com.google.android.location.reporting.ACTION_UPDATE_WORLD cmp=com.google.android.gms/com.google.android.location.reporting.service.DispatchingService (has extras) }, extras=Bundle[{receiverAction=com.google.android.location.reporting.PHENOTYPE_FLAGS_CHANGED}]
07-06 21:01:30.030 2468-2468/? E/BluetoothAdapter: Bluetooth binder is null
07-06 21:01:30.044 2468-2543/? I/GCoreUlr: WorldUpdater received intent Intent { act=com.google.android.location.reporting.ACTION_UPDATE_WORLD cmp=com.google.android.gms/com.google.android.location.reporting.service.DispatchingService (has extras) } with receiverAction com.google.android.location.reporting.PHENOTYPE_FLAGS_CHANGED
07-06 21:01:30.048 2468-2959/? I/GCoreUlr: Starting service, intent=Intent { act=com.google.android.location.reporting.ACTION_UPDATE_WORLD cmp=com.google.android.gms/com.google.android.location.reporting.service.DispatchingService (has extras) }, extras=Bundle[{receiverAction=com.google.android.location.reporting.PHENOTYPE_FLAGS_CHANGED}]
07-06 21:01:30.049 2468-2543/? E/GCoreUlr: Bad errorId configuring silent feedback
07-06 21:01:30.049 2468-2543/? I/GCoreUlr: WorldUpdater:com.google.android.location.reporting.PHENOTYPE_FLAGS_CHANGED: Ensuring that reporting is stopped because of reasons: (no Google accounts)
07-06 21:01:30.055 2468-2543/? I/GCoreUlr: Unbound from all location providers
07-06 21:01:30.055 2468-2543/? I/GCoreUlr: Place inference reporting - stop
07-06 21:01:30.060 2468-2543/? I/GCoreUlr: WorldUpdater received intent Intent { act=com.google.android.location.reporting.ACTION_UPDATE_WORLD cmp=com.google.android.gms/com.google.android.location.reporting.service.DispatchingService (has extras) } with receiverAction com.google.android.location.reporting.PHENOTYPE_FLAGS_CHANGED
07-06 21:01:30.062 2468-2543/? E/GCoreUlr: Bad errorId configuring silent feedback
07-06 21:01:30.062 2468-2543/? I/GCoreUlr: WorldUpdater:com.google.android.location.reporting.PHENOTYPE_FLAGS_CHANGED: Ensuring that reporting is stopped because of reasons: (no Google accounts)
07-06 21:01:30.063 2468-2543/? I/GCoreUlr: Unbound from all location providers
07-06 21:01:30.063 2468-2543/? I/GCoreUlr: Place inference reporting - stop
07-06 21:01:30.064 2468-2468/? I/GCoreUlr: DispatchingService.onDestroy()
07-06 21:01:30.065 2468-2468/? I/GCoreUlr: Stopping handler for UlrDispSvcFast
07-06 21:01:30.066 2468-2468/? I/GCoreUlr: Unbound from all location providers
07-06 21:01:30.066 2468-2468/? I/GCoreUlr: Place inference reporting - stop
07-06 21:01:30.102 2468-3002/? W/NearbyMessages: NetworkPollManager:  RPC was requested, but deemed unnecessary.
07-06 21:01:30.646 2273-2328/? W/Search.SearchUrlHelper: Auth token not ready, no auth header set.
07-06 21:01:31.262 2273-2328/? I/cr_CronetLibraryLoader: Cronet version: 52.0.2743.27, arch: i686
07-06 21:01:31.263 2273-2328/? I/UrlRequestFactory: Using network stack: Cronet/52.0.2743.27@6ad5924f
07-06 21:01:31.301 2967-2977/? W/art: Suspending all threads took: 6.814ms
07-06 21:01:32.195 2273-3028/? D/NetworkSecurityConfig: No Network Security Config specified, using platform default
07-06 21:01:32.632 1581-1591/? I/ActivityManager: Killing 2214:com.android.defcontainer/u0a8 (adj 906): empty #17
07-06 21:01:32.695 1581-1591/? D/ActivityManager: cleanUpApplicationRecord -- 2214
07-06 21:01:32.848 2967-2967/? I/Babel_telephony: TeleModule.onApplicationCreate
07-06 21:01:32.914 2967-3040/? I/Babel_SMS: MmsConfig: mnc/mcc: 310/260
07-06 21:01:32.914 2967-3040/? I/Babel_SMS: MmsConfig.loadMmsSettings
07-06 21:01:32.915 2967-3040/? I/Babel_SMS: MmsConfig.loadDeviceMmsSettings from API: mUserAgent=GoldfishNexus, mUaProfUrl=http://gsm.lge.com/html/gsm/Nexus5-M3.xml
07-06 21:01:32.915 2967-3040/? I/Babel_SMS: MmsConfig.loadFromDatabase
07-06 21:01:32.950 1581-1594/? I/ActivityManager: Waited long enough for: ServiceRecord{25006b4 u0 com.google.android.calendar/com.android.calendar.alerts.InitAlarmsService}
07-06 21:01:32.951 1581-1897/? I/ActivityManager: Killing 2150:com.google.android.music:main/u0a59 (adj 906): empty #17
07-06 21:01:32.995 1581-1591/? D/ActivityManager: cleanUpApplicationRecord -- 2150
07-06 21:01:33.005 2967-3040/? E/SQLiteLog: (1) no such table: mmsconfig
07-06 21:01:33.005 2967-2967/? I/Babel_Prime: wrapCrashReportingIntoUncaughtExceptionHandler
07-06 21:01:33.005 2967-2967/? I/Babel_Prime: isMemoryEnabled=false
07-06 21:01:33.005 2967-2967/? I/Babel_Prime: isTimerEnabled=true
07-06 21:01:33.005 2967-3040/? I/Babel_SMS: MmsConfig: no mmsconfig table android.database.sqlite.SQLiteException: no such table: mmsconfig (code 1): , while compiling: SELECT key, value, type FROM mmsconfig WHERE numeric=?
07-06 21:01:33.005 2967-3040/? I/Babel_SMS: MmsConfig.loadFromResources
07-06 21:01:33.006 2967-2967/? I/Babel_Prime: isCrashCounterEnabled=true
07-06 21:01:33.015 2967-3040/? E/Babel_SMS: canonicalizeMccMnc: invalid mccmnc nullnull
07-06 21:01:33.015 2967-3040/? W/Babel_SMS: MmsConfig: invalid key=userAgent or type=string
07-06 21:01:33.015 2967-3040/? W/Babel_SMS: MmsConfig: invalid key=uaProfUrl or type=string
07-06 21:01:33.015 2967-3040/? I/Babel_SMS: MmsConfig.loadMmsSettings: mUserAgent=GoldfishNexus, mUaProfUrl=http://gsm.lge.com/html/gsm/Nexus5-M3.xml
07-06 21:01:33.037 2967-2967/? I/Babel_Crash: Startup - clean
07-06 21:01:33.090 1346-1368/? W/audio_hw_generic: Not supplying enough data to HAL, expected position 3740480 , only wrote 1871280
07-06 21:01:33.271 2967-2977/? W/art: Suspending all threads took: 10.618ms
07-06 21:01:33.274 2967-2967/? I/Babel_Prime: startMemoryMonitor
07-06 21:01:33.329 2967-2967/? W/Babel: On boot, found 0 ready accounts
07-06 21:01:33.375 3048-3048/? W/art: Unexpected CPU variant for X86 using defaults: x86
07-06 21:01:33.383 1581-3016/? I/ActivityManager: Start proc 3048:com.google.android.youtube/u0a73 for broadcast com.google.android.youtube/com.google.android.libraries.youtube.upload.service.UploadService$BootReceiver
07-06 21:01:33.438 3048-3048/? W/System: ClassLoader referenced unknown path: /system/app/YouTube/lib/x86
07-06 21:01:33.456 2967-2967/? D/Babel: onCreate: Shutdown runnable posted in onCreate with a delay of 5000 ms.
07-06 21:01:33.460 2967-2967/? W/System: ClassLoader referenced unknown path: /system/priv-app/PrebuiltGmsCore/lib/x86
07-06 21:01:33.467 2967-2967/? W/linker: /system/priv-app/PrebuiltGmsCore/PrebuiltGmsCore.apk!/lib/x86/libgmscore.so: unused DT entry: type 0x7ffffffd arg 0x754
07-06 21:01:33.469 2967-2967/? W/linker: /system/priv-app/PrebuiltGmsCore/PrebuiltGmsCore.apk!/lib/x86/libconscrypt_gmscore_jni.so: unused DT entry: type 0x7ffffffd arg 0x174
07-06 21:01:33.469 2967-2967/? V/JNIHelp: Registering com/google/android/gms/org/conscrypt/NativeCrypto's 242 native methods...
07-06 21:01:33.481 2967-2967/? D/NetworkSecurityConfig: No Network Security Config specified, using platform default
07-06 21:01:33.481 2967-2967/? I/ProviderInstaller: Installed default security provider GmsCore_OpenSSL
07-06 21:01:33.614 2967-3063/? D/Babel: Idle: Shutdown runnable posted in release with a delay of 5000 ms.
07-06 21:01:34.319 3048-3065/? W/System: ClassLoader referenced unknown path: /system/priv-app/PrebuiltGmsCore/lib/x86
07-06 21:01:34.326 3048-3065/? W/linker: /system/priv-app/PrebuiltGmsCore/PrebuiltGmsCore.apk!/lib/x86/libgmscore.so: unused DT entry: type 0x7ffffffd arg 0x754
07-06 21:01:34.332 3048-3065/? W/linker: /system/priv-app/PrebuiltGmsCore/PrebuiltGmsCore.apk!/lib/x86/libconscrypt_gmscore_jni.so: unused DT entry: type 0x7ffffffd arg 0x174
07-06 21:01:34.332 3048-3065/? V/JNIHelp: Registering com/google/android/gms/org/conscrypt/NativeCrypto's 242 native methods...
07-06 21:01:34.344 3048-3065/? D/NetworkSecurityConfig: No Network Security Config specified, using platform default
07-06 21:01:34.345 3048-3065/? I/ProviderInstaller: Installed default security provider GmsCore_OpenSSL
07-06 21:01:35.100 1581-1614/? I/InputReader: Reconfiguring input devices.  changes=0x00000010
07-06 21:01:35.104 1743-1743/? D/CarrierSvcBindHelper: No carrier app for: 0
07-06 21:01:35.127 1581-1593/? I/ActivityManager: Start proc 3075:com.android.printspooler/u0a67 for service com.android.printspooler/.model.PrintSpoolerService
07-06 21:01:35.127 3075-3075/? W/art: Unexpected CPU variant for X86 using defaults: x86
07-06 21:01:35.149 2468-2468/? I/GCoreNlp: shouldConfirmNlp, NLP off. Ensuring opt-in disabled
07-06 21:01:36.049 3048-3101/? W/System: ClassLoader referenced unknown path: 
07-06 21:01:36.049 3048-3101/? W/System: ClassLoader referenced unknown path: /system/priv-app/PrebuiltGmsCore/lib/x86
07-06 21:01:36.062 3048-3101/? D/DynamitePackage: Instantiated singleton DynamitePackage.
07-06 21:01:36.062 3048-3101/? D/DynamitePackage: Instantiating com.google.android.gms.ads.adshield.ChimeraAdShieldCreatorImpl
07-06 21:01:36.340 3048-3048/? V/MediaRouter: Adding route: RouteInfo{ name=Phone, description=null, status=null, category=RouteCategory{ name=null types=ROUTE_TYPE_LIVE_AUDIO ROUTE_TYPE_LIVE_VIDEO  groupable=false }, supportedTypes=ROUTE_TYPE_LIVE_AUDIO ROUTE_TYPE_LIVE_VIDEO , presentationDisplay=null }
07-06 21:01:36.344 3048-3048/? V/MediaRouter: Updating audio routes: AudioRoutesInfo{ type=SPEAKER }
07-06 21:01:36.345 3048-3048/? V/MediaRouter: Selecting route: RouteInfo{ name=Phone, description=null, status=null, category=RouteCategory{ name=null types=ROUTE_TYPE_LIVE_AUDIO ROUTE_TYPE_LIVE_VIDEO  groupable=false }, supportedTypes=ROUTE_TYPE_LIVE_AUDIO ROUTE_TYPE_LIVE_VIDEO , presentationDisplay=null }
07-06 21:01:36.405 3048-3060/? W/art: Suspending all threads took: 38.283ms
07-06 21:01:36.593 3048-3101/? W/art: Before Android 4.1, method double java.util.concurrent.ThreadLocalRandom.internalNextDouble(double, double) would have incorrectly overridden the package-private method in java.util.Random
07-06 21:01:36.593 3048-3101/? W/art: Before Android 4.1, method int java.util.concurrent.ThreadLocalRandom.internalNextInt(int, int) would have incorrectly overridden the package-private method in java.util.Random
07-06 21:01:36.593 3048-3101/? W/art: Before Android 4.1, method long java.util.concurrent.ThreadLocalRandom.internalNextLong(long, long) would have incorrectly overridden the package-private method in java.util.Random
07-06 21:01:36.604 3048-3048/? W/InstanceID/Rpc: Found 10013
07-06 21:01:36.623 3048-3060/? W/art: Suspending all threads took: 16.402ms
07-06 21:01:37.168 3141-3141/? W/art: Unexpected CPU variant for X86 using defaults: x86
07-06 21:01:37.176 1581-1898/? I/ActivityManager: Start proc 3141:com.android.settings/1000 for broadcast com.android.settings/.sim.SimSelectNotification
07-06 21:01:37.178 3048-3048/? V/MediaRouter: Selecting route: RouteInfo{ name=Phone, description=null, status=null, category=RouteCategory{ name=null types=ROUTE_TYPE_LIVE_AUDIO ROUTE_TYPE_LIVE_VIDEO  groupable=false }, supportedTypes=ROUTE_TYPE_LIVE_AUDIO ROUTE_TYPE_LIVE_VIDEO , presentationDisplay=null }
07-06 21:01:37.181 3141-3141/? W/System: ClassLoader referenced unknown path: /system/priv-app/Settings/lib/x86
07-06 21:01:37.187 1581-1592/? I/ActivityManager: Killing 2374:com.android.dialer/u0a9 (adj 906): empty #17
07-06 21:01:37.193 3155-3155/? W/art: Unexpected CPU variant for X86 using defaults: x86
07-06 21:01:37.201 1581-1591/? I/ActivityManager: Start proc 3155:com.google.android.music:main/u0a59 for broadcast com.google.android.music/.store.MediaStoreImportService$Receiver
07-06 21:01:37.207 3155-3155/? W/System: ClassLoader referenced unknown path: /system/app/Music2/lib/x86
07-06 21:01:37.210 2414-3168/? I/CheckinChimeraService: Checking schedule, now: 1499389297210 next: 1499380068696
07-06 21:01:37.211 2414-3168/? I/CheckinChimeraService: active receiver: enabled
07-06 21:01:37.211 2414-3168/? I/CheckinChimeraService: Preparing to send checkin request
07-06 21:01:37.212 2414-3168/? I/EventLogChimeraService: Accumulating logs since 1499389286027
07-06 21:01:37.216 3155-3155/? I/MultiDex: VM with version 2.1.0 has multidex support
07-06 21:01:37.216 3155-3155/? I/MultiDex: install
07-06 21:01:37.216 3155-3155/? I/MultiDex: VM has multidex support, MultiDex support library is disabled.
07-06 21:01:37.225 1581-3016/? D/ActivityManager: cleanUpApplicationRecord -- 2374
07-06 21:01:37.231 3155-3155/? I/BaseStore: ConfigStore database version: 1
07-06 21:01:37.237 3155-3155/? I/BaseStore: Store database version: 135
07-06 21:01:37.253 2414-3168/? I/CheckinTask: Get token from PseudonymousIdApi: 107=uxamlc55shpdf7eYomeaW_kHkujcCQ-o62RhPtXZeccB_BNcukTHsSNCF98o0MXTkjqbPIqESRWmwhjxROqV5gPUEBpQcKtDKL5n0Nwq7EURCxXCVhCiGsD_di7qCWUF
07-06 21:01:37.255 2414-3168/? I/CheckinRequestBuilder: Checkin reason type: 18 attempt count: 1
07-06 21:01:37.259 3155-3155/? I/GoogleURLConnFactory: Using platform SSLCertificateSocketFactory
07-06 21:01:37.259 3155-3155/? I/GoogleHttpClient: Using GMS GoogleHttpClient
07-06 21:01:37.259 3155-3155/? D/NetworkSecurityConfig: No Network Security Config specified, using platform default
07-06 21:01:37.260 3155-3155/? I/GHttpClientFactory: Using our fixed implementation of GMSCore's GoogleHttpClient
07-06 21:01:37.261 3155-3155/? I/GoogleURLConnFactory: Using platform SSLCertificateSocketFactory
07-06 21:01:37.267 3155-3155/? D/MusicLifecycle: com.google.android.music.MusicApplication generated event: Application created
07-06 21:01:37.273 3155-3155/? W/System: ClassLoader referenced unknown path: /system/priv-app/PrebuiltGmsCore/lib/x86
07-06 21:01:37.280 3155-3155/? W/linker: /system/priv-app/PrebuiltGmsCore/PrebuiltGmsCore.apk!/lib/x86/libgmscore.so: unused DT entry: type 0x7ffffffd arg 0x754
07-06 21:01:37.283 3155-3155/? W/linker: /system/priv-app/PrebuiltGmsCore/PrebuiltGmsCore.apk!/lib/x86/libconscrypt_gmscore_jni.so: unused DT entry: type 0x7ffffffd arg 0x174
07-06 21:01:37.283 3155-3155/? V/JNIHelp: Registering com/google/android/gms/org/conscrypt/NativeCrypto's 242 native methods...
07-06 21:01:37.291 3155-3155/? I/ProviderInstaller: Installed default security provider GmsCore_OpenSSL
07-06 21:01:37.291 3155-3155/? D/AndroidMusic: GMSCore installation verified
07-06 21:01:37.313 3155-3155/? V/MediaRouter: Adding route: RouteInfo{ name=Phone, description=null, status=null, category=RouteCategory{ name=null types=ROUTE_TYPE_LIVE_AUDIO ROUTE_TYPE_LIVE_VIDEO  groupable=false }, supportedTypes=ROUTE_TYPE_LIVE_AUDIO ROUTE_TYPE_LIVE_VIDEO , presentationDisplay=null }
07-06 21:01:37.314 3155-3155/? V/MediaRouter: Updating audio routes: AudioRoutesInfo{ type=SPEAKER }
07-06 21:01:37.315 3155-3155/? V/MediaRouter: Selecting route: RouteInfo{ name=Phone, description=null, status=null, category=RouteCategory{ name=null types=ROUTE_TYPE_LIVE_AUDIO ROUTE_TYPE_LIVE_VIDEO  groupable=false }, supportedTypes=ROUTE_TYPE_LIVE_AUDIO ROUTE_TYPE_LIVE_VIDEO , presentationDisplay=null }
07-06 21:01:37.317 3155-3155/? I/MediaRouter: Found default route: MediaRouter.RouteInfo{ uniqueId=android/.support.v7.media.SystemMediaRouteProvider:DEFAULT_ROUTE, name=Phone, description=null, iconUri=null, enabled=true, connecting=false, connectionState=0, canDisconnect=false, playbackType=0, playbackStream=3, deviceType=0, volumeHandling=1, volume=11, volumeMax=15, presentationDisplayId=-1, extras=null, settingsIntent=null, providerPackageName=android }
07-06 21:01:37.327 3155-3155/? D/MusicLifecycle: com.google.android.music.store.MediaStoreImportService$Receiver generated event: Broadcast received with context android.app.ReceiverRestrictedContext@5467e26 and intent Intent { act=android.intent.action.MEDIA_SCANNER_STARTED dat=file:///storage/emulated/0 flg=0x10 cmp=com.google.android.music/.store.MediaStoreImportService$Receiver }
07-06 21:01:37.329 3155-3155/? D/MusicLifecycle: com.google.android.music.net.NetworkMonitor generated event: Service created
07-06 21:01:37.329 3155-3155/? I/NetworkMonitor: type=MOBILE subType=LTE reason=connected isConnected=true
07-06 21:01:37.345 3155-3155/? D/MusicLifecycle: com.google.android.music.preferences.MusicPreferenceService$MusicPreferenceServiceBinder generated event: Service created
07-06 21:01:37.347 3155-3155/? D/MusicLifecycle: com.google.android.music.preferences.MusicPreferenceService$MusicPreferenceServiceBinder generated event: Service destroyed
07-06 21:01:37.347 3155-3155/? D/MusicLifecycle: com.google.android.music.preferences.MusicPreferenceService$MusicPreferenceServiceBinder generated event: Service created
07-06 21:01:37.348 3155-3155/? D/MusicLifecycle: com.google.android.music.preferences.MusicPreferenceService$MusicPreferenceServiceBinder generated event: Service destroyed
07-06 21:01:37.348 3155-3155/? D/MusicLifecycle: com.google.android.music.download.cache.StorageMigrationService generated event: Service created
07-06 21:01:37.350 1581-1594/? V/ActivityManager: Attempted to start a foreground service (ComponentInfo{com.google.android.music/com.google.android.music.download.cache.StorageMigrationService}) with a broken notification (no icon: Notification(pri=0 contentView=null vibrate=null sound=null defaults=0x0 flags=0x40 color=0x00000000 vis=PRIVATE))
07-06 21:01:37.354 3155-3155/? D/MusicLifecycle: com.google.android.music.download.artwork.ArtDownloadService generated event: Service created
07-06 21:01:37.364 3155-3155/? V/MediaRouter: Selecting route: RouteInfo{ name=Phone, description=null, status=null, category=RouteCategory{ name=null types=ROUTE_TYPE_LIVE_AUDIO ROUTE_TYPE_LIVE_VIDEO  groupable=false }, supportedTypes=ROUTE_TYPE_LIVE_AUDIO ROUTE_TYPE_LIVE_VIDEO , presentationDisplay=null }
07-06 21:01:37.365 3155-3155/? D/MusicLifecycle: com.google.android.music.store.MediaStoreImportService generated event: Service created
07-06 21:01:37.366 3155-3155/? D/MusicLifecycle: com.google.android.music.store.MediaStoreImportService$Receiver generated event: Broadcast received with context android.app.ReceiverRestrictedContext@5467e26 and intent Intent { act=android.intent.action.MEDIA_SCANNER_FINISHED dat=file:///storage/emulated/0 flg=0x10 cmp=com.google.android.music/.store.MediaStoreImportService$Receiver }
07-06 21:01:37.367 3155-3155/? D/MusicLifecycle: com.google.android.music.preferences.MusicPreferenceService$MusicPreferenceServiceBinder generated event: Service created
07-06 21:01:37.367 3155-3155/? D/MusicLifecycle: com.google.android.music.net.NetworkMonitor$2 generated event: Broadcast received with context com.google.android.music.net.NetworkMonitor@f0d40bd and intent Intent { act=android.net.conn.CONNECTIVITY_CHANGE flg=0x4000010 (has extras) }
07-06 21:01:37.368 3155-3155/? I/NetworkMonitor: type=MOBILE subType=LTE reason=connected isConnected=true
07-06 21:01:37.377 2414-3168/? E/ActivityThread: Failed to find provider info for com.google.android.wearable.settings
07-06 21:01:37.381 3155-3155/? D/MusicLifecycle: com.google.android.music.download.cache.StorageMigrationService generated event: Service destroyed
07-06 21:01:37.384 3191-3191/? W/art: Unexpected CPU variant for X86 using defaults: x86
07-06 21:01:37.391 1581-1591/? I/ActivityManager: Start proc 3191:com.android.gallery3d/u0a49 for broadcast com.android.gallery3d/.app.PackagesMonitor
07-06 21:01:37.579 1581-3016/? W/ActivityManager: Permission Denial: Accessing service ComponentInfo{com.google.android.music/com.google.android.music.dial.DialMediaRouteProviderService} from pid=3048, uid=10073 that is not exported from uid 10059
07-06 21:01:37.579 3048-3048/? W/DnsConfigServic: type=1400 audit(0.0:8): avc: denied { read } for name="/" dev="rootfs" ino=1 scontext=u:r:untrusted_app:s0:c512,c768 tcontext=u:object_r:rootfs:s0 tclass=dir permissive=0
07-06 21:01:37.698 3048-3213/? W/MessageQueue: Handler (android.os.Handler) {8afa569} sending message to a Handler on a dead thread
                                               java.lang.IllegalStateException: Handler (android.os.Handler) {8afa569} sending message to a Handler on a dead thread
                                                   at android.os.MessageQueue.enqueueMessage(MessageQueue.java:543)
                                                   at android.os.Handler.enqueueMessage(Handler.java:643)
                                                   at android.os.Handler.sendMessageAtTime(Handler.java:612)
                                                   at android.os.Handler.sendMessageDelayed(Handler.java:582)
                                                   at android.os.Handler.post(Handler.java:338)
                                                   at nos.b(SourceFile:353)
                                                   at vch.d(SourceFile:298)
                                                   at vch.a(SourceFile:166)
                                                   at vff.run(SourceFile:1431)
                                                   at android.os.Handler.handleCallback(Handler.java:751)
                                                   at android.os.Handler.dispatchMessage(Handler.java:95)
                                                   at android.os.Looper.loop(Looper.java:154)
                                                   at android.os.HandlerThread.run(HandlerThread.java:61)
07-06 21:01:37.698 3048-3213/? W/MessageQueue: Handler (android.os.Handler) {8afa569} sending message to a Handler on a dead thread
                                               java.lang.IllegalStateException: Handler (android.os.Handler) {8afa569} sending message to a Handler on a dead thread
                                                   at android.os.MessageQueue.enqueueMessage(MessageQueue.java:543)
                                                   at android.os.Handler.enqueueMessage(Handler.java:643)
                                                   at android.os.Handler.sendMessageAtTime(Handler.java:612)
                                                   at android.os.Handler.sendMessageDelayed(Handler.java:582)
                                                   at android.os.Handler.post(Handler.java:338)
                                                   at nos.a(SourceFile:332)
                                                   at vch.a(SourceFile:167)
                                                   at vff.run(SourceFile:1431)
                                                   at android.os.Handler.handleCallback(Handler.java:751)
                                                   at android.os.Handler.dispatchMessage(Handler.java:95)
                                                   at android.os.Looper.loop(Looper.java:154)
                                                   at android.os.HandlerThread.run(HandlerThread.java:61)
07-06 21:01:37.817 3155-3189/? I/MediaStoreImporter: Update: incremental Added music: 0 Updated music: 0 Deleted music: 0 Created playlists: 0 Updated playlists: 0 Deleted playlists: 0 Inserted playlist items: 0 Deleted playlist items: 0 Removed orphaned playlist items: 0
07-06 21:01:37.818 3155-3155/? D/MusicLifecycle: com.google.android.music.store.MediaStoreImportService generated event: Service destroyed
07-06 21:01:37.819 1581-1592/? I/ActivityManager: Killing 1885:com.android.deskclock/u0a41 (adj 906): empty #17
07-06 21:01:37.855 1581-1591/? D/ActivityManager: cleanUpApplicationRecord -- 1885
07-06 21:01:38.191 2414-2414/? I/CastSocket: 24 >= 18. Adding new CastClientAuthKeyManager.
07-06 21:01:38.219 1581-1897/? I/ActivityManager: Killing 2401:com.android.managedprovisioning/u0a20 (adj 906): empty #17
07-06 21:01:38.228 2414-2414/? I/CastMediaRouteProvider: in onDiscoveryRequestChanged: request=DiscoveryRequest{ selector=MediaRouteSelector{ controlCategories=[com.google.android.gms.cast.CATEGORY_CAST/233637DE] }, activeScan=false, isValid=true }
07-06 21:01:38.228 2414-2414/? I/CastMediaRouteProvider: Logging initial network connection state.
07-06 21:01:38.231 2414-2414/? I/CastMediaRouteProvider: Network connectivity changed
07-06 21:01:38.285 1581-1592/? D/ActivityManager: cleanUpApplicationRecord -- 2401
07-06 21:01:38.322 2414-2612/? I/DeviceScanner: [MDNS] Filter criteria: 233637DE
07-06 21:01:38.322 2414-2612/? I/DeviceScanner: [MDNS] updateScannerState: No filter criteria was added.
07-06 21:01:38.322 2414-2612/? I/DeviceScanner: [MDNS] updateScannerState: No filter criteria was removed.
07-06 21:01:38.382 1352-1376/? D/WVCdm: Instantiating CDM.
07-06 21:01:38.405 1352-1352/? I/WVCdm: CdmEngine::OpenSession
07-06 21:01:38.406 1352-1352/? I/WVCdm: Level3 Library 4464 Mar 30 2016 13:26:29
07-06 21:01:38.475 2414-2612/? W/MdnsClient_Cast: #acquireLock. Multicast lock not held. Acquiring. Subtypes:"233637DE"
07-06 21:01:38.478 2414-2612/? I/DeviceScanner: [CastNearby] Filter criteria: 233637DE
07-06 21:01:38.478 2414-2612/? I/DeviceScanner: [CastNearby] updateScannerState: No filter criteria was added.
07-06 21:01:38.478 2414-2612/? I/DeviceScanner: [CastNearby] updateScannerState: No filter criteria was removed.
07-06 21:01:38.499 1352-1352/? W/WVCdm: Could not load liboemcrypto.so. Falling back to L3.  dlopen failed: library "liboemcrypto.so" not found
07-06 21:01:38.552 1352-1352/? I/WVCdm: CdmEngine::QueryKeyControlInfo
07-06 21:01:38.557 1352-3231/? I/WVCdm: CdmEngine::OpenSession
07-06 21:01:38.559 1352-3231/? I/WVCdm: CdmEngine::QueryKeyControlInfo
07-06 21:01:38.559 1352-1352/? I/WVCdm: CdmEngine::GenerateKeyRequest
07-06 21:01:38.559 1352-1352/? D/WVCdm: PrepareKeyRequest: nonce=736200422
07-06 21:01:38.610 3238-3238/? W/art: Unexpected CPU variant for X86 using defaults: x86
07-06 21:01:38.617 1581-3016/? I/ActivityManager: Start proc 3238:com.android.keychain/1000 for broadcast com.android.keychain/.KeyChainBroadcastReceiver
07-06 21:01:38.618 1352-3231/? I/WVCdm: CdmEngine::GenerateKeyRequest
07-06 21:01:38.618 1352-3231/? D/WVCdm: PrepareKeyRequest: nonce=2853016412
07-06 21:01:38.622 3238-3238/? W/System: ClassLoader referenced unknown path: /system/app/KeyChain/lib/x86
07-06 21:01:38.625 3238-3238/? W/ContextImpl: Calling a method in the system process without a qualified user: android.app.ContextImpl.startService:1385 android.content.ContextWrapper.startService:613 android.content.ContextWrapper.startService:613 com.android.keychain.KeyChainBroadcastReceiver.onReceive:12 android.app.ActivityThread.handleReceiver:3011 
07-06 21:01:38.634 3254-3254/? W/art: Unexpected CPU variant for X86 using defaults: x86
07-06 21:01:38.641 1581-1897/? I/ActivityManager: Start proc 3254:com.google.android.apps.docs/u0a43 for broadcast com.google.android.apps.docs/.receivers.AppPackageAddRemoveReceiver
07-06 21:01:38.645 2967-2967/? D/Babel: RefCountedService(com.google.android.apps.hangouts.requestwriter.RequestWriter) onDestroy (count=0, startId=1 stopped=true)
07-06 21:01:38.646 1581-1591/? I/ActivityManager: Killing 2525:com.google.android.apps.maps/u0a58 (adj 906): empty #17
07-06 21:01:38.657 1581-1898/? I/ActivityManager: Killing 2568:com.google.android.apps.messaging/u0a65 (adj 906): empty #17
07-06 21:01:38.665 1581-1897/? D/ActivityManager: cleanUpApplicationRecord -- 2525
07-06 21:01:38.669 1352-1376/? I/WVCdm: CdmEngine::CloseSession
07-06 21:01:38.670 1352-3232/? I/WVCdm: CdmEngine::CloseSession
07-06 21:01:38.659 2793-2793/? W/Binder:2793_2: type=1400 audit(0.0:9): avc: denied { read } for name="/" dev="tmpfs" ino=3154 scontext=u:r:priv_app:s0:c512,c768 tcontext=u:object_r:device:s0 tclass=dir permissive=0
07-06 21:01:38.675 1581-3016/? D/ActivityManager: cleanUpApplicationRecord -- 2568
07-06 21:01:38.689 3254-3254/? W/System: ClassLoader referenced unknown path: /system/app/Drive/lib/x86
07-06 21:01:38.897 3269-3269/? W/dex2oat: Unexpected CPU variant for X86 using defaults: x86
07-06 21:01:38.897 3269-3269/? W/dex2oat: Mismatch between dex2oat instruction set features (ISA: X86 Feature string: smp,-ssse3,-sse4.1,-sse4.2,-avx,-avx2,-lock_add,-popcnt) and those of dex2oat executable (ISA: X86 Feature string: smp,ssse3,-sse4.1,-sse4.2,-avx,-avx2,-lock_add,-popcnt) for the command line:
07-06 21:01:38.897 3269-3269/? W/dex2oat: /system/bin/dex2oat --runtime-arg -classpath --runtime-arg & --instruction-set=x86 --instruction-set-features=smp,ssse3,-sse4.1,-sse4.2,-avx,-avx2,-lock_add,-popcnt --runtime-arg -Xrelocate --boot-image=/system/framework/boot.art --runtime-arg -Xms64m --runtime-arg -Xmx512m --instruction-set-variant=x86 --instruction-set-features=default --dex-file=/data/user/0/com.google.android.gms/app_fb/f.apk --oat-fd=51 --oat-location=/data/user/0/com.google.android.gms/app_fb/f.dex --compiler-filter=speed
07-06 21:01:38.897 3269-3269/? I/dex2oat: /system/bin/dex2oat --dex-file=/data/user/0/com.google.android.gms/app_fb/f.apk --oat-fd=51 --oat-location=/data/user/0/com.google.android.gms/app_fb/f.dex --compiler-filter=speed
07-06 21:01:38.917 3269-3269/? I/dex2oat: dex2oat took 20.472ms (threads: 2) arena alloc=323KB (331648B) java alloc=76KB (78168B) native alloc=952KB (975608B) free=2MB (2170120B)
07-06 21:01:38.918 2793-2805/? W/System: ClassLoader referenced unknown path: 
                                         
                                         [ 07-06 21:01:38.921  2793: 2805 D/         ]
                                         HostConnection::get() New Host Connection established 0x9f99dec0, tid 2805
                                         
                                         
                                         [ 07-06 21:01:38.921  2793: 2805 W/         ]
                                         Unrecognized GLES max version string in extensions: ANDROID_EMU_CHECKSUM_HELPER_v1 ANDROID_EMU_dma_v1 
07-06 21:01:38.923 2793-2805/? D/EGL_emulation: eglCreateContext: 0x9f98ca00: maj 2 min 0 rcv 2
07-06 21:01:38.981 2793-2805/? D/EGL_emulation: eglMakeCurrent: 0x9f98ca00: ver 2 0 (tinfo 0xa43ee860)
07-06 21:01:39.076 2793-2805/? D/EGL_emulation: eglCreateContext: 0x9f98ce80: maj 2 min 0 rcv 2
07-06 21:01:39.088 2793-2805/? D/EGL_emulation: eglMakeCurrent: 0x9f98ce80: ver 2 0 (tinfo 0xa43ee860)
07-06 21:01:39.170 2414-3168/? I/CheckinUtil: Classify the device as Phone.
07-06 21:01:39.190 2414-3168/? I/CheckinTask: set cookie as: NID=107=uxamlc55shpdf7eYomeaW_kHkujcCQ-o62RhPtXZeccB_BNcukTHsSNCF98o0MXTkjqbPIqESRWmwhjxROqV5gPUEBpQcKtDKL5n0Nwq7EURCxXCVhCiGsD_di7qCWUF
07-06 21:01:39.257 2414-3168/? W/Conscrypt: Could not set socket write timeout: null
07-06 21:01:39.306 2414-3168/? W/Conscrypt: Could not set socket write timeout: null
07-06 21:01:39.318 2414-3168/? I/CheckinTask: Sending checkin request (14540 bytes)
07-06 21:01:39.572 2414-3168/? I/CheckinResponseProcessor: From server: 1 gservices updates and 1 deletes
07-06 21:01:39.628 2287-2299/? I/GservicesProvider: main difference update completed
07-06 21:01:39.632 2468-2468/? I/Process: Sending signal. PID: 2468 SIG: 9
07-06 21:01:39.632 2414-3168/? I/CheckinRequestBuilder: Checkin reason type: 18 attempt count: 1
07-06 21:01:39.634 2414-3168/? E/ActivityThread: Failed to find provider info for com.google.android.wearable.settings
07-06 21:01:39.643 2870-2870/? I/Process: Sending signal. PID: 2870 SIG: 9
07-06 21:01:39.643 2793-2793/? I/Process: Sending signal. PID: 2793 SIG: 9
07-06 21:01:39.645 2414-2414/? I/Process: Sending signal. PID: 2414 SIG: 9
07-06 21:01:39.653 1581-3016/? E/WifiService: Multicaster binderDied
07-06 21:01:39.654 1581-1591/? I/ActivityManager: Process com.google.android.gms.ui (pid 2870) has died
07-06 21:01:39.654 1581-1591/? D/ActivityManager: cleanUpApplicationRecord -- 2870
07-06 21:01:39.655 1581-3016/? I/ActivityManager: Process com.google.android.gms (pid 2414) has died
07-06 21:01:39.655 1581-3016/? D/ActivityManager: cleanUpApplicationRecord -- 2414
07-06 21:01:39.655 1300-1300/? E/lowmemorykiller: Error writing /proc/2468/oom_score_adj; errno=22
07-06 21:01:39.656 1300-1300/? E/lowmemorykiller: Error writing /proc/2793/oom_score_adj; errno=22
07-06 21:01:39.656 1581-3016/? W/ActivityManager: Exception when unbinding service com.google.android.gms/.droidguard.DroidGuardService
                                                  android.os.DeadObjectException
                                                      at android.os.BinderProxy.transactNative(Native Method)
                                                      at android.os.BinderProxy.transact(Binder.java:615)
                                                      at android.app.ApplicationThreadProxy.scheduleUnbindService(ApplicationThreadNative.java:1014)
                                                      at com.android.server.am.ActiveServices.removeConnectionLocked(ActiveServices.java:2154)
                                                      at com.android.server.am.ActiveServices.killServicesLocked(ActiveServices.java:2530)
                                                      at com.android.server.am.ActivityManagerService.cleanUpApplicationRecordLocked(ActivityManagerService.java:16783)
                                                      at com.android.server.am.ActivityManagerService.handleAppDiedLocked(ActivityManagerService.java:5044)
                                                      at com.android.server.am.ActivityManagerService.appDiedLocked(ActivityManagerService.java:5207)
                                                      at com.android.server.am.ActivityManagerService$AppDeathRecipient.binderDied(ActivityManagerService.java:1460)
                                                      at android.os.BinderProxy.sendDeathNotice(Binder.java:688)
07-06 21:01:39.656 1300-1300/? E/lowmemorykiller: Error writing /proc/2793/oom_score_adj; errno=22
07-06 21:01:39.656 1581-3016/? W/ActivityManager: Scheduling restart of crashed service com.google.android.gms/.gass.GassService in 1000ms
07-06 21:01:39.656 1581-3016/? W/ActivityManager: Scheduling restart of crashed service com.google.android.gms/.analytics.service.AnalyticsService in 11000ms
07-06 21:01:39.656 1581-3016/? W/ActivityManager: Scheduling restart of crashed service com.google.android.gms/.update.SystemUpdateService in 21000ms
07-06 21:01:39.656 1581-3016/? W/ActivityManager: Scheduling restart of crashed service com.google.android.gms/.cast.service.CastDeviceScannerIntentService in 31000ms
07-06 21:01:39.656 1581-3016/? W/ActivityManager: Scheduling restart of crashed service com.google.android.gms/.ads.identifier.service.AdvertisingIdService in 31000ms
07-06 21:01:39.656 1581-3016/? W/ActivityManager: Scheduling restart of crashed service com.google.android.gms/.checkin.CheckinService in 41000ms
07-06 21:01:39.656 1581-3016/? W/ActivityManager: Scheduling restart of crashed service com.google.android.gms/.cast.media.CastMediaRouteProviderService in 51000ms
07-06 21:01:39.657 1581-1897/? I/ActivityManager: Process com.google.android.gms.unstable (pid 2793) has died
07-06 21:01:39.657 1581-1897/? D/ActivityManager: cleanUpApplicationRecord -- 2793
07-06 21:01:39.698 1581-3016/? D/GnssStatusListenerHelper: Remote Listener died: android.location.IGnssStatusListener$Stub$Proxy@6048d74
07-06 21:01:39.698 1581-3016/? I/ActivityManager: Process com.google.android.gms.persistent (pid 2468) has died
07-06 21:01:39.698 1581-3016/? D/ActivityManager: cleanUpApplicationRecord -- 2468
07-06 21:01:39.698 1581-3016/? W/ActivityManager: Scheduling restart of crashed service com.google.android.gms/com.google.android.location.geocode.GeocodeService in 60958ms
07-06 21:01:39.698 1581-3016/? W/ActivityManager: Scheduling restart of crashed service com.google.android.gms/.nearby.discovery.service.DiscoveryService in 70958ms
07-06 21:01:39.698 1581-3016/? W/ActivityManager: Scheduling restart of crashed service com.google.android.gms/.auth.setup.devicesignals.LockScreenService in 70958ms
07-06 21:01:39.698 1581-3016/? W/ActivityManager: Scheduling restart of crashed service com.google.android.gms/.backup.BackupTransportService in 80958ms
07-06 21:01:39.698 1581-3016/? W/ActivityManager: Scheduling restart of crashed service com.google.android.gms/com.google.android.location.network.NetworkLocationService in 90958ms
07-06 21:01:39.698 1581-3016/? W/ActivityManager: Scheduling restart of crashed service com.google.android.gms/.clearcut.service.ClearcutLoggerService in 100958ms
07-06 21:01:39.698 1581-3016/? W/ActivityManager: Scheduling restart of crashed service com.google.android.gms/com.google.android.location.fused.FusedLocationService in 110958ms
07-06 21:01:39.698 1581-3016/? W/ActivityManager: Scheduling restart of crashed service com.google.android.gms/com.google.android.location.geofencer.service.GeofenceProviderService in 120958ms
