07-06 21:01:07.739 2568-2605/? I/BugleDataModel: ExpireWapPushSiMessageAction
07-06 21:01:07.760 2568-2605/? V/BugleDataModel: getOrCreateThreadId uri: content://mms-sms/threadID?recipient=%CA%BCWAP_PUSH_SI!%CA%BC
07-06 21:01:07.806 2257-2317/org.hear2read.Gujarati V/Flite_Native_JNI_Service: TtsSynthDoneCallback
07-06 21:01:07.810 2568-2583/? W/Bugle: canonicalizeMccMnc: invalid mccmnc:null ,null
07-06 21:01:07.813 1581-1591/? D/MmsServiceBroker: getCarrierConfigValues() by com.google.android.apps.messaging
07-06 21:01:07.813 1581-1591/? W/MmsServiceBroker: MmsService not connected. Try connecting...
07-06 21:01:07.813 1581-1581/? I/MmsServiceBroker: Connecting to MmsService
07-06 21:01:07.813 1581-1581/? W/ContextImpl: Calling a method in the system process without a qualified user: android.app.ContextImpl.bindService:1449 com.android.server.MmsServiceBroker.tryConnecting:241 com.android.server.MmsServiceBroker.-wrap3:-1 com.android.server.MmsServiceBroker$1.handleMessage:83 android.os.Handler.dispatchMessage:102 
07-06 21:01:07.824 2568-2605/? W/BugleDataModel: ExpireWapPushSiMessageAction: no WAP Push SI messages
07-06 21:01:07.902 2257-2317/org.hear2read.Gujarati V/Flite_Native_JNI_Service: TtsSynthDoneCallback
07-06 21:01:08.004 1743-1743/? W/System: ClassLoader referenced unknown path: /system/priv-app/MmsService/lib/x86
07-06 21:01:08.027 1743-1743/? D/MmsService: onCreate
07-06 21:01:08.040 1581-1581/? I/MmsServiceBroker: MmsService connected
07-06 21:01:08.040 1743-1754/? D/MmsService: getCarrierConfigValues
07-06 21:01:08.040 1743-1754/? I/MmsService: mms config for sub 1: null
07-06 21:01:08.040 1743-1743/? I/MmsService: MmsConfigManager receiver action: android.intent.action.SIM_STATE_CHANGED
07-06 21:01:08.040 2568-2583/? I/Bugle: Carrier configs loaded: Bundle[{spamForwardingNumber=7726, maxImageHeight=1944, maxMessageSize=1048576, maxImageWidth=2592}] from resources+system for subId=1
07-06 21:01:08.040 1743-1743/? I/MmsService: MmsConfigManager receiver action: android.telephony.action.CARRIER_CONFIG_CHANGED
07-06 21:01:08.040 1743-2609/? I/MmsService: MmsConfigManager loads in background mcc/mnc: 310/260
07-06 21:01:08.041 1743-2607/? I/MmsService: MmsConfigManager loads in background mcc/mnc: 310/260
07-06 21:01:08.043 1743-2608/? I/MmsService: MmsConfigManager loads in background mcc/mnc: 310/260
07-06 21:01:08.051 2568-2587/? W/Bugle: canonicalizeMccMnc: invalid mccmnc:null ,null
07-06 21:01:08.052 1581-1898/? D/MmsServiceBroker: getCarrierConfigValues() by com.google.android.apps.messaging
07-06 21:01:08.052 1743-1905/? D/MmsService: getCarrierConfigValues
07-06 21:01:08.052 1743-1905/? I/MmsService: mms config for sub 1: Bundle[{httpSocketTimeout=60000, aliasMinChars=2, smsToMmsTextThreshold=-1, enableSMSDeliveryReports=true, maxMessageTextSize=-1, supportMmsContentDisposition=true, enabledTransID=false, aliasEnabled=false, supportHttpCharsetHeader=false, allowAttachAudio=true, smsToMmsTextLengthThreshold=-1, recipientLimit=2147483647, uaProfTagName=x-wap-profile, aliasMaxChars=48, maxImageHeight=1944, enableMMSDeliveryReports=false, userAgent=, config_cellBroadcastAppLinks=true, maxSubjectLength=40, httpParams=, enableGroupMms=true, emailGatewayNumber=, maxMessageSize=1048576, naiSuffix=, enableMMSReadReports=false, maxImageWidth=2592, uaProfUrl=, enabledMMS=false, enabledNotifyWapMMSC=false, sendMultipartSmsAsSeparateMessages=false, enableMultipartSMS=true}]
07-06 21:01:08.053 2568-2587/? I/Bugle: Carrier configs loaded: Bundle[{httpSocketTimeout=60000, aliasMinChars=2, smsToMmsTextThreshold=-1, enableSMSDeliveryReports=true, maxMessageTextSize=-1, supportMmsContentDisposition=true, enabledTransID=false, aliasEnabled=false, supportHttpCharsetHeader=false, allowAttachAudio=true, spamForwardingNumber=7726, smsToMmsTextLengthThreshold=-1, recipientLimit=2147483647, uaProfTagName=x-wap-profile, aliasMaxChars=48, maxImageHeight=1944, enableMMSDeliveryReports=false, userAgent=, config_cellBroadcastAppLinks=true, maxSubjectLength=40, httpParams=, enableGroupMms=true, emailGatewayNumber=, maxMessageSize=1048576, naiSuffix=, enableMMSReadReports=false, maxImageWidth=2592, uaProfUrl=, enabledMMS=false, enabledNotifyWapMMSC=false, sendMultipartSmsAsSeparateMessages=false, enableMultipartSMS=true}] from resources+system for subId=1
07-06 21:01:08.095 2257-2317/org.hear2read.Gujarati V/Flite_Native_JNI_Service: TtsSynthDoneCallback
07-06 21:01:08.191 2257-2317/org.hear2read.Gujarati V/Flite_Native_JNI_Service: TtsSynthDoneCallback
07-06 21:01:08.243 2568-2578/? W/art: Suspending all threads took: 18.753ms
07-06 21:01:08.283 1581-2065/? D/CountryDetector: The first listener is added
07-06 21:01:08.287 2257-2317/org.hear2read.Gujarati V/Flite_Native_JNI_Service: TtsSynthDoneCallback
07-06 21:01:08.331 2568-2578/? W/art: Suspending all threads took: 22.792ms
07-06 21:01:08.416 2568-2583/? W/Bugle: canonicalizeMccMnc: invalid mccmnc:null ,null
07-06 21:01:08.418 1581-1592/? D/MmsServiceBroker: getCarrierConfigValues() by com.google.android.apps.messaging
07-06 21:01:08.418 1743-1755/? D/MmsService: getCarrierConfigValues
07-06 21:01:08.418 1743-1755/? I/MmsService: mms config for sub 1: Bundle[{httpSocketTimeout=60000, aliasMinChars=2, smsToMmsTextThreshold=-1, enableSMSDeliveryReports=true, maxMessageTextSize=-1, supportMmsContentDisposition=true, enabledTransID=false, aliasEnabled=false, supportHttpCharsetHeader=false, allowAttachAudio=true, smsToMmsTextLengthThreshold=-1, recipientLimit=2147483647, uaProfTagName=x-wap-profile, aliasMaxChars=48, maxImageHeight=1944, enableMMSDeliveryReports=false, userAgent=, config_cellBroadcastAppLinks=true, maxSubjectLength=40, httpParams=, enableGroupMms=true, emailGatewayNumber=, maxMessageSize=1048576, naiSuffix=, enableMMSReadReports=false, maxImageWidth=2592, uaProfUrl=, enabledMMS=false, enabledNotifyWapMMSC=false, sendMultipartSmsAsSeparateMessages=false, enableMultipartSMS=true}]
07-06 21:01:08.418 2568-2583/? I/Bugle: Carrier configs loaded: Bundle[{httpSocketTimeout=60000, aliasMinChars=2, smsToMmsTextThreshold=-1, enableSMSDeliveryReports=true, maxMessageTextSize=-1, supportMmsContentDisposition=true, enabledTransID=false, aliasEnabled=false, supportHttpCharsetHeader=false, allowAttachAudio=true, spamForwardingNumber=7726, smsToMmsTextLengthThreshold=-1, recipientLimit=2147483647, uaProfTagName=x-wap-profile, aliasMaxChars=48, maxImageHeight=1944, enableMMSDeliveryReports=false, userAgent=, config_cellBroadcastAppLinks=true, maxSubjectLength=40, httpParams=, enableGroupMms=true, emailGatewayNumber=, maxMessageSize=1048576, naiSuffix=, enableMMSReadReports=false, maxImageWidth=2592, uaProfUrl=, enabledMMS=false, enabledNotifyWapMMSC=false, sendMultipartSmsAsSeparateMessages=false, enableMultipartSMS=true}] from resources+system for subId=1
07-06 21:01:08.485 2257-2317/org.hear2read.Gujarati V/Flite_Native_JNI_Service: TtsSynthDoneCallback
07-06 21:01:08.574 2257-2317/org.hear2read.Gujarati V/Flite_Native_JNI_Service: TtsSynthDoneCallback
07-06 21:01:08.670 2257-2317/org.hear2read.Gujarati V/Flite_Native_JNI_Service: TtsSynthDoneCallback
07-06 21:01:08.810 2414-2425/? W/System: ClassLoader referenced unknown path: 
07-06 21:01:08.810 2414-2425/? W/System: ClassLoader referenced unknown path: /system/priv-app/PrebuiltGmsCore/lib/x86
07-06 21:01:08.811 2414-2425/? I/DynamiteModule: Considering local module com.google.android.gms.googlecertificates:2 and remote module com.google.android.gms.googlecertificates:2
07-06 21:01:08.811 2414-2425/? I/DynamiteModule: Selected remote version of com.google.android.gms.googlecertificates, version >= 2
07-06 21:01:08.862 2257-2317/org.hear2read.Gujarati V/Flite_Native_JNI_Service: TtsSynthDoneCallback
07-06 21:01:08.925 2414-2612/? I/Icing: Storage manager: low false usage 37.68MB avail 597.84MB capacity 774.89MB
07-06 21:01:08.958 2257-2317/org.hear2read.Gujarati V/Flite_Native_JNI_Service: TtsSynthDoneCallback
07-06 21:01:09.054 2257-2317/org.hear2read.Gujarati V/Flite_Native_JNI_Service: TtsSynthDoneCallback
07-06 21:01:09.246 2257-2317/org.hear2read.Gujarati V/Flite_Native_JNI_Service: TtsSynthDoneCallback
07-06 21:01:09.342 2257-2317/org.hear2read.Gujarati V/Flite_Native_JNI_Service: TtsSynthDoneCallback
07-06 21:01:09.438 2257-2317/org.hear2read.Gujarati V/Flite_Native_JNI_Service: TtsSynthDoneCallback
07-06 21:01:09.513 2414-2424/? W/art: Suspending all threads took: 23.181ms
07-06 21:01:09.630 2257-2317/org.hear2read.Gujarati V/Flite_Native_JNI_Service: TtsSynthDoneCallback
07-06 21:01:09.726 2257-2317/org.hear2read.Gujarati V/Flite_Native_JNI_Service: TtsSynthDoneCallback
07-06 21:01:09.741 2414-2612/? E/Icing: street name for address is empty or is not existed. 
07-06 21:01:09.742 2414-2612/? E/Icing: Opening file  for read failed: No such file or directory
07-06 21:01:09.742 2414-2612/? E/Icing: Unable to open file . 
07-06 21:01:09.742 2414-2612/? E/Icing: WordsMap was not properly initialized
07-06 21:01:09.918 2257-2317/org.hear2read.Gujarati V/Flite_Native_JNI_Service: TtsSynthDoneCallback
07-06 21:01:10.014 2257-2317/org.hear2read.Gujarati V/Flite_Native_JNI_Service: TtsSynthDoneCallback
07-06 21:01:10.084 2414-2631/? W/IcingInternalCorpora: getNumBytesRead when not calculated.
07-06 21:01:10.111 2257-2317/org.hear2read.Gujarati V/Flite_Native_JNI_Service: TtsSynthDoneCallback
07-06 21:01:10.302 2257-2317/org.hear2read.Gujarati V/Flite_Native_JNI_Service: TtsSynthDoneCallback
07-06 21:01:10.399 2257-2317/org.hear2read.Gujarati V/Flite_Native_JNI_Service: TtsSynthDoneCallback
07-06 21:01:10.494 2257-2317/org.hear2read.Gujarati V/Flite_Native_JNI_Service: TtsSynthDoneCallback
07-06 21:01:10.686 2257-2317/org.hear2read.Gujarati V/Flite_Native_JNI_Service: TtsSynthDoneCallback
07-06 21:01:10.782 2257-2317/org.hear2read.Gujarati V/Flite_Native_JNI_Service: TtsSynthDoneCallback
07-06 21:01:10.878 2257-2317/org.hear2read.Gujarati V/Flite_Native_JNI_Service: TtsSynthDoneCallback
07-06 21:01:11.071 2257-2317/org.hear2read.Gujarati V/Flite_Native_JNI_Service: TtsSynthDoneCallback
07-06 21:01:11.166 2257-2317/org.hear2read.Gujarati V/Flite_Native_JNI_Service: TtsSynthDoneCallback
07-06 21:01:11.262 2257-2317/org.hear2read.Gujarati V/Flite_Native_JNI_Service: TtsSynthDoneCallback
07-06 21:01:11.454 2257-2317/org.hear2read.Gujarati V/Flite_Native_JNI_Service: TtsSynthDoneCallback
07-06 21:01:11.550 2257-2317/org.hear2read.Gujarati V/Flite_Native_JNI_Service: TtsSynthDoneCallback
07-06 21:01:11.646 2257-2317/org.hear2read.Gujarati V/Flite_Native_JNI_Service: TtsSynthDoneCallback
07-06 21:01:11.838 2257-2317/org.hear2read.Gujarati V/Flite_Native_JNI_Service: TtsSynthDoneCallback
07-06 21:01:11.935 2257-2317/org.hear2read.Gujarati V/Flite_Native_JNI_Service: TtsSynthDoneCallback
07-06 21:01:12.126 2257-2317/org.hear2read.Gujarati V/Flite_Native_JNI_Service: TtsSynthDoneCallback
07-06 21:01:12.222 2257-2317/org.hear2read.Gujarati V/Flite_Native_JNI_Service: TtsSynthDoneCallback
07-06 21:01:12.318 2257-2317/org.hear2read.Gujarati V/Flite_Native_JNI_Service: TtsSynthDoneCallback
07-06 21:01:12.741 2257-2317/org.hear2read.Gujarati V/Flite_Native_JNI_Service: TtsSynthDoneCallback
07-06 21:01:12.743 2257-2317/org.hear2read.Gujarati V/Flite_Native_JNI_Service: TtsSynthDoneCallback
07-06 21:01:12.745 2257-2317/org.hear2read.Gujarati V/Flite_Native_JNI_Service: TtsSynthDoneCallback
07-06 21:01:12.747 2257-2317/org.hear2read.Gujarati V/Flite_Native_JNI_Service: TtsSynthDoneCallback
07-06 21:01:12.769 2588-2598/? W/art: Suspending all threads took: 274.090ms
07-06 21:01:12.894 2257-2317/org.hear2read.Gujarati V/Flite_Native_JNI_Service: TtsSynthDoneCallback
07-06 21:01:13.086 2257-2317/org.hear2read.Gujarati V/Flite_Native_JNI_Service: TtsSynthDoneCallback
07-06 21:01:13.182 2257-2317/org.hear2read.Gujarati V/Flite_Native_JNI_Service: TtsSynthDoneCallback
07-06 21:01:13.374 2257-2317/org.hear2read.Gujarati V/Flite_Native_JNI_Service: TtsSynthDoneCallback
07-06 21:01:13.470 2257-2317/org.hear2read.Gujarati V/Flite_Native_JNI_Service: TtsSynthDoneCallback
07-06 21:01:13.566 2257-2317/org.hear2read.Gujarati V/Flite_Native_JNI_Service: TtsSynthDoneCallback
07-06 21:01:13.758 2257-2317/org.hear2read.Gujarati V/Flite_Native_JNI_Service: TtsSynthDoneCallback
07-06 21:01:13.854 2257-2317/org.hear2read.Gujarati V/Flite_Native_JNI_Service: TtsSynthDoneCallback
07-06 21:01:13.925 2414-2612/? I/Icing: MaintenanceDriver: Registering all GCM Tasks.
07-06 21:01:14.046 2257-2317/org.hear2read.Gujarati V/Flite_Native_JNI_Service: TtsSynthDoneCallback
07-06 21:01:14.098 2414-2612/? W/InstanceID/Rpc: Found 10013
07-06 21:01:14.103 2414-2612/? I/Icing: updateResources: need to parse snt{com.google.android.gms}
07-06 21:01:14.142 2257-2317/org.hear2read.Gujarati V/Flite_Native_JNI_Service: TtsSynthDoneCallback
07-06 21:01:14.238 2257-2317/org.hear2read.Gujarati V/Flite_Native_JNI_Service: TtsSynthDoneCallback
07-06 21:01:14.332 2414-2612/? I/Icing: Internal init done: storage state 0
07-06 21:01:14.430 2257-2317/org.hear2read.Gujarati V/Flite_Native_JNI_Service: TtsSynthDoneCallback
07-06 21:01:14.453 2414-2612/? I/Icing: Post-init done
07-06 21:01:14.523 2414-2612/? I/Icing: Usage reports 0 indexed 0 rejected 0 imm upload false
07-06 21:01:14.526 2257-2317/org.hear2read.Gujarati V/Flite_Native_JNI_Service: TtsSynthDoneCallback
07-06 21:01:14.526 2414-2612/? I/Icing: Usage reports 0 indexed 0 rejected 0 imm upload false
07-06 21:01:14.528 2414-2612/? I/Icing: Usage reports 0 indexed 0 rejected 0 imm upload false
07-06 21:01:14.530 2414-2612/? I/Icing: Usage reports 0 indexed 0 rejected 0 imm upload false
07-06 21:01:14.532 2414-2612/? I/Icing: Usage reports 0 indexed 0 rejected 0 imm upload false
07-06 21:01:14.533 2414-2612/? I/Icing: Usage reports 0 indexed 0 rejected 0 imm upload false
07-06 21:01:14.623 2257-2317/org.hear2read.Gujarati V/Flite_Native_JNI_Service: TtsSynthDoneCallback
07-06 21:01:14.814 2257-2317/org.hear2read.Gujarati V/Flite_Native_JNI_Service: TtsSynthDoneCallback
07-06 21:01:14.910 2257-2317/org.hear2read.Gujarati V/Flite_Native_JNI_Service: TtsSynthDoneCallback
07-06 21:01:15.006 2257-2317/org.hear2read.Gujarati V/Flite_Native_JNI_Service: TtsSynthDoneCallback
07-06 21:01:15.198 2257-2317/org.hear2read.Gujarati V/Flite_Native_JNI_Service: TtsSynthDoneCallback
07-06 21:01:15.294 2257-2317/org.hear2read.Gujarati V/Flite_Native_JNI_Service: TtsSynthDoneCallback
07-06 21:01:15.390 2257-2317/org.hear2read.Gujarati V/Flite_Native_JNI_Service: TtsSynthDoneCallback
07-06 21:01:15.544 2588-2588/? W/TrustedPartners: no provider found for com.motorola.camera.provider.bestshotprovider.BestShotProvider; do not trust
07-06 21:01:15.544 2588-2588/? W/TrustedPartners: no provider found for com.google.android.apps.photos.api.SpecialTypesProvider; do not trust
07-06 21:01:15.544 2588-2588/? W/TrustedPartners: no provider found for com.lge.photos.specialtypeprovider; do not trust
07-06 21:01:15.549 2656-2656/? W/art: Unexpected CPU variant for X86 using defaults: x86
07-06 21:01:15.556 1581-2065/? I/ActivityManager: Start proc 2656:com.google.android.apps.photos:CameraShortcut/u0a63 for service com.google.android.apps.photos/.camerashortcut.CameraShortcutServiceImpl
07-06 21:01:15.565 2656-2656/? W/System: ClassLoader referenced unknown path: /system/app/Photos/lib/x86
07-06 21:01:15.585 2257-2317/org.hear2read.Gujarati V/Flite_Native_JNI_Service: TtsSynthDoneCallback
07-06 21:01:15.609 2656-2656/? W/TrustedPartners: no provider found for com.motorola.camera.provider.bestshotprovider.BestShotProvider; do not trust
07-06 21:01:15.610 2656-2656/? W/TrustedPartners: no provider found for com.google.android.apps.photos.api.SpecialTypesProvider; do not trust
07-06 21:01:15.610 2656-2656/? W/TrustedPartners: no provider found for com.lge.photos.specialtypeprovider; do not trust
07-06 21:01:15.613 1581-2065/? I/ActivityManager: Killing 1861:com.android.cellbroadcastreceiver/u0a4 (adj 906): empty #17
07-06 21:01:15.646 2676-2676/? W/art: Unexpected CPU variant for X86 using defaults: x86
07-06 21:01:15.653 1581-1638/? I/ActivityManager: Start proc 2676:com.google.android.calendar/u0a33 for broadcast com.google.android.calendar/com.android.calendar.alerts.AlertReceiver
07-06 21:01:15.653 1581-2065/? D/ActivityManager: cleanUpApplicationRecord -- 1861
07-06 21:01:15.678 2257-2317/org.hear2read.Gujarati V/Flite_Native_JNI_Service: TtsSynthDoneCallback
07-06 21:01:15.700 2676-2676/? W/System: ClassLoader referenced unknown path: /system/app/CalendarGooglePrebuilt/lib/x86
07-06 21:01:15.870 2257-2317/org.hear2read.Gujarati V/Flite_Native_JNI_Service: TtsSynthDoneCallback
07-06 21:01:15.966 2257-2317/org.hear2read.Gujarati V/Flite_Native_JNI_Service: TtsSynthDoneCallback
07-06 21:01:16.062 2257-2317/org.hear2read.Gujarati V/Flite_Native_JNI_Service: TtsSynthDoneCallback
07-06 21:01:16.254 2257-2317/org.hear2read.Gujarati V/Flite_Native_JNI_Service: TtsSynthDoneCallback
07-06 21:01:16.350 2257-2317/org.hear2read.Gujarati V/Flite_Native_JNI_Service: TtsSynthDoneCallback
07-06 21:01:16.446 2257-2317/org.hear2read.Gujarati V/Flite_Native_JNI_Service: TtsSynthDoneCallback
07-06 21:01:16.491 2468-2480/? W/art: Before Android 4.1, method double java.util.concurrent.ThreadLocalRandom.internalNextDouble(double, double) would have incorrectly overridden the package-private method in java.util.Random
07-06 21:01:16.491 2468-2480/? W/art: Before Android 4.1, method int java.util.concurrent.ThreadLocalRandom.internalNextInt(int, int) would have incorrectly overridden the package-private method in java.util.Random
07-06 21:01:16.491 2468-2480/? W/art: Before Android 4.1, method long java.util.concurrent.ThreadLocalRandom.internalNextLong(long, long) would have incorrectly overridden the package-private method in java.util.Random
07-06 21:01:16.638 2257-2317/org.hear2read.Gujarati V/Flite_Native_JNI_Service: TtsSynthDoneCallback
07-06 21:01:16.734 2257-2317/org.hear2read.Gujarati V/Flite_Native_JNI_Service: TtsSynthDoneCallback
07-06 21:01:16.830 2257-2317/org.hear2read.Gujarati V/Flite_Native_JNI_Service: TtsSynthDoneCallback
07-06 21:01:17.022 2257-2317/org.hear2read.Gujarati V/Flite_Native_JNI_Service: TtsSynthDoneCallback
07-06 21:01:17.118 2257-2317/org.hear2read.Gujarati V/Flite_Native_JNI_Service: TtsSynthDoneCallback
07-06 21:01:17.146 1581-1898/? I/ActivityManager: Killing 2084:com.android.keychain/1000 (adj 906): empty #17
07-06 21:01:17.195 1581-1592/? D/ActivityManager: cleanUpApplicationRecord -- 2084
07-06 21:01:17.214 2257-2317/org.hear2read.Gujarati V/Flite_Native_JNI_Service: TtsSynthDoneCallback
07-06 21:01:17.406 2257-2317/org.hear2read.Gujarati V/Flite_Native_JNI_Service: TtsSynthDoneCallback
07-06 21:01:17.502 2257-2317/org.hear2read.Gujarati V/Flite_Native_JNI_Service: TtsSynthDoneCallback
07-06 21:01:17.555 2468-2545/? I/Scheduler: Use QosScheduler
07-06 21:01:17.561 2468-2545/? W/InstanceID/Rpc: Found 10013
07-06 21:01:17.574 2468-2545/? I/Scheduler: Cleaning up unwanted schedulers, if there are any.
07-06 21:01:17.598 2257-2317/org.hear2read.Gujarati V/Flite_Native_JNI_Service: TtsSynthDoneCallback
07-06 21:01:17.745 1581-1638/? W/ActivityManager: Unable to start service Intent { act=com.google.android.gms.playlog.service.START pkg=com.google.android.gms } U=0: not found
07-06 21:01:17.746 1581-1897/? W/ActivityManager: Unbind failed: could not find connection for android.os.BinderProxy@5cbd208
07-06 21:01:17.746 2676-2676/? E/GmsClient: unable to connect to service: com.google.android.gms.playlog.service.START
07-06 21:01:17.790 2257-2317/org.hear2read.Gujarati V/Flite_Native_JNI_Service: TtsSynthDoneCallback
07-06 21:01:17.837 2676-2676/? E/TimelyPrefService: Primary account is null
07-06 21:01:17.886 2257-2317/org.hear2read.Gujarati V/Flite_Native_JNI_Service: TtsSynthDoneCallback
07-06 21:01:17.928 2676-2676/? W/AnalyticsLogBase: PlayLogger.onLoggerFailedConnection
07-06 21:01:17.941 2715-2715/? W/art: Unexpected CPU variant for X86 using defaults: x86
07-06 21:01:17.949 1581-1897/? I/ActivityManager: Start proc 2715:com.google.android.configupdater/u0a5 for broadcast com.google.android.configupdater/.CertPin.CertPinUpdateRequestReceiver
07-06 21:01:18.079 2257-2317/org.hear2read.Gujarati V/Flite_Native_JNI_Service: TtsSynthDoneCallback
07-06 21:01:18.100 2715-2715/? W/System: ClassLoader referenced unknown path: /system/priv-app/ConfigUpdater/lib/x86
07-06 21:01:18.174 2257-2317/org.hear2read.Gujarati V/Flite_Native_JNI_Service: TtsSynthDoneCallback
07-06 21:01:18.270 2257-2317/org.hear2read.Gujarati V/Flite_Native_JNI_Service: TtsSynthDoneCallback
07-06 21:01:18.462 2257-2317/org.hear2read.Gujarati V/Flite_Native_JNI_Service: TtsSynthDoneCallback
07-06 21:01:18.558 2257-2317/org.hear2read.Gujarati V/Flite_Native_JNI_Service: TtsSynthDoneCallback
07-06 21:01:18.654 2257-2317/org.hear2read.Gujarati V/Flite_Native_JNI_Service: TtsSynthDoneCallback
07-06 21:01:18.846 2257-2317/org.hear2read.Gujarati V/Flite_Native_JNI_Service: TtsSynthDoneCallback
07-06 21:01:18.862 2715-2715/? E/ConfigUpdater: ignoring update request
07-06 21:01:18.864 2715-2715/? E/ConfigUpdater: ignoring update request
07-06 21:01:18.866 2715-2715/? E/ConfigUpdater: ignoring update request
07-06 21:01:18.867 2715-2715/? E/ConfigUpdater: ignoring update request
07-06 21:01:18.868 2715-2715/? E/ConfigUpdater: ignoring update request
07-06 21:01:18.870 2715-2715/? E/ConfigUpdater: ignoring update request
07-06 21:01:18.871 2715-2715/? E/ConfigUpdater: ignoring update request
07-06 21:01:18.874 2744-2744/? W/art: Unexpected CPU variant for X86 using defaults: x86
07-06 21:01:18.881 1581-1638/? I/ActivityManager: Start proc 2744:com.google.android.gm/u0a66 for broadcast com.google.android.gm/.GoogleMailDeviceStartupReceiver
07-06 21:01:18.936 2744-2744/? W/System: ClassLoader referenced unknown path: /system/app/PrebuiltGmail/lib/x86
07-06 21:01:18.942 2257-2317/org.hear2read.Gujarati V/Flite_Native_JNI_Service: TtsSynthDoneCallback
07-06 21:01:19.038 2257-2317/org.hear2read.Gujarati V/Flite_Native_JNI_Service: TtsSynthDoneCallback
07-06 21:01:19.230 2257-2317/org.hear2read.Gujarati V/Flite_Native_JNI_Service: TtsSynthDoneCallback
07-06 21:01:19.327 2257-2317/org.hear2read.Gujarati V/Flite_Native_JNI_Service: TtsSynthDoneCallback
07-06 21:01:19.422 2257-2317/org.hear2read.Gujarati V/Flite_Native_JNI_Service: TtsSynthDoneCallback
07-06 21:01:19.582 2744-2744/? W/EasBundling: in EasBundling.init, isBundlingEnabled=true
07-06 21:01:19.605 2744-2759/? I/Gmail: getAccountsCursor
07-06 21:01:19.605 2744-2760/? D/ActivityThread: Loading provider com.google.android.gmail.provider;com.android.mail.notifier;com.google.android.gm.email.provider;com.google.android.gm.email.notifier: com.android.email.provider.EmailProvider
07-06 21:01:19.614 2257-2317/org.hear2read.Gujarati V/Flite_Native_JNI_Service: TtsSynthDoneCallback
07-06 21:01:19.710 2257-2317/org.hear2read.Gujarati V/Flite_Native_JNI_Service: TtsSynthDoneCallback
07-06 21:01:19.806 2257-2317/org.hear2read.Gujarati V/Flite_Native_JNI_Service: TtsSynthDoneCallback
07-06 21:01:19.996 2257-2317/org.hear2read.Gujarati V/Flite_Native_JNI_Service: TtsSynthDoneCallback
07-06 21:01:20.253 2744-2744/? W/GAV2: Thread[main,5,main]: Need to call initialize() and be in fallback mode to start dispatch.
07-06 21:01:20.349 2257-2317/org.hear2read.Gujarati V/Flite_Native_JNI_Service: TtsSynthDoneCallback
07-06 21:01:20.351 2257-2317/org.hear2read.Gujarati V/Flite_Native_JNI_Service: TtsSynthDoneCallback
07-06 21:01:20.353 2257-2317/org.hear2read.Gujarati V/Flite_Native_JNI_Service: TtsSynthDoneCallback
07-06 21:01:20.382 2257-2317/org.hear2read.Gujarati V/Flite_Native_JNI_Service: TtsSynthDoneCallback
07-06 21:01:20.473 2744-2744/? I/Gmail: Account list changed
07-06 21:01:20.473 2744-2760/? I/Gmail: Initiated Service map for: [gPop3, gLegacyImap, gEas, gmail]
07-06 21:01:20.478 2257-2317/org.hear2read.Gujarati V/Flite_Native_JNI_Service: TtsSynthDoneCallback
07-06 21:01:20.479 1581-1638/? W/ActivityManager: Unable to start service Intent { cmp=com.google.android.gm/com.android.email.service.AttachmentService } U=0: not found
07-06 21:01:20.499 2744-2770/? I/Gmail: No Email application installed
07-06 21:01:20.499 2744-2770/? I/EmailMigration: No data to migrate
07-06 21:01:20.499 2744-2770/? W/EmailMigration: No Exchange migration, not the right Email provider version
07-06 21:01:20.500 2744-2744/? I/Gmail: Account list changed
07-06 21:01:20.501 2744-2760/? I/Gmail: getAccountsCursor
07-06 21:01:20.539 2744-2744/? I/Exchange: EasService.onCreate
07-06 21:01:20.542 1581-1592/? W/ActivityManager: Unable to start service Intent { cmp=com.google.android.gm.exchange/com.android.exchange.service.EasService } U=0: not found
07-06 21:01:20.543 2744-2744/? I/Exchange: EasService.onCreate stoppedOldService=false
07-06 21:01:20.543 2744-2759/? I/Exchange: RestartPingTask
07-06 21:01:20.568 2744-2775/? I/Gmail: Observing account changes for notifications
07-06 21:01:20.585 2744-2744/? W/EasBundling: Gmail: isExchangeLegacy=false action=android.intent.action.BOOT_COMPLETED data=null
07-06 21:01:20.588 2744-2744/? I/Exchange: RestartPingsTask did not start any pings.
07-06 21:01:20.588 2744-2744/? I/Exchange: PSS stopIfIdle
07-06 21:01:20.588 2744-2744/? I/Exchange: PSS has no active accounts; stopping service.
07-06 21:01:20.635 2744-2744/? E/ActivityThread: Service com.android.email.service.EmailBroadcastProcessorService has leaked ServiceConnection bie@da1c263 that was originally bound here
                                                 android.app.ServiceConnectionLeaked: Service com.android.email.service.EmailBroadcastProcessorService has leaked ServiceConnection bie@da1c263 that was originally bound here
                                                     at android.app.LoadedApk$ServiceDispatcher.<init>(LoadedApk.java:1336)
                                                     at android.app.LoadedApk.getServiceDispatcher(LoadedApk.java:1231)
                                                     at android.app.ContextImpl.bindServiceCommon(ContextImpl.java:1478)
                                                     at android.app.ContextImpl.bindService(ContextImpl.java:1450)
                                                     at android.content.ContextWrapper.bindService(ContextWrapper.java:636)
                                                     at bic.a(SourceFile:243)
                                                     at bic.d(SourceFile:286)
                                                     at bcf.c(SourceFile:175)
                                                     at bac.a(SourceFile:203)
                                                     at bac.a(SourceFile:147)
                                                     at com.android.email.service.EmailBroadcastProcessorService.c(SourceFile:343)
                                                     at com.android.email.service.EmailBroadcastProcessorService.onHandleIntent(SourceFile:1328)
                                                     at android.app.IntentService$ServiceHandler.handleMessage(IntentService.java:68)
                                                     at android.os.Handler.dispatchMessage(Handler.java:102)
                                                     at android.os.Looper.loop(Looper.java:154)
                                                     at android.os.HandlerThread.run(HandlerThread.java:61)
07-06 21:01:20.636 2744-2759/? I/Gmail: getAccountsCursor
07-06 21:01:20.636 2744-2776/? E/bhg: RuntimeException when trying to unbind from service
                                      java.lang.IllegalArgumentException: Service not registered: bie@da1c263
                                          at android.app.LoadedApk.forgetServiceDispatcher(LoadedApk.java:1289)
                                          at android.app.ContextImpl.unbindService(ContextImpl.java:1511)
                                          at android.content.ContextWrapper.unbindService(ContextWrapper.java:648)
                                          at bif.a(SourceFile:186)
                                          at bif.doInBackground(SourceFile:173)
                                          at android.os.AsyncTask$2.call(AsyncTask.java:304)
                                          at java.util.concurrent.FutureTask.run(FutureTask.java:237)
                                          at android.os.Handler.handleCallback(Handler.java:751)
                                          at android.os.Handler.dispatchMessage(Handler.java:95)
                                          at android.os.Looper.loop(Looper.java:154)
                                          at android.os.HandlerThread.run(HandlerThread.java:61)
07-06 21:01:20.637 2744-2744/? I/Exchange: onDestroy
07-06 21:01:20.637 2744-2744/? I/Gmail: Account list changed
07-06 21:01:20.670 2257-2317/org.hear2read.Gujarati V/Flite_Native_JNI_Service: TtsSynthDoneCallback
07-06 21:01:20.766 2257-2317/org.hear2read.Gujarati V/Flite_Native_JNI_Service: TtsSynthDoneCallback
07-06 21:01:20.782 1581-1897/? I/ActivityManager: Killing 1761:com.android.settings/1000 (adj 906): empty #17
07-06 21:01:20.803 2744-2760/? I/Gmail: getAccountsCursor
07-06 21:01:20.805 2744-2744/? I/Gmail: Account list changed
07-06 21:01:20.845 1581-1898/? D/GraphicsStats: Buffer count: 3
07-06 21:01:20.845 1581-2065/? D/ActivityManager: cleanUpApplicationRecord -- 1761
07-06 21:01:20.862 2257-2317/org.hear2read.Gujarati V/Flite_Native_JNI_Service: TtsSynthDoneCallback
07-06 21:01:20.926 2414-2414/? W/System: ClassLoader referenced unknown path: /system/app/PlayGames/lib/x86
07-06 21:01:21.054 2257-2317/org.hear2read.Gujarati V/Flite_Native_JNI_Service: TtsSynthDoneCallback
07-06 21:01:21.150 2257-2317/org.hear2read.Gujarati V/Flite_Native_JNI_Service: TtsSynthDoneCallback
07-06 21:01:21.174 2468-2468/? E/BluetoothAdapter: Bluetooth binder is null
07-06 21:01:21.176 2414-2783/? I/Auth: [AddAccount,UncertifiedNotificationIntentOperation] UncertifiedNotification is disabled on this device.
07-06 21:01:21.205 2414-2782/? I/Ads: Parental control value is stale. Refreshing.
07-06 21:01:21.207 2414-2782/? I/Ads: Initialized AdMob from dev at 146496160 in container 10.2.98 (470-146496160)
07-06 21:01:21.342 2257-2317/org.hear2read.Gujarati V/Flite_Native_JNI_Service: TtsSynthDoneCallback
07-06 21:01:21.345 2414-2424/? W/art: Suspending all threads took: 18.577ms
07-06 21:01:21.362 2414-2424/? I/art: Background partial concurrent mark sweep GC freed 12342(837KB) AllocSpace objects, 5(100KB) LOS objects, 39% free, 6MB/10MB, paused 33.087ms total 177.169ms
07-06 21:01:21.439 2257-2317/org.hear2read.Gujarati V/Flite_Native_JNI_Service: TtsSynthDoneCallback
07-06 21:01:21.516 2414-2782/? I/Backup: [ComponentEnabler] Disabling target components
07-06 21:01:21.518 2414-2781/? I/Auth: [WorkAccount] update authenticator enabled for boot or update
07-06 21:01:21.534 2257-2317/org.hear2read.Gujarati V/Flite_Native_JNI_Service: TtsSynthDoneCallback
07-06 21:01:21.681 2414-2782/? I/Backup: [ComponentEnabler] Enabling source components
07-06 21:01:21.726 2257-2317/org.hear2read.Gujarati V/Flite_Native_JNI_Service: TtsSynthDoneCallback
07-06 21:01:21.759 2468-2789/? W/WakefulBroadcastReceiver: No active wake lock id #1
07-06 21:01:21.816 2793-2793/? W/art: Unexpected CPU variant for X86 using defaults: x86
07-06 21:01:21.823 1581-1592/? I/ActivityManager: Start proc 2793:com.google.android.gms.unstable/u0a13 for service com.google.android.gms/.droidguard.DroidGuardService
07-06 21:01:21.825 2257-2317/org.hear2read.Gujarati V/Flite_Native_JNI_Service: TtsSynthDoneCallback
07-06 21:01:21.834 2793-2793/? W/System: ClassLoader referenced unknown path: /system/priv-app/PrebuiltGmsCore/lib/x86
07-06 21:01:21.840 2793-2793/? I/LoadedApk: No resource references to update in package FFFFFFFFFFFFFFFFFFFFFF
07-06 21:01:21.846 2414-2782/? I/Fido: [FidoInitIntentOperation] Initializing Fido module, InitRuntimeState=2
07-06 21:01:21.849 2793-2793/? W/linker: /system/priv-app/PrebuiltGmsCore/PrebuiltGmsCore.apk!/lib/x86/libgmscore.so: unused DT entry: type 0x7ffffffd arg 0x754
07-06 21:01:21.851 2793-2793/? W/linker: /system/priv-app/PrebuiltGmsCore/PrebuiltGmsCore.apk!/lib/x86/libconscrypt_gmscore_jni.so: unused DT entry: type 0x7ffffffd arg 0x174
07-06 21:01:21.851 2793-2793/? V/JNIHelp: Registering com/google/android/gms/org/conscrypt/NativeCrypto's 242 native methods...
07-06 21:01:21.859 2793-2793/? D/NetworkSecurityConfig: No Network Security Config specified, using platform default
07-06 21:01:21.860 2793-2793/? I/ProviderInstaller: Installed default security provider GmsCore_OpenSSL
07-06 21:01:21.863 2468-2808/? I/ClearcutBootCompleteIntentOperation: Device boot count in clearcut increased.
07-06 21:01:21.918 2257-2317/org.hear2read.Gujarati V/Flite_Native_JNI_Service: TtsSynthDoneCallback
07-06 21:01:21.918 2414-2414/? W/art: Verification of void com.google.android.gms.games.receiver.PlaySystemBroadcastReceiver.onReceive(android.content.Context, android.content.Intent) took 248.473ms
07-06 21:01:22.061 2821-2821/? W/art: Unexpected CPU variant for X86 using defaults: x86
07-06 21:01:22.069 1581-1591/? I/ActivityManager: Start proc 2821:com.google.android.onetimeinitializer/u0a16 for broadcast com.google.android.onetimeinitializer/.OneTimeInitializerReceiver
07-06 21:01:22.079 2468-2468/? I/NetworkScheduler: Using standalone scheduling engine
07-06 21:01:22.110 2257-2317/org.hear2read.Gujarati V/Flite_Native_JNI_Service: TtsSynthDoneCallback
07-06 21:01:22.145 2821-2821/? W/System: ClassLoader referenced unknown path: /system/priv-app/GoogleOneTimeInitializer/lib/x86
07-06 21:01:22.147 2821-2821/? V/OneTimeInitializerReceiver: OneTimeInitializerReceiver.onReceive
07-06 21:01:22.150 2821-2835/? V/OneTimeService: OneTimeService.onHandleIntent
07-06 21:01:22.159 2841-2841/? W/art: Unexpected CPU variant for X86 using defaults: x86
07-06 21:01:22.166 1581-1898/? I/ActivityManager: Start proc 2841:com.google.process.gapps/u0a50 for broadcast com.google.android.syncadapters.contacts/.ContactsSyncAdapterBroadcastReceiver
07-06 21:01:22.206 2257-2317/org.hear2read.Gujarati V/Flite_Native_JNI_Service: TtsSynthDoneCallback
07-06 21:01:22.231 2821-2835/? V/OneTimeService: Already run, doing nothing.
07-06 21:01:22.302 2257-2317/org.hear2read.Gujarati V/Flite_Native_JNI_Service: TtsSynthDoneCallback
07-06 21:01:22.341 2450-2461/? W/Finsky: [117] com.google.android.finsky.FinskyApp.i(1468): No account configured on this device.
07-06 21:01:22.341 2414-2414/? I/Ads: Successfully received play store parental controls the result.
07-06 21:01:22.388 2414-2861/? I/CheckinService: Disabling old GoogleServicesFramework version
07-06 21:01:22.396 2414-2862/? I/CheckinChimeraService: Checking schedule, now: 1499389282396 next: 1499421018696
07-06 21:01:22.397 2414-2862/? I/CheckinChimeraService: active receiver: disabled
07-06 21:01:22.494 2257-2317/org.hear2read.Gujarati V/Flite_Native_JNI_Service: TtsSynthDoneCallback
07-06 21:01:22.551 2870-2870/? W/art: Unexpected CPU variant for X86 using defaults: x86
07-06 21:01:22.558 1581-2065/? I/ActivityManager: Start proc 2870:com.google.android.gms.ui/u0a13 for service com.google.android.gms/.chimera.UiIntentOperationService
07-06 21:01:22.567 2870-2870/? W/System: ClassLoader referenced unknown path: /system/priv-app/PrebuiltGmsCore/lib/x86
07-06 21:01:22.567 2414-2864/? I/Auth: [FRP,FrpUpdateIntentOperation] Frp is not supported for this device / user
07-06 21:01:22.576 2870-2870/? I/LoadedApk: No resource references to update in package FFFFFFFFFFFFFFFFFFFFFF
07-06 21:01:22.592 2257-2317/org.hear2read.Gujarati V/Flite_Native_JNI_Service: TtsSynthDoneCallback
07-06 21:01:22.596 2870-2870/? W/linker: /system/priv-app/PrebuiltGmsCore/PrebuiltGmsCore.apk!/lib/x86/libgmscore.so: unused DT entry: type 0x7ffffffd arg 0x754
07-06 21:01:22.597 2870-2870/? W/linker: /system/priv-app/PrebuiltGmsCore/PrebuiltGmsCore.apk!/lib/x86/libconscrypt_gmscore_jni.so: unused DT entry: type 0x7ffffffd arg 0x174
07-06 21:01:22.597 2870-2870/? V/JNIHelp: Registering com/google/android/gms/org/conscrypt/NativeCrypto's 242 native methods...
07-06 21:01:22.606 2870-2870/? D/NetworkSecurityConfig: No Network Security Config specified, using platform default
07-06 21:01:22.607 2870-2870/? I/ProviderInstaller: Installed default security provider GmsCore_OpenSSL
07-06 21:01:22.686 2257-2317/org.hear2read.Gujarati V/Flite_Native_JNI_Service: TtsSynthDoneCallback
07-06 21:01:22.760 2841-2841/? W/System: ClassLoader referenced unknown path: /system/app/GoogleContactsSyncAdapter/lib/x86
07-06 21:01:22.861 2414-2866/? W/IcingInternalCorpora: getNumBytesRead when not calculated.
07-06 21:01:22.878 2257-2317/org.hear2read.Gujarati V/Flite_Native_JNI_Service: TtsSynthDoneCallback
07-06 21:01:22.952 2414-2414/? I/GAv4-SVC: Google Analytics 10.2.98 is starting up.
07-06 21:01:22.974 2257-2317/org.hear2read.Gujarati V/Flite_Native_JNI_Service: TtsSynthDoneCallback
07-06 21:01:23.166 2257-2317/org.hear2read.Gujarati V/Flite_Native_JNI_Service: TtsSynthDoneCallback
07-06 21:01:23.170 2341-2855/? I/RlzPingService: Setting next ping for 1499984752432
07-06 21:01:23.262 2257-2317/org.hear2read.Gujarati V/Flite_Native_JNI_Service: TtsSynthDoneCallback
07-06 21:01:23.358 2257-2317/org.hear2read.Gujarati V/Flite_Native_JNI_Service: TtsSynthDoneCallback
07-06 21:01:23.550 2257-2317/org.hear2read.Gujarati V/Flite_Native_JNI_Service: TtsSynthDoneCallback
07-06 21:01:23.646 2257-2317/org.hear2read.Gujarati V/Flite_Native_JNI_Service: TtsSynthDoneCallback
07-06 21:01:23.742 2257-2317/org.hear2read.Gujarati V/Flite_Native_JNI_Service: TtsSynthDoneCallback
07-06 21:01:23.755 2414-2778/? I/FA-SVC: App measurement is starting up, version: 10298
07-06 21:01:23.934 2257-2317/org.hear2read.Gujarati V/Flite_Native_JNI_Service: TtsSynthDoneCallback
07-06 21:01:23.992 2414-2620/? W/Herrevad: [123] shz.b: Looking up Wifi info on a non-wifi device
07-06 21:01:24.030 2257-2317/org.hear2read.Gujarati V/Flite_Native_JNI_Service: TtsSynthDoneCallback
07-06 21:01:24.126 2257-2317/org.hear2read.Gujarati V/Flite_Native_JNI_Service: TtsSynthDoneCallback
07-06 21:01:24.275 2676-2704/? I/GAV2: Thread[GAThread,5,main]: No campaign data found.
07-06 21:01:24.318 2257-2317/org.hear2read.Gujarati V/Flite_Native_JNI_Service: TtsSynthDoneCallback
07-06 21:01:24.349 2273-2328/? W/LocationOracle: Best location was null
07-06 21:01:24.414 2257-2317/org.hear2read.Gujarati V/Flite_Native_JNI_Service: TtsSynthDoneCallback
07-06 21:01:24.416 2468-2468/? W/linker: /system/priv-app/PrebuiltGmsCore/PrebuiltGmsCore.apk!/lib/x86/libleveldbjni.so: unused DT entry: type 0x7ffffffd arg 0xd40
07-06 21:01:24.510 2257-2317/org.hear2read.Gujarati V/Flite_Native_JNI_Service: TtsSynthDoneCallback
07-06 21:01:24.518 2273-2328/? W/System: ClassLoader referenced unknown path: /system/app/Chrome/lib/x86
07-06 21:01:24.519 2273-2328/? I/WebViewFactory: Loading com.android.chrome version 51.0.2704.90 (code 275509012)
07-06 21:01:24.528 2414-2424/? W/art: Suspending all threads took: 399.291ms
07-06 21:01:24.531 2414-2424/? I/art: Background sticky concurrent mark sweep GC freed 19346(1926KB) AllocSpace objects, 27(536KB) LOS objects, 26% free, 7MB/10MB, paused 400.760ms total 1.575s
07-06 21:01:24.544 2414-2920/? I/FA-SVC: This instance being marked as an uploader
07-06 21:01:24.702 2257-2317/org.hear2read.Gujarati V/Flite_Native_JNI_Service: TtsSynthDoneCallback
07-06 21:01:24.728 2414-2819/? I/GoogleURLConnFactory: Using platform SSLCertificateSocketFactory
07-06 21:01:24.728 2414-2819/? E/BaseAppContext: Tried to stop global GMSCore RequestQueue. This is likely unintended, so ignoring.
07-06 21:01:24.798 2257-2317/org.hear2read.Gujarati V/Flite_Native_JNI_Service: TtsSynthDoneCallback
07-06 21:01:24.894 2257-2317/org.hear2read.Gujarati V/Flite_Native_JNI_Service: TtsSynthDoneCallback
07-06 21:01:24.916 2414-2819/? I/Authzen: [AuthZenEventHandler] Handling event: android.intent.action.BOOT_COMPLETED
07-06 21:01:24.986 2414-2819/? I/Authzen: [TransactionCache] Clearing transaction cache
07-06 21:01:24.992 2468-2908/? I/GCM: GCM config loaded
07-06 21:01:25.086 2257-2317/org.hear2read.Gujarati V/Flite_Native_JNI_Service: TtsSynthDoneCallback
07-06 21:01:25.182 2257-2317/org.hear2read.Gujarati V/Flite_Native_JNI_Service: TtsSynthDoneCallback
07-06 21:01:25.374 2257-2317/org.hear2read.Gujarati V/Flite_Native_JNI_Service: TtsSynthDoneCallback
07-06 21:01:25.465 2744-2766/? I/GAV2: Thread[GAThread,5,main]: No campaign data found.
07-06 21:01:25.470 2257-2317/org.hear2read.Gujarati V/Flite_Native_JNI_Service: TtsSynthDoneCallback
07-06 21:01:25.498 2414-2778/? I/CmaSystemUpdateService: Runtime init receiver: Intent { act=android.intent.action.BOOT_COMPLETED flg=0x9000010 cmp=com.google.android.gms/.chimera.GmsIntentOperationService (has extras) } with flags: 2
07-06 21:01:25.499 2414-2778/? I/CmaSystemUpdateService: receiver: Intent { act=android.intent.action.BOOT_COMPLETED flg=0x9000010 cmp=com.google.android.gms/.chimera.GmsIntentOperationService (has extras) }
07-06 21:01:25.501 2414-2637/? W/WearSignatureVerifier: No package com.google.android.wearable.app.cn
07-06 21:01:25.501 2414-2637/? W/WearSignatureVerifier: No package com.google.android.wearable.app.cn
07-06 21:01:25.502 2414-2637/? W/WearSignatureVerifier: No package com.google.android.wearable.app.cn
07-06 21:01:25.502 2414-2637/? W/WearSignatureVerifier: No package com.google.android.wearable.app.cn
07-06 21:01:25.566 2257-2317/org.hear2read.Gujarati V/Flite_Native_JNI_Service: TtsSynthDoneCallback
07-06 21:01:25.566 2414-2778/? I/Vision: Supported ABIS: [x86]
07-06 21:01:25.605 2414-2864/? I/MS_RegisterService: RegisterService intent:Intent { act=com.google.android.gms.matchstick.register_intent_action cat=[targeted_intent_op_prefix:com.google.android.libraries.matchstick.net.SilentRegisterIntentOperation] cmp=com.google.android.gms/.chimera.GmsIntentOperationService } isPeriodic:false
07-06 21:01:25.709 2793-2793/? W/IntentService[D: type=1400 audit(0.0:5): avc: denied { read } for name="/" dev="tmpfs" ino=3154 scontext=u:r:priv_app:s0:c512,c768 tcontext=u:object_r:device:s0 tclass=dir permissive=0
07-06 21:01:25.758 2257-2317/org.hear2read.Gujarati V/Flite_Native_JNI_Service: TtsSynthDoneCallback
07-06 21:01:25.854 2257-2317/org.hear2read.Gujarati V/Flite_Native_JNI_Service: TtsSynthDoneCallback
07-06 21:01:25.950 2257-2317/org.hear2read.Gujarati V/Flite_Native_JNI_Service: TtsSynthDoneCallback
07-06 21:01:25.992 2414-2956/? I/SystemUpdateTask: cancelUpdate (empty URL)
07-06 21:01:25.992 2414-2956/? I/CmaSystemUpdateService: active receiver: disabled
07-06 21:01:25.997 2414-2864/? I/MS_PhoneUtils: Phone type: 1
07-06 21:01:26.002 2841-2841/? I/GoogleHttpClient: GMS http client unavailable, use old client
07-06 21:01:26.006 2414-2864/? I/MS_RegisterService: Doing full registration.
07-06 21:01:26.008 2414-2895/? I/EventLogChimeraService: Aggregate from 1499387238421 (log), 1499387238421 (data)
07-06 21:01:26.142 2257-2317/org.hear2read.Gujarati V/Flite_Native_JNI_Service: TtsSynthDoneCallback
07-06 21:01:26.183 2793-2813/? W/InstanceID/Rpc: Found 10013
07-06 21:01:26.188 2414-2424/? W/art: Suspending all threads took: 155.270ms
07-06 21:01:26.193 2414-2424/? I/art: Background partial concurrent mark sweep GC freed 34347(2MB) AllocSpace objects, 20(400KB) LOS objects, 30% free, 9MB/13MB, paused 157.044ms total 833.923ms
07-06 21:01:26.197 2414-2864/? I/MS_RegisterService: Throttling registration.
07-06 21:01:26.210 2414-2966/? I/CheckinChimeraService: Checking schedule, now: 1499389286210 next: 1499421018696
07-06 21:01:26.211 2414-2966/? I/CheckinChimeraService: active receiver: disabled
07-06 21:01:26.238 2257-2317/org.hear2read.Gujarati V/Flite_Native_JNI_Service: TtsSynthDoneCallback
07-06 21:01:26.244 2967-2967/? W/art: Unexpected CPU variant for X86 using defaults: x86
07-06 21:01:26.251 1581-1592/? I/ActivityManager: Start proc 2967:com.google.android.talk/u0a55 for broadcast com.google.android.talk/com.google.android.apps.hangouts.service.BootReceiver
07-06 21:01:26.288 2414-2783/? I/Wear_Controller: Wear is not allowed to run on this device. Not starting control service.
07-06 21:01:26.334 2257-2317/org.hear2read.Gujarati V/Flite_Native_JNI_Service: TtsSynthDoneCallback
07-06 21:01:26.344 2841-2980/? I/GoogleHttpClient: GMS http client unavailable, use old client
07-06 21:01:26.351 1581-1592/? I/ActivityManager: Killing 2054:com.android.printspooler/u0a67 (adj 906): empty #17
07-06 21:01:26.359 2965-2965/? E/uncrypt: failed to read /fstab.ranchu
07-06 21:01:26.349 2965-2965/? W/uncrypt: type=1400 audit(0.0:6): avc: denied { write } for name="kmsg" dev="tmpfs" ino=4110 scontext=u:r:uncrypt:s0 tcontext=u:object_r:kmsg_device:s0 tclass=chr_file permissive=0
07-06 21:01:26.349 2965-2965/? W/uncrypt: type=1400 audit(0.0:7): avc: denied { write } for name="/" dev="tmpfs" ino=3154 scontext=u:r:uncrypt:s0 tcontext=u:object_r:device:s0 tclass=dir permissive=0
07-06 21:01:26.384 2967-2967/? W/System: ClassLoader referenced unknown path: /system/app/Hangouts/lib/x86
07-06 21:01:26.395 1581-1897/? D/ActivityManager: cleanUpApplicationRecord -- 2054
07-06 21:01:26.526 2257-2317/org.hear2read.Gujarati V/Flite_Native_JNI_Service: TtsSynthDoneCallback
07-06 21:01:26.622 2257-2317/org.hear2read.Gujarati V/Flite_Native_JNI_Service: TtsSynthDoneCallback
07-06 21:01:26.718 2257-2317/org.hear2read.Gujarati V/Flite_Native_JNI_Service: TtsSynthDoneCallback
07-06 21:01:26.725 2468-2987/? E/BluetoothAdapter: Bluetooth binder is null
07-06 21:01:26.726 2468-2468/? I/WearableService: Wear is not allowed to run on this device. Not starting Wear service.
07-06 21:01:26.726 2468-2468/? D/WearableService: callingUid 10013, callindPid: 2468
07-06 21:01:26.745 2414-2414/? W/WearSignatureVerifier: No package com.google.android.wearable.app.cn
07-06 21:01:26.745 2414-2949/? E/MDM: [200] vce.a: Couldn't connect to Google API client: jug{statusCode=API_UNAVAILABLE, resolution=null, message=null}
07-06 21:01:26.910 2257-2317/org.hear2read.Gujarati V/Flite_Native_JNI_Service: TtsSynthDoneCallback
07-06 21:01:27.006 2257-2317/org.hear2read.Gujarati V/Flite_Native_JNI_Service: TtsSynthDoneCallback
07-06 21:01:27.102 2257-2317/org.hear2read.Gujarati V/Flite_Native_JNI_Service: TtsSynthDoneCallback
07-06 21:01:27.116 2414-2638/? I/Vision: Engine already satisfied by existing download for ocr
07-06 21:01:27.121 2468-2997/? I/GCoreUlr: Starting service, intent=Intent { act=com.google.android.location.reporting.ACTION_UPDATE_WORLD cmp=com.google.android.gms/com.google.android.location.reporting.service.DispatchingService (has extras) }, extras=Bundle[{receiverAction=android.intent.action.BOOT_COMPLETED}]
07-06 21:01:27.294 2257-2317/org.hear2read.Gujarati V/Flite_Native_JNI_Service: TtsSynthDoneCallback
07-06 21:01:27.390 2257-2317/org.hear2read.Gujarati V/Flite_Native_JNI_Service: TtsSynthDoneCallback
07-06 21:01:27.471 2468-2478/? I/art: Background partial concurrent mark sweep GC freed 25130(1598KB) AllocSpace objects, 13(256KB) LOS objects, 35% free, 7MB/11MB, paused 484us total 738.559ms
07-06 21:01:27.582 2257-2317/org.hear2read.Gujarati V/Flite_Native_JNI_Service: TtsSynthDoneCallback
07-06 21:01:27.607 2468-2500/? W/WearSignatureVerifier: No package com.google.android.wearable.app.cn
07-06 21:01:27.607 2468-2500/? W/WearSignatureVerifier: No package com.google.android.wearable.app.cn
07-06 21:01:27.607 2468-2500/? W/WearSignatureVerifier: No package com.google.android.wearable.app.cn
07-06 21:01:27.608 2468-2500/? W/WearSignatureVerifier: No package com.google.android.wearable.app.cn
07-06 21:01:27.645 2414-2625/? I/Authzen: [PermitStore] Getting all permits...
07-06 21:01:27.678 2257-2317/org.hear2read.Gujarati V/Flite_Native_JNI_Service: TtsSynthDoneCallback
07-06 21:01:27.754 2414-2625/? I/Authzen: [fby] Opening database auth.proximity.permit_store...
07-06 21:01:27.774 2257-2317/org.hear2read.Gujarati V/Flite_Native_JNI_Service: TtsSynthDoneCallback
07-06 21:01:27.966 2257-2317/org.hear2read.Gujarati V/Flite_Native_JNI_Service: TtsSynthDoneCallback
07-06 21:01:28.062 2257-2317/org.hear2read.Gujarati V/Flite_Native_JNI_Service: TtsSynthDoneCallback
07-06 21:01:28.158 2257-2317/org.hear2read.Gujarati V/Flite_Native_JNI_Service: TtsSynthDoneCallback
07-06 21:01:28.350 2257-2317/org.hear2read.Gujarati V/Flite_Native_JNI_Service: TtsSynthDoneCallback
07-06 21:01:28.358 2273-2328/? I/cr_LibraryLoader: Time to load native libraries: 348 ms (timestamps 8954-9302)
07-06 21:01:28.358 2273-2328/? I/cr_LibraryLoader: Expected native library version number "51.0.2704.90", actual native library version number "51.0.2704.90"
07-06 21:01:28.446 2257-2317/org.hear2read.Gujarati V/Flite_Native_JNI_Service: TtsSynthDoneCallback
07-06 21:01:28.542 2257-2317/org.hear2read.Gujarati V/Flite_Native_JNI_Service: TtsSynthDoneCallback
07-06 21:01:28.734 2257-2317/org.hear2read.Gujarati V/Flite_Native_JNI_Service: TtsSynthDoneCallback
07-06 21:01:28.801 2468-2468/? E/BluetoothAdapter: Bluetooth binder is null
07-06 21:01:28.831 2257-2317/org.hear2read.Gujarati V/Flite_Native_JNI_Service: TtsSynthDoneCallback
07-06 21:01:28.870 2468-2545/? I/GCoreUlr: WorldUpdater received intent Intent { act=com.google.android.location.reporting.ACTION_UPDATE_WORLD cmp=com.google.android.gms/com.google.android.location.reporting.service.DispatchingService (has extras) } with receiverAction android.intent.action.BOOT_COMPLETED
07-06 21:01:28.926 2257-2317/org.hear2read.Gujarati V/Flite_Native_JNI_Service: TtsSynthDoneCallback
07-06 21:01:29.116 2257-2317/org.hear2read.Gujarati V/Flite_Native_JNI_Service: TtsSynthDoneCallback
07-06 21:01:29.216 2257-2317/org.hear2read.Gujarati I/Flite_Native_Engine: Done flite synthesis.
