07-06 21:00:52.225 2150-2150/? V/MediaRouter: Selecting route: RouteInfo{ name=Phone, description=null, status=null, category=RouteCategory{ name=null types=ROUTE_TYPE_LIVE_AUDIO ROUTE_TYPE_LIVE_VIDEO  groupable=false }, supportedTypes=ROUTE_TYPE_LIVE_AUDIO ROUTE_TYPE_LIVE_VIDEO , presentationDisplay=null }
07-06 21:00:52.226 2150-2150/? D/MusicLifecycle: com.google.android.music.store.MediaStoreImportService generated event: Service created
07-06 21:00:52.227 2150-2150/? D/MusicLifecycle: com.google.android.music.preferences.MusicPreferenceService$MusicPreferenceServiceBinder generated event: Service created
07-06 21:00:52.227 2150-2150/? D/MusicLifecycle: com.google.android.music.store.MediaStoreImportService$Receiver generated event: Broadcast received with context android.app.ReceiverRestrictedContext@5467e26 and intent Intent { act=android.intent.action.MEDIA_MOUNTED dat=file:///storage/emulated/0 flg=0x4000010 cmp=com.google.android.music/.store.MediaStoreImportService$Receiver (has extras) }
07-06 21:00:52.228 2150-2150/? D/MusicLifecycle: com.google.android.music.net.NetworkMonitor$2 generated event: Broadcast received with context com.google.android.music.net.NetworkMonitor@f0d40bd and intent Intent { act=android.net.conn.CONNECTIVITY_CHANGE flg=0x4000010 (has extras) }
07-06 21:00:52.229 2150-2150/? I/NetworkMonitor: type=MOBILE subType=LTE reason=connected isConnected=true
07-06 21:00:52.308 1581-1581/? V/BackupManagerService: Connected to transport ComponentInfo{com.google.android.gms/com.google.android.gms.backup.BackupTransportService}
07-06 21:00:52.309 1581-1581/? V/BackupManagerService: Registering transport com.google.android.gms/.backup.BackupTransportService::com.google.android.gms/.backup.BackupTransportService = com.android.internal.backup.IBackupTransport$Stub$Proxy@dff31f3
07-06 21:00:52.607 1581-1601/? I/WindowManager: Destroying surface Surface(name=Toast) called by com.android.server.wm.WindowStateAnimator.destroySurface:2014 com.android.server.wm.WindowStateAnimator.destroySurfaceLocked:881 com.android.server.wm.WindowState.destroyOrSaveSurface:2073 com.android.server.wm.WindowSurfacePlacer.performSurfacePlacementInner:429 com.android.server.wm.WindowSurfacePlacer.performSurfacePlacementLoop:232 com.android.server.wm.WindowSurfacePlacer.performSurfacePlacement:180 com.android.server.wm.WindowManagerService$H.handleMessage:8079 android.os.Handler.dispatchMessage:102 
07-06 21:00:52.630 2273-2328/? I/GrammarCompilationSvcCt: Grammar compilation alarm set for interval 604800000
07-06 21:00:52.678 2013-2013/? W/art: Verification of void com.google.android.location.network.NetworkLocationProvider.<init>(android.content.Context) took 113.273ms
07-06 21:00:52.833 1668-1668/? W/asset: Asset path /data/app/org.hear2read.Gujarati-2/base.apk is neither a directory nor file (type=1).
07-06 21:00:52.833 1668-1668/? W/PackageManager: Failure retrieving resources for org.hear2read.Gujarati
07-06 21:00:52.889 1302-1308/? D/PermissionCache: checking android.permission.READ_FRAME_BUFFER for uid=1000 => granted (176 us)
07-06 21:00:52.892 1302-1308/? D/gralloc_ranchu: gralloc_alloc: Creating ashmem region of size 2691072
                                                 
                                                 
                                                 [ 07-06 21:00:52.897  1581: 1897 D/         ]
                                                 HostConnection::get() New Host Connection established 0x8ed64ec0, tid 1897
                                                 
                                                 
                                                 [ 07-06 21:00:52.897  1581: 1897 W/         ]
                                                 Unrecognized GLES max version string in extensions: ANDROID_EMU_CHECKSUM_HELPER_v1 ANDROID_EMU_dma_v1 
07-06 21:00:52.900 1302-1302/? E/EGL_emulation: tid 1302: eglCreateSyncKHR(1901): error 0x3004 (EGL_BAD_ATTRIBUTE)
07-06 21:00:52.952 2374-2374/? W/art: Unexpected CPU variant for X86 using defaults: x86
07-06 21:00:52.957 1581-1592/? I/ActivityManager: Start proc 2374:com.android.dialer/u0a9 for broadcast com.android.dialer/.calllog.CallLogReceiver
07-06 21:00:52.970 1581-2373/? I/RecoverySystem: No recovery log file
07-06 21:00:52.976 1581-2373/? I/BootReceiver: Copying audit failures to DropBox
07-06 21:00:52.976 1581-2373/? I/BootReceiver: Checking for fsck errors
07-06 21:00:53.060 2374-2374/? W/System: ClassLoader referenced unknown path: /system/priv-app/Dialer/lib/x86
07-06 21:00:53.176 2013-2013/? I/GCoreNlp: shouldConfirmNlp, NLP off. Ensuring opt-in disabled
07-06 21:00:53.495 2013-2025/? W/System: ClassLoader referenced unknown path: 
07-06 21:00:53.496 2013-2025/? W/System: ClassLoader referenced unknown path: /system/priv-app/PrebuiltGmsCore/lib/x86
07-06 21:00:53.496 2013-2025/? I/DynamiteModule: Considering local module com.google.android.gms.googlecertificates:2 and remote module com.google.android.gms.googlecertificates:2
07-06 21:00:53.496 2013-2025/? I/DynamiteModule: Selected remote version of com.google.android.gms.googlecertificates, version >= 2
07-06 21:00:54.101 2257-2257/org.hear2read.Gujarati V/Flite_Java_TTSDemoActivity: Speaking: હીયર-ટુ-રીડ, ટેક્સ્ટ-ટુ-સ્પીચ, સાર્વજનિક સોફ્ટવેરનો ઉપયોગ કરવા બદલ આભાર.
07-06 21:00:54.102 2257-2257/org.hear2read.Gujarati V/Flite_Java_FliteTtsService: onIsLanguageAvailable: gujINDfemale
07-06 21:00:54.102 2257-2257/org.hear2read.Gujarati V/Flite_Native_JNI_Service: Java_org_hear2read_Gujarati_NativeFliteTTS_nativeIsLanguageAvailable
07-06 21:00:54.102 2257-2257/org.hear2read.Gujarati I/Flite_Native_Engine: TtsEngine::isLanguageAvailable: lang=guj, country=IND, variant=female
07-06 21:00:54.102 2257-2257/org.hear2read.Gujarati I/Flite_Native_Engine: Voices::IsLocaleAvailable
07-06 21:00:54.102 2257-2257/org.hear2read.Gujarati D/Flite_Native_Engine: Current voice count: 0
07-06 21:00:54.102 2257-2257/org.hear2read.Gujarati I/Flite_Native_Engine: ClustergenVoice::GetLocaleSupport for lang=guj country=IND var=female
07-06 21:00:54.104 2257-2257/org.hear2read.Gujarati V/Flite_Native_Engine: Path: /storage/emulated/0/Android/data/org.hear2read.Gujarati/files/hear2read-data/cg/guj/IND/female.cg.flitevox
07-06 21:00:54.105 1346-1367/? W/audio_hw_generic: Not supplying enough data to HAL, expected position 51 , only wrote 0
07-06 21:00:54.106 2257-2257/org.hear2read.Gujarati V/Flite_Native_Engine: /storage/emulated/0/Android/data/org.hear2read.Gujarati/files/hear2read-data/cg/guj/IND/female.cg.flitevox is available
07-06 21:00:54.106 2257-2257/org.hear2read.Gujarati D/Flite_Native_JNI_Service: Result of IsLanguageAvailable is 2
07-06 21:00:54.107 2257-2257/org.hear2read.Gujarati V/Flite_Java_FliteTtsService: onIsLanguageAvailable: gujINDfemale
07-06 21:00:54.110 2257-2257/org.hear2read.Gujarati V/Flite_Native_JNI_Service: Java_org_hear2read_Gujarati_NativeFliteTTS_nativeIsLanguageAvailable
07-06 21:00:54.110 2257-2257/org.hear2read.Gujarati I/Flite_Native_Engine: TtsEngine::isLanguageAvailable: lang=guj, country=IND, variant=female
07-06 21:00:54.111 2257-2257/org.hear2read.Gujarati I/Flite_Native_Engine: Voices::IsLocaleAvailable
07-06 21:00:54.111 2257-2257/org.hear2read.Gujarati D/Flite_Native_Engine: Current voice count: 0
07-06 21:00:54.111 2257-2257/org.hear2read.Gujarati I/Flite_Native_Engine: ClustergenVoice::GetLocaleSupport for lang=guj country=IND var=female
07-06 21:00:54.111 2257-2257/org.hear2read.Gujarati V/Flite_Native_Engine: Path: /storage/emulated/0/Android/data/org.hear2read.Gujarati/files/hear2read-data/cg/guj/IND/female.cg.flitevox
07-06 21:00:54.111 2257-2257/org.hear2read.Gujarati V/Flite_Native_Engine: /storage/emulated/0/Android/data/org.hear2read.Gujarati/files/hear2read-data/cg/guj/IND/female.cg.flitevox is available
07-06 21:00:54.111 2257-2257/org.hear2read.Gujarati D/Flite_Native_JNI_Service: Result of IsLanguageAvailable is 2
07-06 21:00:54.111 2257-2257/org.hear2read.Gujarati V/Flite_Native_JNI_Service: Java_org_hear2read_Gujarati_NativeFliteTTS_nativeIsLanguageAvailable
07-06 21:00:54.111 2257-2257/org.hear2read.Gujarati I/Flite_Native_Engine: TtsEngine::isLanguageAvailable: lang=guj, country=IND, variant=female
07-06 21:00:54.111 2257-2257/org.hear2read.Gujarati I/Flite_Native_Engine: Voices::IsLocaleAvailable
07-06 21:00:54.111 2257-2257/org.hear2read.Gujarati D/Flite_Native_Engine: Current voice count: 0
07-06 21:00:54.111 2257-2257/org.hear2read.Gujarati I/Flite_Native_Engine: ClustergenVoice::GetLocaleSupport for lang=guj country=IND var=female
07-06 21:00:54.112 2257-2257/org.hear2read.Gujarati V/Flite_Native_Engine: Path: /storage/emulated/0/Android/data/org.hear2read.Gujarati/files/hear2read-data/cg/guj/IND/female.cg.flitevox
07-06 21:00:54.112 2257-2257/org.hear2read.Gujarati V/Flite_Native_Engine: /storage/emulated/0/Android/data/org.hear2read.Gujarati/files/hear2read-data/cg/guj/IND/female.cg.flitevox is available
07-06 21:00:54.112 2257-2257/org.hear2read.Gujarati D/Flite_Native_JNI_Service: Result of IsLanguageAvailable is 2
07-06 21:00:54.113 2257-2257/org.hear2read.Gujarati V/Flite_Java_TTSDemoActivity: Speaking: नरेंद्र मोदी आज से तीन दिन का इजरायल दौरा शुरू कर रहे हैं। वो 70 साल में इजरायल जाने वाले पहले भारतीय पीएम हैं। उनकी इस यात्रा के दौरान दोनों देशों में डिफेंस, एग्रीकल्चर और कारोबार से जुड़ी कुछ डील हो सकती हैं। 10 हजार करोड़ रुपए की स्पाइक और बराक-8 मिसाइल भारत को दिए जाने का करार हो सकता है। मोदी के इस दौरे से दोनों देशों के बीच 25 साल पहले बने बाइलेटरल रिलेशन और मजबूत होने की उम्मीद है।
07-06 21:00:54.114 2257-2317/org.hear2read.Gujarati V/Flite_Java_FliteTtsService: onSynthesize
07-06 21:00:54.114 2257-2317/org.hear2read.Gujarati V/Flite_Native_JNI_Service: Java_org_hear2read_Gujarati_NativeFliteTTS_nativeSetLanguage
07-06 21:00:54.114 2257-2317/org.hear2read.Gujarati I/Flite_Native_Engine: TtsEngine::setLanguage: lang=guj, country=IND, variant=female
07-06 21:00:54.114 2257-2317/org.hear2read.Gujarati I/Flite_Native_Engine: Voices::GetVoiceForLocale: language=guj country=IND variant=female
07-06 21:00:54.114 2257-2317/org.hear2read.Gujarati D/Flite_Native_Engine: Voices::GetVoiceForLocale: Linked voice support: -2.
07-06 21:00:54.114 2257-2317/org.hear2read.Gujarati D/Flite_Native_Engine: Voices::GetVoiceForLocale: Exact linked voice not found. Trying cg voices.
07-06 21:00:54.114 2257-2317/org.hear2read.Gujarati I/Flite_Native_Engine: ClustergenVoice::GetLocaleSupport for lang=guj country=IND var=female
07-06 21:00:54.115 2257-2317/org.hear2read.Gujarati V/Flite_Native_Engine: Path: /storage/emulated/0/Android/data/org.hear2read.Gujarati/files/hear2read-data/cg/guj/IND/female.cg.flitevox
07-06 21:00:54.115 2257-2317/org.hear2read.Gujarati V/Flite_Native_Engine: /storage/emulated/0/Android/data/org.hear2read.Gujarati/files/hear2read-data/cg/guj/IND/female.cg.flitevox is available
07-06 21:00:54.115 2257-2317/org.hear2read.Gujarati V/Flite_Native_Engine: Voices::GetVoiceForLocale: Clustergen voice has better support than linked voices.
07-06 21:00:54.115 2257-2317/org.hear2read.Gujarati I/Flite_Native_Engine: ClustergenVoice::SetLanguage: lang=guj country=IND variant=female
07-06 21:00:54.115 2257-2317/org.hear2read.Gujarati I/Flite_Native_Engine: ClustergenVoice::GetLocaleSupport for lang=guj country=IND var=female
07-06 21:00:54.115 2257-2317/org.hear2read.Gujarati V/Flite_Native_Engine: Path: /storage/emulated/0/Android/data/org.hear2read.Gujarati/files/hear2read-data/cg/guj/IND/female.cg.flitevox
07-06 21:00:54.115 2257-2317/org.hear2read.Gujarati V/Flite_Native_Engine: /storage/emulated/0/Android/data/org.hear2read.Gujarati/files/hear2read-data/cg/guj/IND/female.cg.flitevox is available
07-06 21:00:54.115 2257-2317/org.hear2read.Gujarati W/Flite_Native_Engine: ClustergenVoice::SetLanguage: Exact voice found.
07-06 21:00:54.258 2257-2317/org.hear2read.Gujarati V/Flite_Native_Engine: ClustergenVoice::SetLanguage: Voice Loaded in Flite
07-06 21:00:54.258 2257-2317/org.hear2read.Gujarati V/Flite_Native_Engine:       Clustergen voice: Voice Language: cmu_indic_lang
07-06 21:00:54.258 2257-2317/org.hear2read.Gujarati V/Flite_Native_Engine:       Clustergen voice: Speaker Country: India
07-06 21:00:54.258 2257-2317/org.hear2read.Gujarati V/Flite_Native_Engine:       Clustergen voice: Speaker Gender: unknown
07-06 21:00:54.258 2257-2317/org.hear2read.Gujarati V/Flite_Native_Engine:       Clustergen voice: Speaker Age: 30
07-06 21:00:54.258 2257-2317/org.hear2read.Gujarati V/Flite_Native_Engine:       Clustergen voice: Voice Build Date: 2017-04-27_04:27
07-06 21:00:54.258 2257-2317/org.hear2read.Gujarati V/Flite_Native_Engine:       Clustergen voice: Voice Description: 
07-06 21:00:54.258 2257-2317/org.hear2read.Gujarati I/Flite_Native_Engine: Voices::GetVoiceForLocale: CG voice was found and set correctly.
07-06 21:00:54.258 2257-2317/org.hear2read.Gujarati I/Flite_Native_Engine: Voices::GetVoiceForLocale: language=guj country=IND variant=female
07-06 21:00:54.258 2257-2317/org.hear2read.Gujarati W/Flite_Native_Engine: Voices::GetVoiceForLocale: Requested voice is already loaded. Doing nothing.
07-06 21:00:54.258 2257-2317/org.hear2read.Gujarati V/Flite_Native_JNI_Service: Java_org_hear2read_Gujarati_NativeFliteTTS_nativeSetSpeechRate
07-06 21:00:54.258 2257-2317/org.hear2read.Gujarati I/Flite_Native_Engine: TtsEngine::setSpeechRate : Attempting to set rate 100
07-06 21:00:54.258 2257-2317/org.hear2read.Gujarati W/Flite_Native_Engine: Don't have original stretch
07-06 21:00:54.258 2257-2317/org.hear2read.Gujarati W/Flite_Native_Engine: Original duration stretch: 1.000
07-06 21:00:54.258 2257-2317/org.hear2read.Gujarati V/Flite_Native_JNI_Service: Java_org_hear2read_Gujarati_NativeFliteTTS_nativeGetSampleRate
07-06 21:00:54.258 2257-2317/org.hear2read.Gujarati V/Flite_Native_Engine: getSampleRate: 16000
07-06 21:00:54.258 2257-2317/org.hear2read.Gujarati V/Flite_Native_JNI_Service: HERE: 16000
07-06 21:00:54.258 2257-2317/org.hear2read.Gujarati V/Flite_Native_Engine: getSampleRate: 16000
07-06 21:00:54.258 2257-2317/org.hear2read.Gujarati V/Flite_Java_FliteTtsService: 16000
07-06 21:00:54.258 2257-2317/org.hear2read.Gujarati V/Flite_Native_JNI_Service: Java_org_hear2read_Gujarati_NativeFliteTTS_nativeGetSampleRate
07-06 21:00:54.258 2257-2317/org.hear2read.Gujarati V/Flite_Native_Engine: getSampleRate: 16000
07-06 21:00:54.258 2257-2317/org.hear2read.Gujarati V/Flite_Native_JNI_Service: HERE: 16000
07-06 21:00:54.258 2257-2317/org.hear2read.Gujarati V/Flite_Native_Engine: getSampleRate: 16000
07-06 21:00:54.260 2257-2318/org.hear2read.Gujarati D/AudioTrack: Client defaulted notificationFrames to 1365 for frameCount 4096
07-06 21:00:54.260 2257-2317/org.hear2read.Gujarati V/Flite_Native_JNI_Service: Java_org_hear2read_Gujarati_NativeFliteTTS_nativeSynthesize
07-06 21:00:54.260 2257-2317/org.hear2read.Gujarati I/Flite_Native_Engine: TtsEngine::synthesizeText: text=नरेंद्र मोदी आज से तीन दिन का इजरायल दौरा शुरू कर रहे हैं। वो 70 साल में इजरायल जाने वाले पहले भारतीय पीएम हैं। उनकी इस यात्रा के दौरान दोनों देशों में डिफेंस, एग्रीकल्चर और कारोबार से जुड़ी कुछ डील हो सकती हैं। 10 हजार करोड़ रुपए की स्पाइक और बराक-8 मिसाइल भारत को दिए जाने का करार हो सकता है। मोदी के इस दौरे से दोनों देशों के बीच 25 साल पहले बने बाइलेटरल रिलेशन और मजबूत होने की उम्मीद ह�
07-06 21:00:54.260 2257-2317/org.hear2read.Gujarati I/Flite_Native_Engine: TtsEngine::synthesizeText: streaming is ENABLED
07-06 21:00:54.436 2257-2317/org.hear2read.Gujarati V/Flite_Native_JNI_Service: TtsSynthDoneCallback
07-06 21:00:54.438 2257-2317/org.hear2read.Gujarati V/Flite_Native_JNI_Service: TtsSynthDoneCallback
07-06 21:00:54.441 2257-2317/org.hear2read.Gujarati V/Flite_Native_JNI_Service: TtsSynthDoneCallback
07-06 21:00:54.444 2257-2317/org.hear2read.Gujarati V/Flite_Native_JNI_Service: TtsSynthDoneCallback
07-06 21:00:54.446 2257-2317/org.hear2read.Gujarati V/Flite_Native_JNI_Service: TtsSynthDoneCallback
07-06 21:00:54.448 2257-2317/org.hear2read.Gujarati V/Flite_Native_JNI_Service: TtsSynthDoneCallback
07-06 21:00:54.454 2257-2317/org.hear2read.Gujarati V/Flite_Native_JNI_Service: TtsSynthDoneCallback
07-06 21:00:54.560 2257-2317/org.hear2read.Gujarati V/Flite_Native_JNI_Service: TtsSynthDoneCallback
07-06 21:00:54.655 2257-2317/org.hear2read.Gujarati V/Flite_Native_JNI_Service: TtsSynthDoneCallback
07-06 21:00:54.751 2257-2317/org.hear2read.Gujarati V/Flite_Native_JNI_Service: TtsSynthDoneCallback
07-06 21:00:54.944 2257-2317/org.hear2read.Gujarati V/Flite_Native_JNI_Service: TtsSynthDoneCallback
07-06 21:00:55.039 2257-2317/org.hear2read.Gujarati V/Flite_Native_JNI_Service: TtsSynthDoneCallback
07-06 21:00:55.047 2374-2374/? D/ExtensionsFactory: No custom extensions.
07-06 21:00:55.135 2257-2317/org.hear2read.Gujarati V/Flite_Native_JNI_Service: TtsSynthDoneCallback
07-06 21:00:55.207 2374-2374/? D/BlockedNumbersAuto: Not attempting auto-migrate: already checked once.
07-06 21:00:55.327 2257-2317/org.hear2read.Gujarati V/Flite_Native_JNI_Service: TtsSynthDoneCallback
07-06 21:00:55.411 1743-1743/? V/OtaStartupReceiver: onOtaspChanged: mOtaspMode=3
07-06 21:00:55.411 1581-1624/? D/WIFI: Registering NetworkFactory
07-06 21:00:55.411 1581-1624/? D/WIFI_UT: Registering NetworkFactory
07-06 21:00:55.411 1581-1628/? D/ConnectivityService: Got NetworkFactory Messenger for WIFI
07-06 21:00:55.411 1581-1628/? D/ConnectivityService: Got NetworkFactory Messenger for WIFI_UT
07-06 21:00:55.411 1581-1624/? D/WIFI: got request NetworkRequest [ id=1, legacyType=-1, [ Capabilities: INTERNET&NOT_RESTRICTED&TRUSTED&NOT_VPN] ] with score 50
07-06 21:00:55.411 1581-1624/? D/WIFI_UT: got request NetworkRequest [ id=1, legacyType=-1, [ Capabilities: INTERNET&NOT_RESTRICTED&TRUSTED&NOT_VPN] ] with score 50
07-06 21:00:55.412 1743-1743/? D/CarrierConfigLoader: mHandler: 13 phoneId: 0
07-06 21:00:55.412 1743-1743/? D/CarrierConfigLoader: mHandler: 7 phoneId: 0
07-06 21:00:55.412 1885-1885/? I/AlarmClock: AlarmInitReceiver android.intent.action.BOOT_COMPLETED
07-06 21:00:55.413 1743-1743/? D/CarrierConfigLoader: Loaded config from XML. package=com.android.carrierconfig phoneId=0
07-06 21:00:55.413 1743-1743/? D/CarrierConfigLoader: mHandler: 5 phoneId: 0
07-06 21:00:55.416 1581-1581/? I/Telecom: PhoneAccountRegistrar: SimCallManager queried, returning: null: TSI.gSCMFU@ADc
07-06 21:00:55.418 1645-1645/? I/SystemBroadcastReceiver: Boot has been completed
07-06 21:00:55.418 1645-1645/? I/SystemBroadcastReceiver: toggleAppIcon() : FLAG_SYSTEM = true
07-06 21:00:55.423 2257-2317/org.hear2read.Gujarati V/Flite_Native_JNI_Service: TtsSynthDoneCallback
07-06 21:00:55.426 2401-2401/? W/art: Unexpected CPU variant for X86 using defaults: x86
07-06 21:00:55.433 1581-2065/? I/ActivityManager: Start proc 2401:com.android.managedprovisioning/u0a20 for broadcast com.android.managedprovisioning/.BootReminder
07-06 21:00:55.519 2257-2317/org.hear2read.Gujarati V/Flite_Native_JNI_Service: TtsSynthDoneCallback
07-06 21:00:55.533 2401-2401/? W/System: ClassLoader referenced unknown path: /system/priv-app/ManagedProvisioning/lib/x86
07-06 21:00:55.573 2150-2150/? D/MusicLifecycle: com.google.android.music.download.cache.StorageMigrationService generated event: Service destroyed
07-06 21:00:55.574 2150-2150/? D/MusicLifecycle: com.google.android.music.store.MediaStoreImportService generated event: Service destroyed
07-06 21:00:55.639 2414-2414/? W/art: Unexpected CPU variant for X86 using defaults: x86
07-06 21:00:55.646 1581-2065/? I/ActivityManager: Start proc 2414:com.google.android.gms/u0a13 for service com.google.android.gms/.ads.identifier.service.AdvertisingIdService
07-06 21:00:55.655 2414-2414/? W/System: ClassLoader referenced unknown path: /system/priv-app/PrebuiltGmsCore/lib/x86
07-06 21:00:55.661 2414-2414/? I/LoadedApk: No resource references to update in package FFFFFFFFFFFFFFFFFFFFFF
07-06 21:00:55.711 2257-2317/org.hear2read.Gujarati V/Flite_Native_JNI_Service: TtsSynthDoneCallback
07-06 21:00:55.720 1743-1743/? V/OmtpBootCompletedRcvr: processing deferred subId list
07-06 21:00:55.720 1743-1743/? V/OmtpBootCompletedRcvr: processing subId 1
07-06 21:00:55.807 2257-2317/org.hear2read.Gujarati V/Flite_Native_JNI_Service: TtsSynthDoneCallback
07-06 21:00:55.903 2257-2317/org.hear2read.Gujarati V/Flite_Native_JNI_Service: TtsSynthDoneCallback
07-06 21:00:56.095 2257-2317/org.hear2read.Gujarati V/Flite_Native_JNI_Service: TtsSynthDoneCallback
07-06 21:00:56.191 2257-2317/org.hear2read.Gujarati V/Flite_Native_JNI_Service: TtsSynthDoneCallback
07-06 21:00:56.212 1743-1743/? I/OmtpVvmCarrierCfgHlpr: Requesting VVM activation for subId: 1
07-06 21:00:56.287 2257-2317/org.hear2read.Gujarati V/Flite_Native_JNI_Service: TtsSynthDoneCallback
07-06 21:00:56.479 2257-2317/org.hear2read.Gujarati V/Flite_Native_JNI_Service: TtsSynthDoneCallback
07-06 21:00:56.575 2257-2317/org.hear2read.Gujarati V/Flite_Native_JNI_Service: TtsSynthDoneCallback
07-06 21:00:56.767 2257-2317/org.hear2read.Gujarati V/Flite_Native_JNI_Service: TtsSynthDoneCallback
07-06 21:00:56.863 2257-2317/org.hear2read.Gujarati V/Flite_Native_JNI_Service: TtsSynthDoneCallback
07-06 21:00:56.888 2428-2428/? W/art: Unexpected CPU variant for X86 using defaults: x86
07-06 21:00:56.896 1581-1897/? I/ActivityManager: Start proc 2428:com.android.providers.calendar/u0a2 for broadcast com.android.providers.calendar/.CalendarReceiver
07-06 21:00:56.902 1743-1743/? V/VvmPhoneStateListener: Signal returned: reattempting activation for 89014103211118510720
07-06 21:00:56.902 1743-1743/? I/OmtpVvmCarrierCfgHlpr: Requesting VVM activation for subId: 1
07-06 21:00:56.903 2414-2414/? W/linker: /system/priv-app/PrebuiltGmsCore/PrebuiltGmsCore.apk!/lib/x86/libgmscore.so: unused DT entry: type 0x7ffffffd arg 0x754
07-06 21:00:56.905 2414-2414/? W/linker: /system/priv-app/PrebuiltGmsCore/PrebuiltGmsCore.apk!/lib/x86/libconscrypt_gmscore_jni.so: unused DT entry: type 0x7ffffffd arg 0x174
07-06 21:00:56.905 2414-2414/? V/JNIHelp: Registering com/google/android/gms/org/conscrypt/NativeCrypto's 242 native methods...
07-06 21:00:56.913 2374-2400/? W/CountryDetector: No location permissions, not registering for location updates.
07-06 21:00:56.914 2414-2414/? D/NetworkSecurityConfig: No Network Security Config specified, using platform default
07-06 21:00:56.915 2414-2414/? I/ProviderInstaller: Installed default security provider GmsCore_OpenSSL
07-06 21:00:56.958 2257-2317/org.hear2read.Gujarati V/Flite_Native_JNI_Service: TtsSynthDoneCallback
07-06 21:00:56.987 2428-2428/? W/System: ClassLoader referenced unknown path: /system/priv-app/CalendarProvider/lib/x86
07-06 21:00:57.151 2257-2317/org.hear2read.Gujarati V/Flite_Native_JNI_Service: TtsSynthDoneCallback
07-06 21:00:57.173 2428-2428/? I/CalendarProvider2: Created com.android.providers.calendar.CalendarAlarmManager@a943be8(com.android.providers.calendar.CalendarProvider2@8ce6201)
07-06 21:00:57.247 2257-2317/org.hear2read.Gujarati V/Flite_Native_JNI_Service: TtsSynthDoneCallback
07-06 21:00:57.316 2150-2160/? W/art: Suspending all threads took: 47.665ms
07-06 21:00:57.330 2450-2450/? W/art: Unexpected CPU variant for X86 using defaults: x86
07-06 21:00:57.337 1581-1898/? I/ActivityManager: Start proc 2450:com.android.vending/u0a21 for broadcast com.android.vending/com.google.android.finsky.receivers.BootCompletedReceiver
07-06 21:00:57.342 2257-2317/org.hear2read.Gujarati V/Flite_Native_JNI_Service: TtsSynthDoneCallback
07-06 21:00:57.514 2013-2013/? W/art: Verification of void alik.<init>(android.content.Context) took 219.364ms
07-06 21:00:57.535 2257-2317/org.hear2read.Gujarati V/Flite_Native_JNI_Service: TtsSynthDoneCallback
07-06 21:00:57.566 1581-1594/? W/ActivityManager: Timeout executing service: ServiceRecord{a922979 u0 com.google.android.gms/com.google.android.location.internal.server.HardwareArProviderService}
07-06 21:00:57.602 2450-2450/? W/System: ClassLoader referenced unknown path: /system/priv-app/Phonesky/lib/x86
07-06 21:00:57.626 1581-1594/? I/Process: Sending signal. PID: 2013 SIG: 3
07-06 21:00:57.626 2013-2020/? I/art: Thread[3,tid=2020,WaitingInMainSignalCatcherLoop,Thread*=0xa16a0e00,peer=0x12c1eaf0,"Signal Catcher"]: reacting to signal 3
07-06 21:00:57.630 2257-2317/org.hear2read.Gujarati V/Flite_Native_JNI_Service: TtsSynthDoneCallback
07-06 21:00:57.631 1986-2447/? W/MediaScanner: Error opening directory '/oem/media/', skipping: No such file or directory.
07-06 21:00:57.654 2013-2020/? W/art: Suspending all threads took: 28.115ms
07-06 21:00:57.672 1986-2447/? V/MediaScanner: pruneDeadThumbnailFiles... android.content.ContentProviderClient$CursorWrapperInner@2f1e0c7
07-06 21:00:57.672 1986-2447/? V/MediaScanner: /pruneDeadThumbnailFiles... android.content.ContentProviderClient$CursorWrapperInner@2f1e0c7
07-06 21:00:57.726 2257-2317/org.hear2read.Gujarati V/Flite_Native_JNI_Service: TtsSynthDoneCallback
07-06 21:00:57.882 2013-2020/? I/art: Wrote stack traces to '/data/anr/traces.txt'
07-06 21:00:57.883 1581-1594/? E/ActivityManager: ANR in com.google.android.gms.persistent
                                                  PID: 2013
                                                  Reason: executing service com.google.android.gms/com.google.android.location.internal.server.HardwareArProviderService
                                                  Load: 0.0 / 0.0 / 0.0
                                                  CPU usage from 24380ms to 0ms ago (2017-07-06 21:00:33.186 to 2017-07-06 21:00:57.566):
                                                    9% 1581/system_server: 6.7% user + 2.2% kernel / faults: 32351 minor 11 major
                                                    3.1% 1302/surfaceflinger: 1.1% user + 2% kernel / faults: 56 minor
                                                    2.5% 1668/com.android.systemui: 1.9% user + 0.6% kernel / faults: 15361 minor 42 major
                                                    1.5% 1332/kworker/u5:2: 0% user + 1.5% kernel
                                                    0.9% 1319/kworker/u5:0: 0% user + 0.9% kernel
                                                    0.8% 1743/com.android.phone: 0.8% user + 0% kernel / faults: 3269 minor 3 major
                                                    0.4% 1652/sdcard: 0% user + 0.4% kernel / faults: 22 minor
                                                    0.3% 1//init: 0.1% user + 0.1% kernel / faults: 126 minor
                                                    0.3% 1346/audioserver: 0.1% user + 0.1% kernel / faults: 192 minor
                                                    0.2% 1345/zygote: 0.1% user + 0.1% kernel / faults: 2622 minor
                                                    0.2% 1301/servicemanager: 0% user + 0.1% kernel
                                                    0.1% 1250/logd: 0% user + 0.1% kernel / faults: 83 minor
                                                    0% 806/kworker/1:2: 0% user + 0% kernel
                                                    0.1% 1885/com.android.deskclock: 0.1% user + 0% kernel / faults: 1326 minor 10 major
                                                    0% 8/rcu_preempt: 0% user + 0% kernel
                                                    0% 1246/kworker/0:1H: 0% user + 0% kernel
                                                    0% 1331/kworker/u5:1: 0% user + 0% kernel
                                                    0% 1349/installd: 0% user + 0% kernel / faults: 133 minor
                                                    0% 1353/media.extractor: 0% user + 0% kernel / faults: 15 minor
                                                    0% 1354/mediaserver: 0% user + 0% kernel / faults: 164 minor
                                                    0% 1861/com.android.cellbroadcastreceiver: 0% user + 0% kernel / faults: 633 minor
                                                    0% 1242/kworker/1:1H: 0% user + 0% kernel
                                                    0% 1321/dmcrypt_write: 0% user + 0% kernel
                                                    0% 1339/jbd2/dm-0-8: 0% user + 0% kernel
                                                    0% 1356/rild: 0% user + 0% kernel
                                                    0% 1645/com.android.inputmethod.latin: 0% user + 0% kernel / faults: 300 minor
                                                    0% 1761/com.android.settings: 0% user + 0% kernel / faults: 321 minor
                                                   +0% 1959/com.google.android.ext.services: 0% user + 0% kernel
                                                   +0% 1974/adbd: 0% user + 0% kernel
                                                   +0% 1979/logcat: 0% user + 0% kernel
                                                   +0% 1986/android.process.media: 0% user + 0% kernel
                                                   +0% 2013/com.google.android.gms.persistent: 0% user + 0% kernel
                                                   +0% 2047/com.google.android.googlequicksearchbox:interactor: 0% user + 0% kernel
                                                   +0% 2054/com.android.printspooler: 0% user + 0% kernel
                                                   +0% 2067/com.android.launcher3: 0% user + 0% kernel
                                                   +0% 2084/com.android.keychain: 0% user + 0% kernel
                                                   +0% 2103/kworker/0:2: 0% user + 0% kernel
                                                   +0% 2134/android.process.acore: 0% user + 0% kernel
                                                   +0% 2150/com.google.android.music:main: 0% user + 0% kernel
                                                   +0% 2214/com.android.defcontainer: 0% user + 0% kernel
                                                   +0% 2257/org.hear2read.Gujarati: 0% user + 0% kernel
                                                   +0% 2273/com.google.android.googlequicksearchbox:search: 0% user + 0% kernel
                                                   +0% 2287/com.google.process.gapps: 0% user + 0% kernel
                                                   +0% 2341/com.google.android.partnersetup: 0% user + 0% kernel
                                                   +0% 2374/com.android.dialer: 0% user + 0% kernel
                                                   +0% 2389/logcat: 0% user + 0% kernel
                                                   +0% 2401/com.android.managedprovisioning: 0% user + 0% kernel
                                                   +0% 2414/com.google.android.gms: 0% user + 0% kernel
                                                   +0% 2428/com.android.providers.calendar: 0% user + 0% kernel
                                                   +0% 2450/com.android.vending: 0% user + 0% kernel
                                                  83% TOTAL: 13% user + 7.6% kernel + 62% iowait + 0.3% softirq
                                                  CPU usage from 68511ms to 68511ms ago (1969-12-31 19:00:00.000 to 1969-12-31 19:00:00.000) with 0% awake:
                                                  0% TOTAL: 0% user + 0% kernel
07-06 21:00:57.884 1581-1594/? I/ActivityManager: Killing 2013:com.google.android.gms.persistent/u0a13 (adj 0): bg anr
07-06 21:00:57.919 2257-2317/org.hear2read.Gujarati V/Flite_Native_JNI_Service: TtsSynthDoneCallback
07-06 21:00:57.925 1581-1581/? V/BackupManagerService: Disconnected from transport ComponentInfo{com.google.android.gms/com.google.android.gms.backup.BackupTransportService}
07-06 21:00:57.925 1581-1581/? V/BackupManagerService: Registering transport com.google.android.gms/.backup.BackupTransportService::null = null
07-06 21:00:57.925 1581-2065/? D/ActivityManager: cleanUpApplicationRecord -- 2013
07-06 21:00:57.926 1581-2065/? W/ActivityManager: Scheduling restart of crashed service com.google.android.gms/com.google.android.location.network.NetworkLocationService in 1000ms
07-06 21:00:57.926 1581-2065/? W/ActivityManager: Scheduling restart of crashed service com.google.android.gms/.backup.BackupTransportService in 11000ms
07-06 21:00:57.926 1581-2065/? W/ActivityManager: Scheduling restart of crashed service com.google.android.gms/com.google.android.location.internal.server.HardwareArProviderService in 21000ms
07-06 21:00:57.926 1581-2065/? W/ActivityManager: Scheduling restart of crashed service com.google.android.gms/com.google.android.location.geofencer.service.GeofenceProviderService in 31000ms
07-06 21:00:57.926 1581-2065/? W/ActivityManager: Scheduling restart of crashed service com.google.android.gms/com.google.android.location.fused.FusedLocationService in 41000ms
07-06 21:00:57.926 1581-2065/? W/ActivityManager: Scheduling restart of crashed service com.google.android.gms/com.google.android.location.geocode.GeocodeService in 51000ms
07-06 21:00:58.015 2257-2317/org.hear2read.Gujarati V/Flite_Native_JNI_Service: TtsSynthDoneCallback
07-06 21:00:58.111 2257-2317/org.hear2read.Gujarati V/Flite_Native_JNI_Service: TtsSynthDoneCallback
07-06 21:00:58.228 2428-2428/? I/CalendarProvider2: Sending notification intent: Intent { act=android.intent.action.PROVIDER_CHANGED dat=content://com.android.calendar flg=0x20000000 }
07-06 21:00:58.228 2428-2428/? W/ContentResolver: Failed to get type for: content://com.android.calendar (Unknown URL content://com.android.calendar)
07-06 21:00:58.302 2257-2317/org.hear2read.Gujarati V/Flite_Native_JNI_Service: TtsSynthDoneCallback
07-06 21:00:58.399 2257-2317/org.hear2read.Gujarati V/Flite_Native_JNI_Service: TtsSynthDoneCallback
07-06 21:00:58.590 2257-2317/org.hear2read.Gujarati V/Flite_Native_JNI_Service: TtsSynthDoneCallback
07-06 21:00:58.686 2257-2317/org.hear2read.Gujarati V/Flite_Native_JNI_Service: TtsSynthDoneCallback
07-06 21:00:58.782 2257-2317/org.hear2read.Gujarati V/Flite_Native_JNI_Service: TtsSynthDoneCallback
07-06 21:00:58.888 2450-2450/? W/Finsky: [1] com.google.android.finsky.FinskyApp.i(1468): No account configured on this device.
07-06 21:00:58.928 2468-2468/? W/art: Unexpected CPU variant for X86 using defaults: x86
07-06 21:00:58.936 1581-1594/? I/ActivityManager: Start proc 2468:com.google.android.gms.persistent/u0a13 for service com.google.android.gms/com.google.android.location.network.NetworkLocationService
07-06 21:00:58.945 2468-2468/? W/System: ClassLoader referenced unknown path: /system/priv-app/PrebuiltGmsCore/lib/x86
07-06 21:00:58.951 2468-2468/? I/LoadedApk: No resource references to update in package FFFFFFFFFFFFFFFFFFFFFF
07-06 21:00:58.962 2468-2468/? W/linker: /system/priv-app/PrebuiltGmsCore/PrebuiltGmsCore.apk!/lib/x86/libgmscore.so: unused DT entry: type 0x7ffffffd arg 0x754
07-06 21:00:58.965 2468-2468/? W/linker: /system/priv-app/PrebuiltGmsCore/PrebuiltGmsCore.apk!/lib/x86/libconscrypt_gmscore_jni.so: unused DT entry: type 0x7ffffffd arg 0x174
07-06 21:00:58.965 2468-2468/? V/JNIHelp: Registering com/google/android/gms/org/conscrypt/NativeCrypto's 242 native methods...
07-06 21:00:58.966 2450-2450/? W/Finsky: [1] com.google.android.finsky.FinskyApp.i(1468): No account configured on this device.
07-06 21:00:58.978 2468-2468/? D/NetworkSecurityConfig: No Network Security Config specified, using platform default
07-06 21:00:58.978 2468-2468/? I/ProviderInstaller: Installed default security provider GmsCore_OpenSSL
07-06 21:00:58.985 2450-2450/? W/Finsky: [1] com.google.android.finsky.FinskyApp.i(1468): No account configured on this device.
07-06 21:00:59.005 2468-2468/? I/GCoreNlp: shouldConfirmNlp, NLP off. Ensuring opt-in disabled
07-06 21:00:59.007 2450-2450/? W/Finsky: [1] com.google.android.finsky.FinskyApp.i(1468): No account configured on this device.
07-06 21:00:59.027 1581-1581/? V/BackupManagerService: Connected to transport ComponentInfo{com.google.android.gms/com.google.android.gms.backup.BackupTransportService}
07-06 21:00:59.027 1581-1581/? V/BackupManagerService: Registering transport com.google.android.gms/.backup.BackupTransportService::com.google.android.gms/.backup.BackupTransportService = com.android.internal.backup.IBackupTransport$Stub$Proxy@610f76e
07-06 21:00:59.097 2468-2478/? W/art: Suspending all threads took: 8.973ms
07-06 21:00:59.100 2468-2478/? I/art: Background sticky concurrent mark sweep GC freed 46634(3MB) AllocSpace objects, 11(324KB) LOS objects, 44% free, 4MB/8MB, paused 9.254ms total 34.217ms
07-06 21:00:59.149 2450-2450/? I/Finsky: [1] com.google.android.finsky.FinskyApp.onCreate(430): Initializing network with DFE https://android.clients.google.com/fdfe/
07-06 21:00:59.150 2450-2450/? W/Finsky: [1] com.google.android.finsky.FinskyApp.i(1468): No account configured on this device.
07-06 21:00:59.177 2257-2317/org.hear2read.Gujarati V/Flite_Native_JNI_Service: TtsSynthDoneCallback
07-06 21:00:59.179 2257-2317/org.hear2read.Gujarati V/Flite_Native_JNI_Service: TtsSynthDoneCallback
07-06 21:00:59.181 2257-2317/org.hear2read.Gujarati V/Flite_Native_JNI_Service: TtsSynthDoneCallback
07-06 21:00:59.358 2257-2317/org.hear2read.Gujarati V/Flite_Native_JNI_Service: TtsSynthDoneCallback
07-06 21:00:59.426 2450-2450/? W/Finsky: [1] com.google.android.finsky.FinskyApp.i(1468): No account configured on this device.
07-06 21:00:59.426 2450-2450/? W/Finsky: [1] com.google.android.finsky.FinskyApp.i(1468): No account configured on this device.
07-06 21:00:59.438 2450-2450/? W/Finsky: [1] com.google.android.finsky.FinskyApp.i(1468): No account configured on this device.
07-06 21:00:59.439 2450-2450/? W/Finsky: [1] com.google.android.finsky.FinskyApp.i(1468): No account configured on this device.
07-06 21:00:59.455 2257-2317/org.hear2read.Gujarati V/Flite_Native_JNI_Service: TtsSynthDoneCallback
07-06 21:00:59.464 2450-2450/? W/Finsky: [1] com.google.android.finsky.FinskyApp.i(1468): No account configured on this device.
07-06 21:00:59.464 2450-2450/? W/Finsky: [1] com.google.android.finsky.FinskyApp.i(1468): No account configured on this device.
07-06 21:00:59.551 2257-2317/org.hear2read.Gujarati V/Flite_Native_JNI_Service: TtsSynthDoneCallback
07-06 21:00:59.743 2257-2317/org.hear2read.Gujarati V/Flite_Native_JNI_Service: TtsSynthDoneCallback
07-06 21:00:59.839 2257-2317/org.hear2read.Gujarati V/Flite_Native_JNI_Service: TtsSynthDoneCallback
07-06 21:00:59.894 2468-2468/? W/Backup: [GmsBackupAccountManager] Backup account not found in gmscore.
07-06 21:00:59.935 2257-2317/org.hear2read.Gujarati V/Flite_Native_JNI_Service: TtsSynthDoneCallback
07-06 21:00:59.956 2450-2450/? W/Finsky: [1] com.google.android.finsky.FinskyApp.i(1468): No account configured on this device.
07-06 21:00:59.957 2450-2450/? W/Finsky: [1] com.google.android.finsky.FinskyApp.i(1468): No account configured on this device.
07-06 21:01:00.021 2450-2450/? I/Finsky: [1] com.google.android.finsky.services.DailyHygiene.a(171): No need to run daily hygiene.
07-06 21:01:00.023 2450-2450/? W/Finsky: [1] com.google.android.finsky.FinskyApp.i(1468): No account configured on this device.
07-06 21:01:00.126 2257-2317/org.hear2read.Gujarati V/Flite_Native_JNI_Service: TtsSynthDoneCallback
07-06 21:01:00.206 2450-2450/? W/Settings: Setting download_manager_max_bytes_over_mobile has moved from android.provider.Settings.Secure to android.provider.Settings.Global.
07-06 21:01:00.207 2450-2450/? W/Settings: Setting download_manager_recommended_max_bytes_over_mobile has moved from android.provider.Settings.Secure to android.provider.Settings.Global.
07-06 21:01:00.222 2257-2317/org.hear2read.Gujarati V/Flite_Native_JNI_Service: TtsSynthDoneCallback
07-06 21:01:00.319 2257-2317/org.hear2read.Gujarati V/Flite_Native_JNI_Service: TtsSynthDoneCallback
07-06 21:01:00.422 2450-2450/? W/Finsky: [1] com.google.android.finsky.FinskyApp.i(1468): No account configured on this device.
07-06 21:01:00.452 2450-2450/? W/Finsky: [1] com.google.android.finsky.FinskyApp.i(1468): No account configured on this device.
07-06 21:01:00.453 2450-2450/? W/Finsky: [1] com.google.android.finsky.FinskyApp.i(1468): No account configured on this device.
07-06 21:01:00.453 2450-2450/? W/Finsky: [1] com.google.android.finsky.FinskyApp.i(1468): No account configured on this device.
07-06 21:01:00.454 2450-2450/? W/Finsky: [1] com.google.android.finsky.FinskyApp.i(1468): No account configured on this device.
07-06 21:01:00.454 2450-2450/? W/Finsky: [1] com.google.android.finsky.FinskyApp.b(1150): No account configured on this device.
07-06 21:01:00.498 2450-2450/? W/Finsky: [1] com.google.android.finsky.FinskyApp.i(1468): No account configured on this device.
07-06 21:01:00.503 2450-2523/? W/Finsky: [143] com.google.android.finsky.FinskyApp.i(1468): No account configured on this device.
07-06 21:01:00.503 2525-2525/? W/art: Unexpected CPU variant for X86 using defaults: x86
07-06 21:01:00.510 1581-1638/? I/ActivityManager: Start proc 2525:com.google.android.apps.maps/u0a58 for broadcast com.google.android.apps.maps/com.google.android.apps.gmm.navigation.service.detection.StartDetectionReceiver
07-06 21:01:00.511 2257-2317/org.hear2read.Gujarati V/Flite_Native_JNI_Service: TtsSynthDoneCallback
07-06 21:01:00.520 2468-2499/? W/GCoreFlp: No location to return for getLastLocation()
07-06 21:01:00.532 2450-2450/? I/Finsky: [1] com.google.android.finsky.c.l.a(270): result=false type=4
07-06 21:01:00.607 2257-2317/org.hear2read.Gujarati V/Flite_Native_JNI_Service: TtsSynthDoneCallback
07-06 21:01:00.659 2525-2525/? W/System: ClassLoader referenced unknown path: /system/app/Maps/lib/x86
07-06 21:01:00.668 2468-2468/? W/Settings: Setting airplane_mode_on has moved from android.provider.Settings.System to android.provider.Settings.Global, returning read-only value.
07-06 21:01:00.687 2450-2450/? I/Finsky: [1] com.google.android.finsky.services.bc.a(1050): Restore complete with 0 success and 0 failed.
07-06 21:01:00.703 2257-2317/org.hear2read.Gujarati V/Flite_Native_JNI_Service: TtsSynthDoneCallback
07-06 21:01:00.706 2450-2523/? W/Finsky: [143] com.google.android.finsky.FinskyApp.i(1468): No account configured on this device.
07-06 21:01:00.895 2257-2317/org.hear2read.Gujarati V/Flite_Native_JNI_Service: TtsSynthDoneCallback
07-06 21:01:00.990 2257-2317/org.hear2read.Gujarati V/Flite_Native_JNI_Service: TtsSynthDoneCallback
07-06 21:01:01.087 2257-2317/org.hear2read.Gujarati V/Flite_Native_JNI_Service: TtsSynthDoneCallback
07-06 21:01:01.279 2257-2317/org.hear2read.Gujarati V/Flite_Native_JNI_Service: TtsSynthDoneCallback
07-06 21:01:01.360 2468-2542/? E/BluetoothAdapter: Bluetooth binder is null
07-06 21:01:01.374 2257-2317/org.hear2read.Gujarati V/Flite_Native_JNI_Service: TtsSynthDoneCallback
07-06 21:01:01.475 2468-2517/? I/GeofencerStateMachine: Network location disabled.
07-06 21:01:01.510 1581-1624/? D/WifiNative-HAL: Failing getSupportedFeatureset because HAL isn't started
07-06 21:01:01.566 2257-2317/org.hear2read.Gujarati V/Flite_Native_JNI_Service: TtsSynthDoneCallback
07-06 21:01:01.662 2257-2317/org.hear2read.Gujarati V/Flite_Native_JNI_Service: TtsSynthDoneCallback
07-06 21:01:01.759 2257-2317/org.hear2read.Gujarati V/Flite_Native_JNI_Service: TtsSynthDoneCallback
07-06 21:01:01.913 2468-2468/? W/System: ClassLoader referenced unknown path: 
07-06 21:01:01.913 2468-2468/? W/System: ClassLoader referenced unknown path: /system/priv-app/PrebuiltGmsCore/lib/x86
07-06 21:01:01.914 2468-2468/? I/DynamiteModule: Considering local module com.google.android.gms.googlecertificates:2 and remote module com.google.android.gms.googlecertificates:2
07-06 21:01:01.914 2468-2468/? I/DynamiteModule: Selected remote version of com.google.android.gms.googlecertificates, version >= 2
07-06 21:01:01.950 2257-2317/org.hear2read.Gujarati V/Flite_Native_JNI_Service: TtsSynthDoneCallback
07-06 21:01:02.046 2257-2317/org.hear2read.Gujarati V/Flite_Native_JNI_Service: TtsSynthDoneCallback
07-06 21:01:02.053 2468-2542/? W/Settings: Setting airplane_mode_on has moved from android.provider.Settings.System to android.provider.Settings.Global, returning read-only value.
07-06 21:01:02.055 2468-2542/? W/Settings: Setting airplane_mode_on has moved from android.provider.Settings.System to android.provider.Settings.Global, returning read-only value.
07-06 21:01:02.143 2257-2317/org.hear2read.Gujarati V/Flite_Native_JNI_Service: TtsSynthDoneCallback
07-06 21:01:02.334 2257-2317/org.hear2read.Gujarati V/Flite_Native_JNI_Service: TtsSynthDoneCallback
07-06 21:01:02.430 2257-2317/org.hear2read.Gujarati V/Flite_Native_JNI_Service: TtsSynthDoneCallback
07-06 21:01:02.526 2257-2317/org.hear2read.Gujarati V/Flite_Native_JNI_Service: TtsSynthDoneCallback
07-06 21:01:02.718 2257-2317/org.hear2read.Gujarati V/Flite_Native_JNI_Service: TtsSynthDoneCallback
07-06 21:01:02.815 2257-2317/org.hear2read.Gujarati V/Flite_Native_JNI_Service: TtsSynthDoneCallback
07-06 21:01:02.910 2257-2317/org.hear2read.Gujarati V/Flite_Native_JNI_Service: TtsSynthDoneCallback
07-06 21:01:03.102 2257-2317/org.hear2read.Gujarati V/Flite_Native_JNI_Service: TtsSynthDoneCallback
07-06 21:01:03.198 2257-2317/org.hear2read.Gujarati V/Flite_Native_JNI_Service: TtsSynthDoneCallback
07-06 21:01:03.294 2257-2317/org.hear2read.Gujarati V/Flite_Native_JNI_Service: TtsSynthDoneCallback
07-06 21:01:03.487 2257-2317/org.hear2read.Gujarati V/Flite_Native_JNI_Service: TtsSynthDoneCallback
07-06 21:01:03.582 2257-2317/org.hear2read.Gujarati V/Flite_Native_JNI_Service: TtsSynthDoneCallback
07-06 21:01:03.775 2257-2317/org.hear2read.Gujarati V/Flite_Native_JNI_Service: TtsSynthDoneCallback
07-06 21:01:03.869 2257-2317/org.hear2read.Gujarati V/Flite_Native_JNI_Service: TtsSynthDoneCallback
07-06 21:01:04.196 2257-2317/org.hear2read.Gujarati V/Flite_Native_JNI_Service: TtsSynthDoneCallback
07-06 21:01:04.198 2257-2317/org.hear2read.Gujarati V/Flite_Native_JNI_Service: TtsSynthDoneCallback
07-06 21:01:04.200 2257-2317/org.hear2read.Gujarati V/Flite_Native_JNI_Service: TtsSynthDoneCallback
07-06 21:01:04.254 2257-2317/org.hear2read.Gujarati V/Flite_Native_JNI_Service: TtsSynthDoneCallback
07-06 21:01:04.350 2257-2317/org.hear2read.Gujarati V/Flite_Native_JNI_Service: TtsSynthDoneCallback
07-06 21:01:04.542 2257-2317/org.hear2read.Gujarati V/Flite_Native_JNI_Service: TtsSynthDoneCallback
07-06 21:01:04.638 2257-2317/org.hear2read.Gujarati V/Flite_Native_JNI_Service: TtsSynthDoneCallback
07-06 21:01:04.830 2257-2317/org.hear2read.Gujarati V/Flite_Native_JNI_Service: TtsSynthDoneCallback
07-06 21:01:04.926 2257-2317/org.hear2read.Gujarati V/Flite_Native_JNI_Service: TtsSynthDoneCallback
07-06 21:01:05.023 2257-2317/org.hear2read.Gujarati V/Flite_Native_JNI_Service: TtsSynthDoneCallback
07-06 21:01:05.214 2257-2317/org.hear2read.Gujarati V/Flite_Native_JNI_Service: TtsSynthDoneCallback
07-06 21:01:05.310 2257-2317/org.hear2read.Gujarati V/Flite_Native_JNI_Service: TtsSynthDoneCallback
07-06 21:01:05.406 2257-2317/org.hear2read.Gujarati V/Flite_Native_JNI_Service: TtsSynthDoneCallback
07-06 21:01:05.598 2257-2317/org.hear2read.Gujarati V/Flite_Native_JNI_Service: TtsSynthDoneCallback
07-06 21:01:05.653 2525-2535/? W/art: Suspending all threads took: 103.289ms
07-06 21:01:05.694 2257-2317/org.hear2read.Gujarati V/Flite_Native_JNI_Service: TtsSynthDoneCallback
07-06 21:01:05.779 2568-2568/? W/art: Unexpected CPU variant for X86 using defaults: x86
07-06 21:01:05.786 1581-1898/? I/ActivityManager: Start proc 2568:com.google.android.apps.messaging/u0a65 for broadcast com.google.android.apps.messaging/.shared.receiver.BootAndPackageReplacedReceiver
07-06 21:01:05.886 2257-2317/org.hear2read.Gujarati V/Flite_Native_JNI_Service: TtsSynthDoneCallback
07-06 21:01:05.890 2568-2568/? W/System: ClassLoader referenced unknown path: /system/app/PrebuiltBugle/lib/x86
07-06 21:01:05.982 2257-2317/org.hear2read.Gujarati V/Flite_Native_JNI_Service: TtsSynthDoneCallback
07-06 21:01:06.078 2257-2317/org.hear2read.Gujarati V/Flite_Native_JNI_Service: TtsSynthDoneCallback
07-06 21:01:06.242 2525-2555/? W/com.google.a.a.b.d.a: Application name is not set. Call Builder#setApplicationName.
07-06 21:01:06.270 2257-2317/org.hear2read.Gujarati V/Flite_Native_JNI_Service: TtsSynthDoneCallback
07-06 21:01:06.366 2257-2317/org.hear2read.Gujarati V/Flite_Native_JNI_Service: TtsSynthDoneCallback
07-06 21:01:06.462 2257-2317/org.hear2read.Gujarati V/Flite_Native_JNI_Service: TtsSynthDoneCallback
07-06 21:01:06.654 2257-2317/org.hear2read.Gujarati V/Flite_Native_JNI_Service: TtsSynthDoneCallback
07-06 21:01:06.750 2257-2317/org.hear2read.Gujarati V/Flite_Native_JNI_Service: TtsSynthDoneCallback
07-06 21:01:06.846 2257-2317/org.hear2read.Gujarati V/Flite_Native_JNI_Service: TtsSynthDoneCallback
07-06 21:01:07.038 2257-2317/org.hear2read.Gujarati V/Flite_Native_JNI_Service: TtsSynthDoneCallback
07-06 21:01:07.135 2257-2317/org.hear2read.Gujarati V/Flite_Native_JNI_Service: TtsSynthDoneCallback
07-06 21:01:07.230 2257-2317/org.hear2read.Gujarati V/Flite_Native_JNI_Service: TtsSynthDoneCallback
07-06 21:01:07.422 2257-2317/org.hear2read.Gujarati V/Flite_Native_JNI_Service: TtsSynthDoneCallback
07-06 21:01:07.472 2588-2588/? W/art: Unexpected CPU variant for X86 using defaults: x86
07-06 21:01:07.479 1581-1638/? I/ActivityManager: Start proc 2588:com.google.android.apps.photos/u0a63 for broadcast com.google.android.apps.photos/.camerashortcut.CameraShortcutBroadcastReceiver
07-06 21:01:07.505 2568-2587/? I/Bugle: ApnsOta: OTA version -1
07-06 21:01:07.518 2257-2317/org.hear2read.Gujarati V/Flite_Native_JNI_Service: TtsSynthDoneCallback
07-06 21:01:07.579 2588-2588/? W/System: ClassLoader referenced unknown path: /system/app/Photos/lib/x86
07-06 21:01:07.670 2568-2568/? I/Bugle: Carrier config changed. Reloading MMS config.
07-06 21:01:07.711 2257-2317/org.hear2read.Gujarati V/Flite_Native_JNI_Service: TtsSynthDoneCallback
07-06 21:01:07.716 2568-2602/? I/BugleDataModel: Fixup: Send failed - 0 Download failed - 0
