07-06 21:00:32.672 1581-1593/? W/GnssLocationProvider: Could not open GPS configuration file /etc/gps.conf
07-06 21:00:32.672 1581-1593/? E/GnssLocationProvider: no AGPS interface in set_agps_server
07-06 21:00:32.672 1581-1593/? I/GnssLocationProvider: WakeLock released by handleMessage(12, 0, null)
07-06 21:00:32.679 1743-1743/? D/TelephonyProvider: subIdString = 1 subId = 1
07-06 21:00:32.689 1743-1743/? I/Telephony: PstnIncomingCallNotifier: Unregistering: Handler (com.android.internal.telephony.GsmCdmaPhone) {8aef8af}
07-06 21:00:32.693 1581-1897/? I/Telecom: PhoneAccountRegistrar: [ComponentInfo{com.android.phone/com.android.services.telephony.TelephonyConnectionService}, [e2f7d48dd2b5ca523e7313cf4ba0f6ea830b6281], UserHandle{0}(icon: Icon(typ=BITMAP size=50x63) -> Icon(typ=BITMAP size=50x63))]: TSI.rPA@ABg
07-06 21:00:32.694 1581-1897/? I/Telecom: : Sending phone-account registered intent as user: TSI.rPA@ABg
07-06 21:00:32.696 1743-1743/? I/Telephony: AccountEntry: Registered phoneAccount: [[ ] PhoneAccount: ComponentInfo{com.android.phone/com.android.services.telephony.TelephonyConnectionService}, [e2f7d48dd2b5ca523e7313cf4ba0f6ea830b6281], UserHandle{0} Capabilities: CallProvider MultiUser PlaceEmerg SimSub  Schemes: tel voicemail  Extras: null] with handle: ComponentInfo{com.android.phone/com.android.services.telephony.TelephonyConnectionService}, [e2f7d48dd2b5ca523e7313cf4ba0f6ea830b6281], UserHandle{0}
07-06 21:00:32.696 1743-1743/? I/Telephony: PstnIncomingCallNotifier: Registering: Handler (com.android.internal.telephony.GsmCdmaPhone) {8aef8af}
07-06 21:00:32.703 1581-1595/? W/WindowManager: Keyguard drawn timeout. Setting mKeyguardDrawComplete
07-06 21:00:32.707 1743-1743/? I/Telephony: PstnIncomingCallNotifier: Unregistering: Handler (com.android.internal.telephony.GsmCdmaPhone) {8aef8af}
07-06 21:00:32.712 1581-1897/? I/Telecom: PhoneAccountRegistrar: [ComponentInfo{com.android.phone/com.android.services.telephony.TelephonyConnectionService}, [e2f7d48dd2b5ca523e7313cf4ba0f6ea830b6281], UserHandle{0}(icon: Icon(typ=BITMAP size=50x63) -> Icon(typ=BITMAP size=50x63))]: TSI.rPA@ABs
07-06 21:00:32.713 1581-1897/? I/Telecom: : Sending phone-account registered intent as user: TSI.rPA@ABs
07-06 21:00:32.714 1743-1743/? I/Telephony: AccountEntry: Registered phoneAccount: [[ ] PhoneAccount: ComponentInfo{com.android.phone/com.android.services.telephony.TelephonyConnectionService}, [e2f7d48dd2b5ca523e7313cf4ba0f6ea830b6281], UserHandle{0} Capabilities: CallProvider MultiUser PlaceEmerg SimSub  Schemes: tel voicemail  Extras: null] with handle: ComponentInfo{com.android.phone/com.android.services.telephony.TelephonyConnectionService}, [e2f7d48dd2b5ca523e7313cf4ba0f6ea830b6281], UserHandle{0}
07-06 21:00:32.715 1743-1743/? I/Telephony: PstnIncomingCallNotifier: Registering: Handler (com.android.internal.telephony.GsmCdmaPhone) {8aef8af}
07-06 21:00:32.724 1743-1743/? I/Telephony: PstnIncomingCallNotifier: Unregistering: Handler (com.android.internal.telephony.GsmCdmaPhone) {8aef8af}
07-06 21:00:32.729 1581-1591/? I/Telecom: PhoneAccountRegistrar: [ComponentInfo{com.android.phone/com.android.services.telephony.TelephonyConnectionService}, [e2f7d48dd2b5ca523e7313cf4ba0f6ea830b6281], UserHandle{0}(icon: Icon(typ=BITMAP size=50x63) -> Icon(typ=BITMAP size=50x63))]: TSI.rPA@AB4
07-06 21:00:32.730 1581-1591/? I/Telecom: : Sending phone-account registered intent as user: TSI.rPA@AB4
07-06 21:00:32.731 1743-1743/? I/Telephony: AccountEntry: Registered phoneAccount: [[ ] PhoneAccount: ComponentInfo{com.android.phone/com.android.services.telephony.TelephonyConnectionService}, [e2f7d48dd2b5ca523e7313cf4ba0f6ea830b6281], UserHandle{0} Capabilities: CallProvider MultiUser PlaceEmerg SimSub  Schemes: tel voicemail  Extras: null] with handle: ComponentInfo{com.android.phone/com.android.services.telephony.TelephonyConnectionService}, [e2f7d48dd2b5ca523e7313cf4ba0f6ea830b6281], UserHandle{0}
07-06 21:00:32.731 1743-1743/? I/Telephony: PstnIncomingCallNotifier: Registering: Handler (com.android.internal.telephony.GsmCdmaPhone) {8aef8af}
07-06 21:00:32.732 1743-1743/? D/CarrierConfigLoader: mHandler: 7 phoneId: 0
07-06 21:00:32.733 1743-1743/? D/CarrierConfigLoader: Loaded config from XML. package=com.android.carrierconfig phoneId=0
07-06 21:00:32.733 1743-1743/? D/CarrierSvcBindHelper: mHandler: 0
07-06 21:00:32.733 1743-1743/? D/CarrierSvcBindHelper: Rebinding if necessary for phoneId: 0
07-06 21:00:32.734 1743-1743/? D/CarrierSvcBindHelper: No carrier app for: 0
07-06 21:00:32.736 1581-1592/? I/Telecom: PhoneAccountRegistrar: [ComponentInfo{com.android.phone/com.android.services.telephony.TelephonyConnectionService}, [e2f7d48dd2b5ca523e7313cf4ba0f6ea830b6281], UserHandle{0}(icon: Icon(typ=BITMAP size=50x63) -> Icon(typ=BITMAP size=50x63))]: TSI.rPA@ACI
07-06 21:00:32.736 1581-1592/? I/Telecom: : Sending phone-account registered intent as user: TSI.rPA@ACI
07-06 21:00:32.743 1743-1743/? I/Telephony: PstnIncomingCallNotifier: Unregistering: Handler (com.android.internal.telephony.GsmCdmaPhone) {8aef8af}
07-06 21:00:32.746 1581-1898/? I/Telecom: PhoneAccountRegistrar: [ComponentInfo{com.android.phone/com.android.services.telephony.TelephonyConnectionService}, [e2f7d48dd2b5ca523e7313cf4ba0f6ea830b6281], UserHandle{0}(icon: Icon(typ=BITMAP size=50x63) -> Icon(typ=BITMAP size=50x63))]: TSI.rPA@ACM
07-06 21:00:32.747 1581-1898/? I/Telecom: : Sending phone-account registered intent as user: TSI.rPA@ACM
07-06 21:00:32.747 1743-1743/? I/Telephony: AccountEntry: Registered phoneAccount: [[ ] PhoneAccount: ComponentInfo{com.android.phone/com.android.services.telephony.TelephonyConnectionService}, [e2f7d48dd2b5ca523e7313cf4ba0f6ea830b6281], UserHandle{0} Capabilities: CallProvider MultiUser PlaceEmerg SimSub  Schemes: tel voicemail  Extras: null] with handle: ComponentInfo{com.android.phone/com.android.services.telephony.TelephonyConnectionService}, [e2f7d48dd2b5ca523e7313cf4ba0f6ea830b6281], UserHandle{0}
07-06 21:00:32.747 1743-1743/? I/Telephony: PstnIncomingCallNotifier: Registering: Handler (com.android.internal.telephony.GsmCdmaPhone) {8aef8af}
07-06 21:00:32.753 1743-1743/? I/Telephony: PstnIncomingCallNotifier: Unregistering: Handler (com.android.internal.telephony.GsmCdmaPhone) {8aef8af}
07-06 21:00:32.757 1581-1592/? I/Telecom: PhoneAccountRegistrar: [ComponentInfo{com.android.phone/com.android.services.telephony.TelephonyConnectionService}, [e2f7d48dd2b5ca523e7313cf4ba0f6ea830b6281], UserHandle{0}(icon: Icon(typ=BITMAP size=50x63) -> Icon(typ=BITMAP size=50x63))]: TSI.rPA@ACY
07-06 21:00:32.758 1581-1592/? I/Telecom: : Sending phone-account registered intent as user: TSI.rPA@ACY
07-06 21:00:32.759 1743-1743/? I/Telephony: AccountEntry: Registered phoneAccount: [[ ] PhoneAccount: ComponentInfo{com.android.phone/com.android.services.telephony.TelephonyConnectionService}, [e2f7d48dd2b5ca523e7313cf4ba0f6ea830b6281], UserHandle{0} Capabilities: CallProvider MultiUser PlaceEmerg SimSub  Schemes: tel voicemail  Extras: null] with handle: ComponentInfo{com.android.phone/com.android.services.telephony.TelephonyConnectionService}, [e2f7d48dd2b5ca523e7313cf4ba0f6ea830b6281], UserHandle{0}
07-06 21:00:32.759 1743-1743/? I/Telephony: PstnIncomingCallNotifier: Registering: Handler (com.android.internal.telephony.GsmCdmaPhone) {8aef8af}
07-06 21:00:32.761 1743-1743/? I/NotificationMgr: updateMwi(): subId 1 update to false
07-06 21:00:32.763 1581-1638/? I/Telecom: PhoneAccountRegistrar: [ComponentInfo{com.android.phone/com.android.services.telephony.TelephonyConnectionService}, [e2f7d48dd2b5ca523e7313cf4ba0f6ea830b6281], UserHandle{0}(icon: Icon(typ=BITMAP size=50x63) -> Icon(typ=BITMAP size=50x63))]: TSI.rPA@ACo
07-06 21:00:32.763 1581-1638/? I/Telecom: : Sending phone-account registered intent as user: TSI.rPA@ACo
07-06 21:00:32.765 1581-1591/? I/Telecom: PhoneAccountRegistrar: [ComponentInfo{com.android.phone/com.android.services.telephony.TelephonyConnectionService}, [e2f7d48dd2b5ca523e7313cf4ba0f6ea830b6281], UserHandle{0}(icon: Icon(typ=BITMAP size=50x63) -> Icon(typ=BITMAP size=50x63))]: TSI.rPA@ACw
07-06 21:00:32.766 1581-1591/? I/Telecom: : Sending phone-account registered intent as user: TSI.rPA@ACw
07-06 21:00:32.768 1581-1592/? I/Telecom: PhoneAccountRegistrar: [ComponentInfo{com.android.phone/com.android.services.telephony.TelephonyConnectionService}, [e2f7d48dd2b5ca523e7313cf4ba0f6ea830b6281], UserHandle{0}(icon: Icon(typ=BITMAP size=50x63) -> Icon(typ=BITMAP size=50x63))]: TSI.rPA@AC4
07-06 21:00:32.769 1581-1592/? I/Telecom: : Sending phone-account registered intent as user: TSI.rPA@AC4
07-06 21:00:32.769 1743-1743/? D/CarrierConfigLoader: mHandler: 5 phoneId: 0
07-06 21:00:32.775 1581-1581/? I/Telecom: PhoneAccountRegistrar: SimCallManager queried, returning: null: TSI.gSCMFU@AC8
07-06 21:00:32.777 1581-1898/? I/Telecom: PhoneAccountRegistrar: [ComponentInfo{com.android.phone/com.android.services.telephony.TelephonyConnectionService}, [e2f7d48dd2b5ca523e7313cf4ba0f6ea830b6281], UserHandle{0}(icon: Icon(typ=BITMAP size=50x63) -> Icon(typ=BITMAP size=50x63))]: TSI.rPA@ADE
07-06 21:00:32.778 1581-1898/? I/Telecom: : Sending phone-account registered intent as user: TSI.rPA@ADE
07-06 21:00:32.781 1581-1592/? I/Telecom: PhoneAccountRegistrar: [ComponentInfo{com.android.phone/com.android.services.telephony.TelephonyConnectionService}, [e2f7d48dd2b5ca523e7313cf4ba0f6ea830b6281], UserHandle{0}(icon: Icon(typ=BITMAP size=50x63) -> Icon(typ=BITMAP size=50x63))]: TSI.rPA@ADM
07-06 21:00:32.782 1581-1592/? I/Telecom: : Sending phone-account registered intent as user: TSI.rPA@ADM
07-06 21:00:32.784 1743-1743/? D/TelephonyProvider: subIdString = 1 subId = 1
07-06 21:00:32.797 1668-1668/? I/vol.Events: writeEvent collection_started
07-06 21:00:32.802 1668-1909/? I/vol.Events: writeEvent external_ringer_mode_changed normal
07-06 21:00:32.802 1668-1909/? I/vol.Events: writeEvent internal_ringer_mode_changed normal
07-06 21:00:32.802 1581-1591/? D/ConnectivityService: registerNetworkAgent NetworkAgentInfo{ ni{[type: MOBILE[LTE], state: CONNECTED/CONNECTED, reason: connected, extra: epc.tmobile.com, failover: false, available: true, roaming: false, metered: false]}  network{100}  nethandle{429513165534}  lp{{InterfaceName: eth0 LinkAddresses: [10.0.2.15/32,]  Routes: [0.0.0.0/0 -> 10.0.2.2 eth0,] DnsAddresses: [10.0.2.3,] Domains: null MTU: 1500 TcpBufferSizes: 524288,1048576,2097152,262144,524288,1048576}}  nc{[ Transports: CELLULAR Capabilities: MMS&SUPL&FOTA&IMS&CBS&IA&INTERNET&NOT_RESTRICTED&TRUSTED&NOT_VPN LinkUpBandwidth>=51200Kbps LinkDnBandwidth>=102400Kbps Specifier: <1>]}  Score{10}  everValidated{false}  lastValidated{false}  created{false} lingering{false} explicitlySelected{false} acceptUnvalidated{false} everCaptivePortalDetected{false} lastCaptivePortalDetected{false} }
07-06 21:00:32.802 1581-1628/? D/ConnectivityService: NetworkAgentInfo [MOBILE (LTE) - 100] EVENT_NETWORK_INFO_CHANGED, going from null to CONNECTED
07-06 21:00:32.803 1581-1628/? D/ConnectivityService: Adding iface eth0 to network 100
07-06 21:00:32.833 1581-1628/? D/ConnectivityService: Setting DNS servers for network 100 to [/10.0.2.3]
07-06 21:00:32.837 1581-1628/? D/ConnectivityService: Switching to new default network: NetworkAgentInfo{ ni{[type: MOBILE[LTE], state: CONNECTED/CONNECTED, reason: connected, extra: epc.tmobile.com, failover: false, available: true, roaming: false, metered: false]}  network{100}  nethandle{429513165534}  lp{{InterfaceName: eth0 LinkAddresses: [10.0.2.15/32,]  Routes: [0.0.0.0/0 -> 10.0.2.2 eth0,] DnsAddresses: [10.0.2.3,] Domains: null MTU: 1500 TcpBufferSizes: 524288,1048576,2097152,262144,524288,1048576}}  nc{[ Transports: CELLULAR Capabilities: MMS&SUPL&FOTA&IMS&CBS&IA&INTERNET&NOT_RESTRICTED&TRUSTED&NOT_VPN LinkUpBandwidth>=51200Kbps LinkDnBandwidth>=102400Kbps Specifier: <1>]}  Score{10}  everValidated{false}  lastValidated{false}  created{true} lingering{false} explicitlySelected{false} acceptUnvalidated{false} everCaptivePortalDetected{false} lastCaptivePortalDetected{false} }
07-06 21:00:32.841 1581-1621/? D/SntpClient: request time failed: java.net.UnknownHostException: Unable to resolve host "2.android.pool.ntp.org": No address associated with hostname
07-06 21:00:32.846 1355-1570/? V/IdletimerController: runCmd(/system/bin/ip6tables -w -t raw -A idletimer_raw_PREROUTING -i eth0 -j IDLETIMER --timeout 10 --label 0 --send_nl_msg 1) res_ipv4=0, res_ipv6=0
07-06 21:00:32.856 1355-1570/? V/IdletimerController: runCmd(/system/bin/ip6tables -w -t mangle -A idletimer_mangle_POSTROUTING -o eth0 -j IDLETIMER --timeout 10 --label 0 --send_nl_msg 1) res_ipv4=0, res_ipv6=0
07-06 21:00:32.857 1581-1628/? D/ConnectivityService: Sending CONNECTED broadcast for type 0 NetworkAgentInfo [MOBILE (LTE) - 100] isDefaultNetwork=true
07-06 21:00:32.858 1581-1642/? I/GnssLocationProvider: WakeLock acquired by sendMessage(5, 0, null)
07-06 21:00:32.858 1581-1642/? I/GnssLocationProvider: WakeLock acquired by sendMessage(6, 0, null)
07-06 21:00:32.858 1581-1593/? I/GnssLocationProvider: WakeLock acquired by handleInjectNtpTime()
07-06 21:00:32.858 1581-1593/? I/GnssLocationProvider: WakeLock released by handleMessage(5, 0, null)
07-06 21:00:32.858 1581-1593/? I/GnssLocationProvider: WakeLock released by handleMessage(6, 0, null)
07-06 21:00:32.858 1581-1621/? D/SntpClient: request time failed: java.net.UnknownHostException: Unable to resolve host "2.android.pool.ntp.org": No address associated with hostname
07-06 21:00:32.862 1581-1636/? D/SntpClient: request time failed: java.net.UnknownHostException: Unable to resolve host "2.android.pool.ntp.org": No address associated with hostname
07-06 21:00:32.862 1581-1636/? E/GnssLocationProvider: requestTime failed
07-06 21:00:32.862 1581-1636/? I/GnssLocationProvider: WakeLock acquired by sendMessage(10, 0, null)
07-06 21:00:32.862 1581-1593/? I/GnssLocationProvider: WakeLock released by handleMessage(10, 0, null)
07-06 21:00:32.862 1581-1636/? I/GnssLocationProvider: WakeLock released by handleInjectNtpTime()
07-06 21:00:32.867 1761-1837/? D/EGL_emulation: eglMakeCurrent: 0xa41852a0: ver 2 0 (tinfo 0xa4183270)
07-06 21:00:33.187 1668-1909/? I/vol.Events: writeEvent level_changed STREAM_ALARM 6
07-06 21:00:33.188 1668-1909/? I/vol.Events: writeEvent level_changed STREAM_BLUETOOTH_SCO 7
07-06 21:00:33.188 1668-1909/? I/vol.Events: writeEvent level_changed STREAM_MUSIC 11
07-06 21:00:33.189 1668-1909/? I/vol.Events: writeEvent level_changed STREAM_RING 5
07-06 21:00:33.190 1668-1909/? I/vol.Events: writeEvent level_changed STREAM_SYSTEM 5
07-06 21:00:33.191 1668-1909/? I/vol.Events: writeEvent level_changed STREAM_VOICE_CALL 4
07-06 21:00:33.217 1302-1308/? E/SurfaceFlinger: ro.sf.lcd_density must be defined as a build property
                                                 
                                                 [ 07-06 21:00:33.219  1668: 1668 D/         ]
                                                 HostConnection::get() New Host Connection established 0x91c38340, tid 1668
                                                 
                                                 
                                                 [ 07-06 21:00:33.219  1668: 1668 W/         ]
                                                 Unrecognized GLES max version string in extensions: ANDROID_EMU_CHECKSUM_HELPER_v1 ANDROID_EMU_dma_v1 
07-06 21:00:33.236 1668-1668/? D/StorageNotification: Notifying about private volume: VolumeInfo{private}:
                                                          type=PRIVATE diskId=null partGuid=null mountFlags=0 mountUserId=-1 
                                                          state=MOUNTED 
                                                          fsType=null fsUuid=null fsLabel=null 
                                                          path=/data internalPath=null 
07-06 21:00:33.236 1668-1668/? D/StorageNotification: Notifying about public volume: VolumeInfo{public:253,64}:
                                                          type=PUBLIC diskId=disk:253,64 partGuid=null mountFlags=VISIBLE 
                                                          mountUserId=0 state=MOUNTED 
                                                          fsType=vfat fsUuid=1E0A-1E04 fsLabel=SDCARD 
                                                          path=/storage/1E0A-1E04 internalPath=/mnt/media_rw/1E0A-1E04 
07-06 21:00:33.395 1885-1885/? I/AlarmClock: AlarmInitReceiver android.intent.action.TIMEZONE_CHANGED
07-06 21:00:33.425 1302-1308/? I/SurfaceFlinger: Boot is finished (40979 ms)
07-06 21:00:33.425 1581-1595/? V/KeyguardServiceDelegate: *** Keyguard connected (yay!)
07-06 21:00:33.481 1952-1952/? I/bootstat: Service started: /system/bin/bootstat --record_boot_complete 
07-06 21:00:33.496 1581-1628/? D/ConnectivityService: NetworkAgentInfo [MOBILE (LTE) - 100] validation passed
07-06 21:00:33.503 1885-1885/? I/AlarmClock: AlarmInitReceiver android.intent.action.TIME_SET
07-06 21:00:33.520 1581-1638/? I/StatusBarManagerService: registerStatusBar bar=com.android.internal.statusbar.IStatusBar$Stub$Proxy@48462e3
07-06 21:00:33.531 1952-1952/? I/bootstat: Logging histogram: bootstat_mtime_matches_content 1
07-06 21:00:33.531 1952-1952/? I/bootstat: Logging histogram: bootstat_mtime_matches_content 1
07-06 21:00:33.537 1953-1953/? I/bootstat: Service started: /system/bin/bootstat --record_boot_reason 
07-06 21:00:33.537 1953-1953/? I/bootstat: Unknown boot reason: 
07-06 21:00:33.539 1885-1885/? I/AlarmClock: AlarmInitReceiver android.intent.action.TIMEZONE_CHANGED
07-06 21:00:33.542 1954-1954/? I/bootstat: Service started: /system/bin/bootstat --record_time_since_factory_reset 
07-06 21:00:33.543 1954-1954/? I/bootstat: Logging histogram: factory_reset_current_time 1499389233
07-06 21:00:33.547 1861-1861/? D/CellBroadcastReceiver: Service state changed! 0 Full: 0 0 voice home data home Android Android 310260 Android Android 310260  Unknown LTE CSS not supported -1 -1 RoamInd=-1 DefRoamInd=-1 EmergOnly=false IsDataRoamingFromRegistration=false Current state=3
07-06 21:00:33.548 1861-1861/? D/CellBroadcastReceiver: Start Cell Broadcast configuration.
07-06 21:00:33.552 1861-1861/? D/CellBroadcastReceiver: Start Cell Broadcast configuration.
07-06 21:00:33.555 1861-1955/? D/CellBroadcastConfigService: Enable CellBroadcast on sub 1
07-06 21:00:33.567 1954-1954/? I/bootstat: Logging histogram: bootstat_mtime_matches_content 1
07-06 21:00:33.567 1954-1954/? I/bootstat: Logging histogram: factory_reset_record_value 1499208164
07-06 21:00:33.580 1957-1957/? I/bootstat: Service started: /system/bin/bootstat -l 
07-06 21:00:33.580 1957-1957/? I/bootstat: Logging histogram: bootstat_mtime_matches_content 1
07-06 21:00:33.580 1957-1957/? I/bootstat: Logging histogram: bootstat_mtime_matches_content 1
07-06 21:00:33.580 1957-1957/? I/bootstat: Logging histogram: bootstat_mtime_matches_content 1
07-06 21:00:33.585 1743-1755/? D/IccSmsInterfaceManager: [IccSmsInterfaceManager] Calling setCdmaBroadcastConfig with 1 configurations
07-06 21:00:33.587 1743-1755/? D/IccSmsInterfaceManager: [IccSmsInterfaceManager] Failed to add cdma broadcast subscription for MID range 4096 to 4096 from client com.android.cellbroadcastreceiver
07-06 21:00:33.590 1743-1905/? D/IccSmsInterfaceManager: [IccSmsInterfaceManager] Calling setCdmaBroadcastConfig with 1 configurations
07-06 21:00:33.591 1743-1905/? D/IccSmsInterfaceManager: [IccSmsInterfaceManager] Failed to add cdma broadcast subscription for MID range 4097 to 4097 from client com.android.cellbroadcastreceiver
07-06 21:00:33.593 1743-1755/? D/IccSmsInterfaceManager: [IccSmsInterfaceManager] Calling setCdmaBroadcastConfig with 1 configurations
07-06 21:00:33.593 1743-1755/? D/IccSmsInterfaceManager: [IccSmsInterfaceManager] Failed to add cdma broadcast subscription for MID range 4098 to 4098 from client com.android.cellbroadcastreceiver
07-06 21:00:33.596 1743-1905/? D/IccSmsInterfaceManager: [IccSmsInterfaceManager] Calling setCdmaBroadcastConfig with 1 configurations
07-06 21:00:33.596 1743-1905/? D/IccSmsInterfaceManager: [IccSmsInterfaceManager] Failed to add cdma broadcast subscription for MID range 4099 to 4099 from client com.android.cellbroadcastreceiver
07-06 21:00:33.599 1743-1755/? D/IccSmsInterfaceManager: [IccSmsInterfaceManager] Failed to remove cdma broadcast subscription for MID range 4100 to 4100 from client com.android.cellbroadcastreceiver
07-06 21:00:33.601 1743-1905/? D/IccSmsInterfaceManager: [IccSmsInterfaceManager] Calling setGsmBroadcastConfig with 1 configurations
07-06 21:00:33.601 1743-1905/? D/IccSmsInterfaceManager: [IccSmsInterfaceManager] Failed to add GSM cell broadcast subscription for MID range 4352 to 4354 from client com.android.cellbroadcastreceiver
07-06 21:00:33.603 1743-1755/? D/IccSmsInterfaceManager: [IccSmsInterfaceManager] Calling setGsmBroadcastConfig with 1 configurations
07-06 21:00:33.604 1743-1755/? D/IccSmsInterfaceManager: [IccSmsInterfaceManager] Failed to add GSM cell broadcast subscription for MID range 4356 to 4356 from client com.android.cellbroadcastreceiver
07-06 21:00:33.606 1743-1905/? D/IccSmsInterfaceManager: [IccSmsInterfaceManager] Failed to remove GSM cell broadcast subscription for MID range 4355 to 4355 from client com.android.cellbroadcastreceiver
07-06 21:00:33.609 1957-1957/? I/bootstat: Logging histogram: bootstat_mtime_matches_content 1
07-06 21:00:33.610 1743-1755/? D/IccSmsInterfaceManager: [IccSmsInterfaceManager] Calling setGsmBroadcastConfig with 1 configurations
07-06 21:00:33.611 1743-1755/? D/IccSmsInterfaceManager: [IccSmsInterfaceManager] Failed to add GSM cell broadcast subscription for MID range 4370 to 4370 from client com.android.cellbroadcastreceiver
07-06 21:00:33.613 1743-1905/? D/IccSmsInterfaceManager: [IccSmsInterfaceManager] Calling setGsmBroadcastConfig with 1 configurations
07-06 21:00:33.614 1743-1905/? D/IccSmsInterfaceManager: [IccSmsInterfaceManager] Failed to add GSM cell broadcast subscription for MID range 4371 to 4372 from client com.android.cellbroadcastreceiver
07-06 21:00:33.618 1743-1755/? D/IccSmsInterfaceManager: [IccSmsInterfaceManager] Calling setGsmBroadcastConfig with 1 configurations
07-06 21:00:33.618 1743-1755/? D/IccSmsInterfaceManager: [IccSmsInterfaceManager] Failed to add GSM cell broadcast subscription for MID range 4373 to 4378 from client com.android.cellbroadcastreceiver
07-06 21:00:33.621 1743-1905/? D/IccSmsInterfaceManager: [IccSmsInterfaceManager] Calling setGsmBroadcastConfig with 1 configurations
07-06 21:00:33.621 1743-1905/? D/IccSmsInterfaceManager: [IccSmsInterfaceManager] Failed to add GSM cell broadcast subscription for MID range 4379 to 4379 from client com.android.cellbroadcastreceiver
07-06 21:00:33.624 1743-1755/? D/IccSmsInterfaceManager: [IccSmsInterfaceManager] Failed to remove GSM cell broadcast subscription for MID range 4380 to 4382 from client com.android.cellbroadcastreceiver
07-06 21:00:33.627 1743-1905/? D/IccSmsInterfaceManager: [IccSmsInterfaceManager] Calling setGsmBroadcastConfig with 1 configurations
07-06 21:00:33.628 1743-1905/? D/IccSmsInterfaceManager: [IccSmsInterfaceManager] Failed to add GSM cell broadcast subscription for MID range 4383 to 4383 from client com.android.cellbroadcastreceiver
07-06 21:00:33.629 1957-1957/? I/bootstat: Logging histogram: bootstat_mtime_matches_content 1
07-06 21:00:33.629 1957-1957/? I/bootstat: Logging histogram: bootstat_mtime_matches_content 1
07-06 21:00:33.629 1957-1957/? I/bootstat: Logging histogram: bootstat_mtime_matches_content 1
07-06 21:00:33.629 1957-1957/? I/bootstat: Logging histogram: bootstat_mtime_matches_content 1
07-06 21:00:33.629 1957-1957/? I/bootstat: Logging histogram: bootstat_mtime_matches_content 1
07-06 21:00:33.629 1957-1957/? I/bootstat: Logging histogram: bootstat_mtime_matches_content 1
07-06 21:00:33.629 1957-1957/? I/bootstat: Logging histogram: bootstat_mtime_matches_content 1
07-06 21:00:33.629 1957-1957/? I/bootstat: Logging histogram: bootstat_mtime_matches_content 1
07-06 21:00:33.629 1957-1957/? I/bootstat: Logging histogram: post_decrypt_time_elapsed 6
07-06 21:00:33.630 1957-1957/? I/bootstat: Logging histogram: build_date 1494963929
07-06 21:00:33.630 1957-1957/? I/bootstat: Logging histogram: boot_decryption_complete 44
07-06 21:00:33.630 1957-1957/? I/bootstat: Logging histogram: ota_boot_complete_post_decrypt 55
07-06 21:00:33.630 1957-1957/? I/bootstat: Logging histogram: ota_boot_complete 62
07-06 21:00:33.630 1957-1957/? I/bootstat: Logging histogram: boot_reason 1
07-06 21:00:33.630 1957-1957/? I/bootstat: Logging histogram: factory_reset_current_time 1499389233
07-06 21:00:33.630 1957-1957/? I/bootstat: Logging histogram: factory_reset 1499208164
07-06 21:00:33.630 1957-1957/? I/bootstat: Logging histogram: boot_complete_post_decrypt 38
07-06 21:00:33.630 1957-1957/? I/bootstat: Logging histogram: boot_complete 44
07-06 21:00:33.630 1957-1957/? I/bootstat: Logging histogram: factory_reset_record_value 1499208164
07-06 21:00:33.630 1957-1957/? I/bootstat: Logging histogram: time_since_factory_reset 181069
07-06 21:00:33.632 1743-1859/? D/IccSmsInterfaceManager: [IccSmsInterfaceManager] Calling setGsmBroadcastConfig with 1 configurations
07-06 21:00:33.633 1743-1859/? D/IccSmsInterfaceManager: [IccSmsInterfaceManager] Failed to add GSM cell broadcast subscription for MID range 4384 to 4385 from client com.android.cellbroadcastreceiver
07-06 21:00:33.636 1743-1905/? D/IccSmsInterfaceManager: [IccSmsInterfaceManager] Calling setGsmBroadcastConfig with 1 configurations
07-06 21:00:33.639 1743-1905/? D/IccSmsInterfaceManager: [IccSmsInterfaceManager] Failed to add GSM cell broadcast subscription for MID range 4386 to 4391 from client com.android.cellbroadcastreceiver
07-06 21:00:33.641 1581-1601/? I/SystemServiceManager: Starting phase 1000
07-06 21:00:33.647 1743-1859/? D/IccSmsInterfaceManager: [IccSmsInterfaceManager] Calling setGsmBroadcastConfig with 1 configurations
07-06 21:00:33.647 1743-1859/? D/IccSmsInterfaceManager: [IccSmsInterfaceManager] Failed to add GSM cell broadcast subscription for MID range 4392 to 4392 from client com.android.cellbroadcastreceiver
07-06 21:00:33.649 1959-1959/? W/art: Unexpected CPU variant for X86 using defaults: x86
07-06 21:00:33.654 1581-1601/? I/ActivityManager: Start proc 1959:com.google.android.ext.services/u0a14 for on-hold
07-06 21:00:33.655 1581-1601/? D/ActivityManager: Finishing user boot 0
07-06 21:00:33.656 1581-1601/? D/CryptdConnector: SND -> {3 cryptfs prepare_user_storage ! 0 0 2}
07-06 21:00:33.656 1252-1294/? D/vold: e4crypt_prepare_user_storage for volume null, user 0, serial 0, flags 2
07-06 21:00:33.656 1252-1294/? D/vold: Preparing: /data/system_ce/0
07-06 21:00:33.656 1252-1294/? D/vold: Preparing: /data/misc_ce/0
07-06 21:00:33.656 1252-1294/? D/vold: Preparing: /data/media/0
07-06 21:00:33.656 1252-1294/? D/vold: Preparing: /data/data
07-06 21:00:33.656 1581-1617/? D/CryptdConnector: RCV <- {200 3 Command succeeded}
07-06 21:00:33.656 1581-1601/? V/UserManagerService: Found /data/user/0 with serial number 0
07-06 21:00:33.656 1581-1601/? V/UserManagerService: Found /data/system_ce/0 with serial number 0
07-06 21:00:33.657 1581-1601/? V/PackageManager: reconcileAppsData for null u0 0x2
07-06 21:00:33.694 1581-1601/? V/PackageManager: reconcileAppsData finished 95 packages; restoreconNeeded was false
07-06 21:00:33.700 1885-1885/? I/AlarmClock: AlarmInitReceiver android.intent.action.LOCKED_BOOT_COMPLETED
07-06 21:00:33.709 1743-1905/? D/IccSmsInterfaceManager: [IccSmsInterfaceManager] Failed to remove GSM cell broadcast subscription for MID range 4393 to 4395 from client com.android.cellbroadcastreceiver
07-06 21:00:33.711 1743-1859/? D/IccSmsInterfaceManager: [IccSmsInterfaceManager] Failed to remove GSM cell broadcast subscription for MID range 50 to 50 from client com.android.cellbroadcastreceiver
07-06 21:00:33.712 1861-1955/? D/CellBroadcastConfigService: Enable CellBroadcast on sub 1
07-06 21:00:33.715 1743-1905/? D/IccSmsInterfaceManager: [IccSmsInterfaceManager] Calling setCdmaBroadcastConfig with 1 configurations
07-06 21:00:33.716 1743-1905/? D/IccSmsInterfaceManager: [IccSmsInterfaceManager] Failed to add cdma broadcast subscription for MID range 4096 to 4096 from client com.android.cellbroadcastreceiver
07-06 21:00:33.719 1743-1859/? D/IccSmsInterfaceManager: [IccSmsInterfaceManager] Calling setCdmaBroadcastConfig with 1 configurations
07-06 21:00:33.720 1743-1859/? D/IccSmsInterfaceManager: [IccSmsInterfaceManager] Failed to add cdma broadcast subscription for MID range 4097 to 4097 from client com.android.cellbroadcastreceiver
07-06 21:00:33.722 1959-1959/? W/System: ClassLoader referenced unknown path: /system/priv-app/GoogleExtServices/lib/x86
07-06 21:00:33.727 1743-1905/? D/IccSmsInterfaceManager: [IccSmsInterfaceManager] Calling setCdmaBroadcastConfig with 1 configurations
07-06 21:00:33.727 1743-1905/? D/IccSmsInterfaceManager: [IccSmsInterfaceManager] Failed to add cdma broadcast subscription for MID range 4098 to 4098 from client com.android.cellbroadcastreceiver
07-06 21:00:33.730 1743-1859/? D/IccSmsInterfaceManager: [IccSmsInterfaceManager] Calling setCdmaBroadcastConfig with 1 configurations
07-06 21:00:33.731 1743-1859/? D/IccSmsInterfaceManager: [IccSmsInterfaceManager] Failed to add cdma broadcast subscription for MID range 4099 to 4099 from client com.android.cellbroadcastreceiver
07-06 21:00:33.733 1743-1905/? D/IccSmsInterfaceManager: [IccSmsInterfaceManager] Failed to remove cdma broadcast subscription for MID range 4100 to 4100 from client com.android.cellbroadcastreceiver
07-06 21:00:33.735 1743-1859/? D/IccSmsInterfaceManager: [IccSmsInterfaceManager] Calling setGsmBroadcastConfig with 1 configurations
07-06 21:00:33.736 1743-1859/? D/IccSmsInterfaceManager: [IccSmsInterfaceManager] Failed to add GSM cell broadcast subscription for MID range 4352 to 4354 from client com.android.cellbroadcastreceiver
07-06 21:00:33.738 1743-1905/? D/IccSmsInterfaceManager: [IccSmsInterfaceManager] Calling setGsmBroadcastConfig with 1 configurations
07-06 21:00:33.739 1743-1905/? D/IccSmsInterfaceManager: [IccSmsInterfaceManager] Failed to add GSM cell broadcast subscription for MID range 4356 to 4356 from client com.android.cellbroadcastreceiver
07-06 21:00:33.740 1743-1859/? D/IccSmsInterfaceManager: [IccSmsInterfaceManager] Failed to remove GSM cell broadcast subscription for MID range 4355 to 4355 from client com.android.cellbroadcastreceiver
07-06 21:00:33.742 1743-1905/? D/IccSmsInterfaceManager: [IccSmsInterfaceManager] Calling setGsmBroadcastConfig with 1 configurations
07-06 21:00:33.743 1743-1905/? D/IccSmsInterfaceManager: [IccSmsInterfaceManager] Failed to add GSM cell broadcast subscription for MID range 4370 to 4370 from client com.android.cellbroadcastreceiver
07-06 21:00:33.745 1743-1859/? D/IccSmsInterfaceManager: [IccSmsInterfaceManager] Calling setGsmBroadcastConfig with 1 configurations
07-06 21:00:33.746 1743-1859/? D/IccSmsInterfaceManager: [IccSmsInterfaceManager] Failed to add GSM cell broadcast subscription for MID range 4371 to 4372 from client com.android.cellbroadcastreceiver
07-06 21:00:33.748 1743-1905/? D/IccSmsInterfaceManager: [IccSmsInterfaceManager] Calling setGsmBroadcastConfig with 1 configurations
07-06 21:00:33.748 1743-1905/? D/IccSmsInterfaceManager: [IccSmsInterfaceManager] Failed to add GSM cell broadcast subscription for MID range 4373 to 4378 from client com.android.cellbroadcastreceiver
07-06 21:00:33.750 1743-1859/? D/IccSmsInterfaceManager: [IccSmsInterfaceManager] Calling setGsmBroadcastConfig with 1 configurations
07-06 21:00:33.751 1743-1859/? D/IccSmsInterfaceManager: [IccSmsInterfaceManager] Failed to add GSM cell broadcast subscription for MID range 4379 to 4379 from client com.android.cellbroadcastreceiver
07-06 21:00:33.753 1743-1905/? D/IccSmsInterfaceManager: [IccSmsInterfaceManager] Failed to remove GSM cell broadcast subscription for MID range 4380 to 4382 from client com.android.cellbroadcastreceiver
07-06 21:00:33.754 1743-1859/? D/IccSmsInterfaceManager: [IccSmsInterfaceManager] Calling setGsmBroadcastConfig with 1 configurations
07-06 21:00:33.755 1743-1859/? D/IccSmsInterfaceManager: [IccSmsInterfaceManager] Failed to add GSM cell broadcast subscription for MID range 4383 to 4383 from client com.android.cellbroadcastreceiver
07-06 21:00:33.766 1581-1594/? D/MountService: onUnlockUser 0
07-06 21:00:33.766 1581-1594/? D/VoldConnector: SND -> {7 volume user_started 0}
07-06 21:00:33.766 1252-1293/? D/vold: Linking /storage/emulated/0 to /mnt/user/0/primary
07-06 21:00:33.767 1581-1616/? D/VoldConnector: RCV <- {200 7 Command succeeded}
07-06 21:00:33.767 1581-1615/? D/MountService: Volume public:253,64 broadcasting mounted to UserHandle{0}
07-06 21:00:33.768 1581-1615/? D/MountService: Volume emulated broadcasting mounted to UserHandle{0}
07-06 21:00:33.781 1743-1905/? D/IccSmsInterfaceManager: [IccSmsInterfaceManager] Calling setGsmBroadcastConfig with 1 configurations
07-06 21:00:33.782 1743-1905/? D/IccSmsInterfaceManager: [IccSmsInterfaceManager] Failed to add GSM cell broadcast subscription for MID range 4384 to 4385 from client com.android.cellbroadcastreceiver
07-06 21:00:33.786 1743-1859/? D/IccSmsInterfaceManager: [IccSmsInterfaceManager] Calling setGsmBroadcastConfig with 1 configurations
07-06 21:00:33.787 1743-1859/? D/IccSmsInterfaceManager: [IccSmsInterfaceManager] Failed to add GSM cell broadcast subscription for MID range 4386 to 4391 from client com.android.cellbroadcastreceiver
07-06 21:00:33.791 1743-1905/? D/IccSmsInterfaceManager: [IccSmsInterfaceManager] Calling setGsmBroadcastConfig with 1 configurations
07-06 21:00:33.792 1743-1905/? D/IccSmsInterfaceManager: [IccSmsInterfaceManager] Failed to add GSM cell broadcast subscription for MID range 4392 to 4392 from client com.android.cellbroadcastreceiver
07-06 21:00:33.797 1743-1859/? D/IccSmsInterfaceManager: [IccSmsInterfaceManager] Failed to remove GSM cell broadcast subscription for MID range 4393 to 4395 from client com.android.cellbroadcastreceiver
07-06 21:00:33.802 1986-1986/? W/art: Unexpected CPU variant for X86 using defaults: x86
07-06 21:00:33.804 1581-1592/? I/ActivityManager: Start proc 1986:android.process.media/u0a11 for broadcast com.android.providers.downloads/.DownloadReceiver
07-06 21:00:33.828 1743-1905/? D/IccSmsInterfaceManager: [IccSmsInterfaceManager] Failed to remove GSM cell broadcast subscription for MID range 50 to 50 from client com.android.cellbroadcastreceiver
07-06 21:00:33.857 1645-1645/? I/InputAttributes: InputType.TYPE_NULL is specified
07-06 21:00:33.946 1986-1986/? W/System: ClassLoader referenced unknown path: /system/priv-app/DownloadProvider/lib/x86
07-06 21:00:34.055 1986-1986/? W/System: ClassLoader referenced unknown path: /system/priv-app/MediaProvider/lib/x86
07-06 21:00:34.117 1581-1594/? V/BackupManagerService: No ancestral data
07-06 21:00:34.119 1581-1594/? I/BackupManagerService: Package com.example.root.samplendk not installed; dropping from full backup
07-06 21:00:34.119 1581-1594/? I/BackupManagerService: Package com.example.saikrishnalticmu.ttsdemo not installed; dropping from full backup
07-06 21:00:34.120 1581-1594/? I/BackupManagerService: Package com.example.saikrishnalticmu.hear2read not installed; dropping from full backup
07-06 21:00:34.127 1581-1594/? V/KeyValueBackupJob: Scheduling k/v pass in 246 minutes
07-06 21:00:34.135 1581-1594/? V/BackupManagerService: Starting with transport com.google.android.gms/.backup.BackupTransportService
07-06 21:00:34.136 1581-1594/? V/BackupManagerService: Found transports: 2
07-06 21:00:34.139 1581-1594/? I/ActivityManager: Start proc 2013:com.google.android.gms.persistent/u0a13 for service com.google.android.gms/.backup.BackupTransportService
07-06 21:00:34.139 1581-1594/? I/BackupManagerService: Found stale backup journal, scheduling
07-06 21:00:34.140 2013-2013/? W/art: Unexpected CPU variant for X86 using defaults: x86
07-06 21:00:34.157 1581-1581/? V/BackupManagerService: Connected to transport ComponentInfo{android/com.android.internal.backup.LocalTransportService}
07-06 21:00:34.157 1581-1581/? V/BackupManagerService: Registering transport android/com.android.internal.backup.LocalTransportService::android/com.android.internal.backup.LocalTransport = android.app.backup.BackupTransport$TransportImpl@a7c2f21
07-06 21:00:34.175 1581-1594/? I/BackupManagerService: Backup enabled => false
                                                       
                                                       [ 07-06 21:00:34.356  1349: 1349 I/         ]
                                                       free_cache(40482) avail 627044352
07-06 21:00:34.361 2013-2013/? W/System: ClassLoader referenced unknown path: /system/priv-app/PrebuiltGmsCore/lib/x86
07-06 21:00:34.442 1668-1668/? W/System: ClassLoader referenced unknown path: 
                                         
                                         [ 07-06 21:00:34.463  1349: 1349 I/         ]
                                         free_cache(120214) avail 627007488
07-06 21:00:34.550 1581-1601/? W/WindowManager: App freeze timeout expired.
                                                
                                                [ 07-06 21:00:34.566  1349: 1349 I/         ]
                                                free_cache(23395125) avail 626884608
07-06 21:00:34.592 1581-1594/? I/ActivityManager: Start proc 2047:com.google.android.googlequicksearchbox:interactor/u0a28 for service com.google.android.googlequicksearchbox/com.google.android.voiceinteraction.GsaVoiceInteractionService
07-06 21:00:34.593 2047-2047/? W/art: Unexpected CPU variant for X86 using defaults: x86
07-06 21:00:34.593 1581-1594/? I/ActivityManager: Loading recents for user 0 into memory.
07-06 21:00:34.611 1581-1593/? I/ActivityManager: Start proc 2054:com.android.printspooler/u0a67 for service com.android.printspooler/.model.PrintSpoolerService
07-06 21:00:34.613 1581-1594/? D/ActivityManager: Sending BOOT_COMPLETE user #0
07-06 21:00:34.615 1761-1761/? D/FallbackHome: User unlocked and real home found; let's go!
07-06 21:00:34.616 1743-1743/? D/CarrierSvcBindHelper: Received android.intent.action.USER_UNLOCKED
07-06 21:00:34.617 1581-1898/? I/ActivityManager: START u0 {act=android.intent.action.MAIN cat=[android.intent.category.HOME] flg=0x10000100 cmp=com.android.launcher3/.Launcher} from uid 0 on display 0
07-06 21:00:34.619 1743-1743/? D/CarrierSvcBindHelper: No carrier app for: 0
07-06 21:00:34.624 1581-1581/? I/AccountManagerService: User 0 is unlocked - opening CE database
07-06 21:00:34.632 1581-1898/? I/ActivityManager: Start proc 2067:com.android.launcher3/u0a19 for activity com.android.launcher3/.Launcher
07-06 21:00:34.634 2054-2054/? W/art: Unexpected CPU variant for X86 using defaults: x86
07-06 21:00:34.639 2067-2067/? W/art: Unexpected CPU variant for X86 using defaults: x86
07-06 21:00:34.640 1668-1668/? E/BluetoothAdapter: Bluetooth binder is null
07-06 21:00:34.668 1581-1831/? I/ActivityManager: Start proc 2084:com.android.keychain/1000 for service com.android.keychain/.KeyChainService
07-06 21:00:34.683 2084-2084/? W/art: Unexpected CPU variant for X86 using defaults: x86
07-06 21:00:34.754 2004-2004/? D/AndroidRuntime: >>>>>> START com.android.internal.os.RuntimeInit uid 2000 <<<<<<
07-06 21:00:34.759 2084-2084/? W/System: ClassLoader referenced unknown path: /system/app/KeyChain/lib/x86
07-06 21:00:34.777 1668-1668/? I/CameraManagerGlobal: Connecting to camera service
07-06 21:00:34.778 1347-1347/? V/EmulatedCamera_Camera: getCameraInfo
07-06 21:00:34.778 1347-1347/? V/EmulatedCamera_BaseCamera: getCameraInfo
07-06 21:00:34.778 1347-1347/? I/CameraService: getCameraCharacteristics: Switching to HAL1 shim implementation...
07-06 21:00:34.778 1347-1347/? V/EmulatedCamera_Camera: getCameraInfo
07-06 21:00:34.778 1347-1347/? V/EmulatedCamera_BaseCamera: getCameraInfo
07-06 21:00:34.778 1347-1347/? I/CameraService: CameraService::connect call (PID -1 "cameraserver", camera ID 0) for HAL version default and Camera API version 1
07-06 21:00:34.778 1347-1347/? E/CameraService: getCameraPriorityFromProcState: Received invalid process state -1 from ActivityManagerService!
07-06 21:00:34.778 1347-1347/? V/EmulatedCamera_Camera: getCameraInfo
07-06 21:00:34.778 1347-1347/? V/EmulatedCamera_BaseCamera: getCameraInfo
07-06 21:00:34.809 1354-2106/? E/WVMExtractor: Failed to open libwvm.so: dlopen failed: library "libwvm.so" not found
07-06 21:00:34.815 2004-2004/? D/AndroidRuntime: CheckJNI is ON
07-06 21:00:34.835 1354-2105/? D/NuPlayerDriver: notifyListener_l(0xac412180), (1, 0, 0), loop setting(0, 0)
07-06 21:00:34.876 1354-2108/? D/NuPlayerDriver: notifyListener_l(0xac412240), (1, 0, 0), loop setting(0, 0)
07-06 21:00:34.889 1354-2110/? D/NuPlayerDriver: notifyListener_l(0xac4122a0), (1, 0, 0), loop setting(0, 0)
07-06 21:00:34.890 1347-1347/? I/CameraFlashlight: Opening camera 0
07-06 21:00:34.890 1347-1347/? V/EmulatedCamera_Camera: getCameraInfo
07-06 21:00:34.890 1347-1347/? V/EmulatedCamera_BaseCamera: getCameraInfo
07-06 21:00:34.890 1347-1347/? V/EmulatedCamera_Camera: connectCamera
07-06 21:00:34.890 1347-1347/? V/EmulatedCamera_FakeDevice: connectDevice
07-06 21:00:34.890 1347-1347/? V/EmulatedCamera_CallbackNotifier: setCallbacks: 0xabe07eb0, 0xabe07f00, 0xabe08020, 0xabe08140 (0xab6c3280)
07-06 21:00:34.890 1347-1347/? V/EmulatedCamera_CallbackNotifier: enableMessage: msg_type = 0xc0d
07-06 21:00:34.890 1347-1347/? V/EmulatedCamera_CallbackNotifier:     CAMERA_MSG_ERROR
07-06 21:00:34.890 1347-1347/? V/EmulatedCamera_CallbackNotifier:     CAMERA_MSG_FOCUS
07-06 21:00:34.890 1347-1347/? V/EmulatedCamera_CallbackNotifier:     CAMERA_MSG_ZOOM
07-06 21:00:34.890 1347-1347/? V/EmulatedCamera_CallbackNotifier:     CAMERA_MSG_PREVIEW_METADATA
07-06 21:00:34.890 1347-1347/? V/EmulatedCamera_CallbackNotifier: **** Currently enabled messages:
07-06 21:00:34.890 1347-1347/? V/EmulatedCamera_CallbackNotifier:     CAMERA_MSG_ERROR
07-06 21:00:34.890 1347-1347/? V/EmulatedCamera_CallbackNotifier:     CAMERA_MSG_FOCUS
07-06 21:00:34.890 1347-1347/? V/EmulatedCamera_CallbackNotifier:     CAMERA_MSG_ZOOM
07-06 21:00:34.890 1347-1347/? V/EmulatedCamera_CallbackNotifier:     CAMERA_MSG_PREVIEW_METADATA
07-06 21:00:34.890 1347-1347/? V/EmulatedCamera_CallbackNotifier: disableMessage: msg_type = 0xffff
07-06 21:00:34.890 1347-1347/? V/EmulatedCamera_CallbackNotifier:     CAMERA_MSG_ERROR
07-06 21:00:34.890 1347-1347/? V/EmulatedCamera_CallbackNotifier:     CAMERA_MSG_SHUTTER
07-06 21:00:34.890 1347-1347/? V/EmulatedCamera_CallbackNotifier:     CAMERA_MSG_FOCUS
07-06 21:00:34.890 1347-1347/? V/EmulatedCamera_CallbackNotifier:     CAMERA_MSG_ZOOM
07-06 21:00:34.890 1347-1347/? V/EmulatedCamera_CallbackNotifier:     CAMERA_MSG_PREVIEW_FRAME
07-06 21:00:34.890 1347-1347/? V/EmulatedCamera_CallbackNotifier:     CAMERA_MSG_VIDEO_FRAME
07-06 21:00:34.890 1347-1347/? V/EmulatedCamera_CallbackNotifier:     CAMERA_MSG_POSTVIEW_FRAME
07-06 21:00:34.890 1347-1347/? V/EmulatedCamera_CallbackNotifier:     CAMERA_MSG_RAW_IMAGE
07-06 21:00:34.890 1347-1347/? V/EmulatedCamera_CallbackNotifier:     CAMERA_MSG_COMPRESSED_IMAGE
07-06 21:00:34.890 1347-1347/? V/EmulatedCamera_CallbackNotifier:     CAMERA_MSG_RAW_IMAGE_NOTIFY
07-06 21:00:34.890 1347-1347/? V/EmulatedCamera_CallbackNotifier:     CAMERA_MSG_PREVIEW_METADATA
07-06 21:00:34.890 1347-1347/? V/EmulatedCamera_CallbackNotifier: **** Currently enabled messages:
07-06 21:00:34.890 1347-1347/? V/EmulatedCamera_Preview: setPreviewWindow: current: 0x0 -> new: 0x0
07-06 21:00:34.890 1347-1347/? V/EmulatedCamera_Camera: doStopPreview
07-06 21:00:34.890 1347-1347/? V/EmulatedCamera_Camera: cancelPicture
07-06 21:00:34.890 1347-1347/? V/EmulatedCamera_Camera: releaseCamera
07-06 21:00:34.890 1347-1347/? V/EmulatedCamera_Camera: doStopPreview
07-06 21:00:34.890 1347-1347/? V/EmulatedCamera_FakeDevice: disconnectDevice
07-06 21:00:34.890 1347-1347/? W/EmulatedCamera_Device: Initialize: Emulated camera device is already initialized: mState = 1
07-06 21:00:34.890 1347-1347/? D/EmulatedCamera_FakeCamera: Initialize: Fake camera is facing back
07-06 21:00:34.890 1347-1347/? V/EmulatedCamera_Device: initializeWhiteBalanceModes with auto, 1.000000, 1.000000
07-06 21:00:34.890 1347-1347/? V/EmulatedCamera_Device: initializeWhiteBalanceModes with incandescent, 1.380000, 0.600000
07-06 21:00:34.890 1347-1347/? V/EmulatedCamera_Device: initializeWhiteBalanceModes with daylight, 1.090000, 0.920000
07-06 21:00:34.890 1347-1347/? V/EmulatedCamera_Device: initializeWhiteBalanceModes with twilight, 0.920000, 1.220000
07-06 21:00:34.890 1347-1347/? V/EmulatedCamera_Device: setWhiteBalanceMode with white balance auto
07-06 21:00:34.890 1347-1347/? I/CameraFlashlight: Destroying camera 0
07-06 21:00:34.890 1347-1347/? V/EmulatedCamera_Camera: closeCamera
07-06 21:00:34.890 1347-1347/? V/EmulatedCamera_Camera: doStopPreview
07-06 21:00:34.890 1347-1347/? W/EmulatedCamera_Device: Initialize: Emulated camera device is already initialized: mState = 1
07-06 21:00:34.890 1347-1347/? D/EmulatedCamera_FakeCamera: Initialize: Fake camera is facing back
07-06 21:00:34.890 1347-1347/? V/EmulatedCamera_Device: initializeWhiteBalanceModes with auto, 1.000000, 1.000000
07-06 21:00:34.890 1347-1347/? V/EmulatedCamera_Device: initializeWhiteBalanceModes with incandescent, 1.380000, 0.600000
07-06 21:00:34.890 1347-1347/? V/EmulatedCamera_Device: initializeWhiteBalanceModes with daylight, 1.090000, 0.920000
07-06 21:00:34.890 1347-1347/? V/EmulatedCamera_Device: initializeWhiteBalanceModes with twilight, 0.920000, 1.220000
07-06 21:00:34.890 1347-1347/? V/EmulatedCamera_Device: setWhiteBalanceMode with white balance auto
07-06 21:00:34.891 1347-1347/? I/CameraService: disconnect: Disconnected client for camera 0 for PID 1347
07-06 21:00:34.891 1354-1354/? D/NuPlayerDriver: reset(0xac412180) at state 4
07-06 21:00:34.891 1354-1354/? D/NuPlayerDriver: notifyListener_l(0xac412180), (8, 0, 0), loop setting(0, 0)
07-06 21:00:34.891 1354-2105/? D/NuPlayerDriver: notifyResetComplete(0xac412180)
07-06 21:00:34.891 1354-1377/? D/NuPlayerDriver: reset(0xac412240) at state 4
07-06 21:00:34.891 1354-1377/? D/NuPlayerDriver: notifyListener_l(0xac412240), (8, 0, 0), loop setting(0, 0)
07-06 21:00:34.891 1354-2108/? D/NuPlayerDriver: notifyResetComplete(0xac412240)
07-06 21:00:34.892 1354-1354/? D/NuPlayerDriver: reset(0xac4122a0) at state 4
07-06 21:00:34.892 1354-1354/? D/NuPlayerDriver: notifyListener_l(0xac4122a0), (8, 0, 0), loop setting(0, 0)
07-06 21:00:34.892 1354-2110/? D/NuPlayerDriver: notifyResetComplete(0xac4122a0)
07-06 21:00:34.892 1347-1579/? V/EmulatedCamera_Camera: getCameraInfo
07-06 21:00:34.892 1347-1579/? V/EmulatedCamera_BaseCamera: getCameraInfo
07-06 21:00:34.892 1347-1579/? I/CameraService: getCameraCharacteristics: Switching to HAL1 shim implementation...
07-06 21:00:34.892 1347-1579/? V/EmulatedCamera_Camera: getCameraInfo
07-06 21:00:34.892 1347-1579/? V/EmulatedCamera_BaseCamera: getCameraInfo
07-06 21:00:34.892 1347-1579/? I/CameraService: CameraService::connect call (PID -1 "cameraserver", camera ID 1) for HAL version default and Camera API version 1
07-06 21:00:34.892 1347-1579/? E/CameraService: getCameraPriorityFromProcState: Received invalid process state -1 from ActivityManagerService!
07-06 21:00:34.892 1347-1579/? V/EmulatedCamera_Camera: getCameraInfo
07-06 21:00:34.892 1347-1579/? V/EmulatedCamera_BaseCamera: getCameraInfo
07-06 21:00:34.910 1354-2112/? D/NuPlayerDriver: notifyListener_l(0xac412240), (1, 0, 0), loop setting(0, 0)
07-06 21:00:34.916 1354-2114/? D/NuPlayerDriver: notifyListener_l(0xac412360), (1, 0, 0), loop setting(0, 0)
07-06 21:00:34.923 1354-2116/? D/NuPlayerDriver: notifyListener_l(0xac4123c0), (1, 0, 0), loop setting(0, 0)
07-06 21:00:34.923 1347-1579/? I/CameraFlashlight: Opening camera 1
07-06 21:00:34.923 1347-1579/? V/EmulatedCamera_Camera: getCameraInfo
07-06 21:00:34.923 1347-1579/? V/EmulatedCamera_BaseCamera: getCameraInfo
07-06 21:00:34.923 1347-1579/? V/EmulatedCamera_Camera: connectCamera
07-06 21:00:34.923 1347-1579/? V/EmulatedCamera_FakeDevice: connectDevice
07-06 21:00:34.923 1347-1579/? V/EmulatedCamera_CallbackNotifier: setCallbacks: 0xabe07eb0, 0xabe07f00, 0xabe08020, 0xabe08140 (0xab333140)
07-06 21:00:34.923 1347-1579/? V/EmulatedCamera_CallbackNotifier: enableMessage: msg_type = 0xc0d
07-06 21:00:34.923 1347-1579/? V/EmulatedCamera_CallbackNotifier:     CAMERA_MSG_ERROR
07-06 21:00:34.923 1347-1579/? V/EmulatedCamera_CallbackNotifier:     CAMERA_MSG_FOCUS
07-06 21:00:34.923 1347-1579/? V/EmulatedCamera_CallbackNotifier:     CAMERA_MSG_ZOOM
07-06 21:00:34.923 1347-1579/? V/EmulatedCamera_CallbackNotifier:     CAMERA_MSG_PREVIEW_METADATA
07-06 21:00:34.923 1347-1579/? V/EmulatedCamera_CallbackNotifier: **** Currently enabled messages:
07-06 21:00:34.923 1347-1579/? V/EmulatedCamera_CallbackNotifier:     CAMERA_MSG_ERROR
07-06 21:00:34.923 1347-1579/? V/EmulatedCamera_CallbackNotifier:     CAMERA_MSG_FOCUS
07-06 21:00:34.923 1347-1579/? V/EmulatedCamera_CallbackNotifier:     CAMERA_MSG_ZOOM
07-06 21:00:34.923 1347-1579/? V/EmulatedCamera_CallbackNotifier:     CAMERA_MSG_PREVIEW_METADATA
07-06 21:00:34.923 1347-1579/? V/EmulatedCamera_CallbackNotifier: disableMessage: msg_type = 0xffff
07-06 21:00:34.923 1347-1579/? V/EmulatedCamera_CallbackNotifier:     CAMERA_MSG_ERROR
07-06 21:00:34.923 1347-1579/? V/EmulatedCamera_CallbackNotifier:     CAMERA_MSG_SHUTTER
07-06 21:00:34.923 1347-1579/? V/EmulatedCamera_CallbackNotifier:     CAMERA_MSG_FOCUS
07-06 21:00:34.923 1347-1579/? V/EmulatedCamera_CallbackNotifier:     CAMERA_MSG_ZOOM
