D/PowerManagerServiceEx(  880): updateWakeLockSummaryLocked: checkScreenWakelockList : mWakefulness=Awake, mWakeLockSummary=0x0
D/InputDispatcher(  880): notifyMotion - action=ACTION_UP(0), id=0, tooltype=1, deviceId=6, source=0x1002, policyFlags=0x0, flags=0x0, metaState=0x0, buttonState=0x0, edgeFlags=0x0, eventTime=71526737160000, downTime=71526555600000, 
D/InputTransport(  880): channel '36e77d54 NavigationBar (server)' : action=ACTION_UP(0), id=0, tooltype=1, deviceId=6, source=0x1002, flags=0x0, edgeFlags=0x0, metaState=0x0, buttonState=0x0, downTime=71526555600000, eventTime=71526737160000, pointerCount=1
I/ViewRootImpl( 4549): ViewRoot's Touch Event : ACTION_UP
W/DisplayPowerControllerEx(  880): setScreenState : state = 2, isStateChanged = false, returnVal = true
W/DisplayPowerControllerEx(  880): setScreenState : state = 2, isStateChanged = false, returnVal = true
I/Netd    (  339): M: Get netlink event, ifname: wlan0 action: 6
I/Netd    (  339): M: Get netlink event, ifname: wlan0 action: 6
I/Netd    (  339): M: Get netlink event, ifname: wlan0 action: 8
D/libc-netbsd(  880): [getaddrinfo]: hostname=xxxxx; servname=(null); cache_mode=(null), netid=0; mark=0
D/libc-netbsd(  880): [getaddrinfo]: ai_addrlen=0; ai_canonname=xxxxx; ai_flags=4; ai_family=0
D/libc-netbsd(  880): [getaddrinfo]: hostname=xxxxx; servname=(null); cache_mode=(null), netid=0; mark=0
D/libc-netbsd(  880): [getaddrinfo]: ai_addrlen=0; ai_canonname=xxxxx; ai_flags=4; ai_family=0
D/libc-netbsd(  880): [getaddrinfo]: hostname=xxxxx; servname=(null); cache_mode=(null), netid=0; mark=0
D/libc-netbsd(  880): [getaddrinfo]: ai_addrlen=0; ai_canonname=xxxxx; ai_flags=4; ai_family=0
D/libc-netbsd(  880): [getaddrinfo]: hostname=xxxxx; servname=(null); cache_mode=(null), netid=0; mark=0
D/libc-netbsd(  880): [getaddrinfo]: ai_addrlen=0; ai_canonname=xxxxx; ai_flags=4; ai_family=0
W/ActivityManager(  880): Unable to start service Intent { act=com.lge.ime.intent.ANDROID_CONTACT_DB_UPDATED pkg=com.lge.ime } U=0: not found
D/PowerManagerServiceEx(  880): acquireWakeLockInternal: lock=579677392, flags=0x40000001, tag="*alarm*", ws=WorkSource{1000}, historyTag=*alarm*:android.intent.action.TIME_TICK, uid=1000, pid=880
I/WeatherService(18315): TimeTick Intent has been received, Time(hour:min:sec) 22:16:0
I/WeatherService(18315): TimeTick Intent And Screen On
I/WeatherService(18315): shouldTimeTickRegistered - 4x2 : 1, FphWidget : 0
I/WeatherService(18315): shouldTimeTickRegistered : true - home screen widget is shown.
D/WeatherService(18315): refresh LGHome first
I/WeatherAncestor(18315): buildUpdate, appWidgetId: 2
D/WeatherDataCache(18315): changedTiem in DB = 1479348543375, in Cache : 1479348543375
I/WeatherDataCache(18315): return 0 / 1
I/WidgetViewCreator(18315): appWidgetId = 2, cityIndex = 0
D/CityData.Time(18315): Squirrel Hill South's time :: 2016/11/16::22:16(GMT-05:00)
D/WidgetViewCreator_Large(18315): date in large widget : Wed Nov 16 22:16:00 EST 2016
D/CityData.Time(18315): Squirrel Hill South's time :: 2016/11/16::22:16(GMT-05:00)
D/CityData.Time(18315): Squirrel Hill South's time :: 2016/11/16::22:16(GMT-05:00)
D/CityData.Time(18315): Squirrel Hill South's time :: 2016/11/16::22:16(GMT-05:00)
D/CityData.Time(18315): Squirrel Hill South's time :: 2016/11/16::22:16(GMT-05:00)
I/[SystemUI]TimeTickManager( 4549): setTimeTickHandler, called onTimeChanged() nextTick: 59982
I/KeyguardUpdateMonitor( 4549): called onTimeUpdated()
I/[SystemUI]Clock( 4549): called onTimeUpdated()
I/LgeClockWidgetControlView( 4549): called onTimeUpdated()
I/[SystemUI]DateView( 4549): called onTimeUpdated()
I/[SystemUI]DateView( 4549): called onTimeUpdated()
E/WidgetViewCreator(18315): setBgColorForSmartBulletin called
D/KeyguardUpdateMonitor( 4549): handleTimeUpdate
D/CityData.Time(18315): Squirrel Hill South's time :: 2016/11/16::22:16(GMT-05:00)
V/WifiServerServiceExt(  880): checkPollTimer Cnt= 0 rssi =-34 threshold=-100
I/WidgetViewCreator_Large(18315): 0. Squirrel Hill South's widget view is on creating : 2
I/WeatherService(18315): TimeTick Intent has been processed, Time(hour:min:sec) 22:16:0
D/PowerManagerServiceEx(  880): releaseWakeLockInternal: lock=579677392 [*alarm*], flags=0x0
D/PowerManagerServiceEx(  880): updateWakeLockSummaryLocked: checkScreenWakelockList : mWakefulness=Awake, mWakeLockSummary=0x0
D/WifiServerServiceExt(  880): getSupplicantStateCOMPLETED
D/WifiServerServiceExt(  880): getSupplicantStateCOMPLETED
E/WifiStateMachine(  880):  ConnectedState !CMD_RSSI_POLL 169 0 "HOME-BD3F-2.4" 88:ad:43:07:86:48 rssi=-34 f=2437 sc=60 link=72 tx=0.5, 0.0, 0.0  rx=2.9 bcn=0 [on:0 tx:0 rx:0 period:3001] from screen [on:0 period:1883810946] gl hn u24 rssi=-29 ag=0 hr ls-=0 [56,56,56,56,61] brc=0 lrc=0
E/WifiStateMachine(  880):  L2ConnectedState !CMD_RSSI_POLL 169 0 "HOME-BD3F-2.4" 88:ad:43:07:86:48 rssi=-34 f=2437 sc=60 link=72 tx=0.5, 0.0, 0.0  rx=2.9 bcn=0 [on:0 tx:0 rx:0 period:2] from screen [on:0 period:1883810948] gl hn u24 rssi=-29 ag=0 hr ls-=0 [56,56,56,56,61] brc=0 lrc=0
D/PowerManagerServiceEx(  880): updateWakeLockSummaryLocked: checkScreenWakelockList : mWakefulness=Awake, mWakeLockSummary=0x0
I/ThermalEngine(  362): Sensor:xo_therm:41000 mC
D/VM_BMS  (  444): wake_lock acquired
D/VM_BMS  (  444): New BMS data - Size=56
D/VM_BMS  (  444): Start process_bms_data
D/WifiServerServiceExt(  880): getSupplicantStateCOMPLETED
D/WifiServerServiceExt(  880): getSupplicantStateCOMPLETED
D/VM_BMS  (  444): For batt_temp=338 fcc_mah=2011
D/VM_BMS  (  444): For ocv=3761113 batt_temp=338 soc=29
D/VM_BMS  (  444): fifo_count=5 acc_count=0
D/VM_BMS  (  444): INIT: ocv=3761113 last_ocv=3761113 batt_temp=338 soc=29
D/VM_BMS  (  444): For soc=29 batt_temp=338 slope=3200
D/VM_BMS  (  444): For soc=29 batt_temp=338 rbatt_sf=102
D/VM_BMS  (  444): rbatt_mohm_default=180, rbatt_mohm=183, sf=102 batt_temp=338
D/VM_BMS  (  444): For ocv=3761221 batt_temp=338 soc=29
D/VM_BMS  (  444): FIFO=0 fifo_avg=3.824715 rbatt=0.233000 slope=0.320000 ibatt=-0.272738 ocv=3.761221 soc=29 fcc_ah=2.011000 sample_count=128 sample_interval=70 seq_num=8898
D/VM_BMS  (  444): For soc=29 batt_temp=338 slope=3200
D/VM_BMS  (  444): For soc=29 batt_temp=338 rbatt_sf=102
D/VM_BMS  (  444): rbatt_mohm_default=180, rbatt_mohm=183, sf=102 batt_temp=338
D/VM_BMS  (  444): For ocv=3761297 batt_temp=338 soc=29
D/VM_BMS  (  444): FIFO=1 fifo_avg=3.806406 rbatt=0.233000 slope=0.320000 ibatt=-0.193763 ocv=3.761298 soc=29 fcc_ah=2.011000 sample_count=128 sample_interval=70 seq_num=8898
D/VM_BMS  (  444): For soc=29 batt_temp=338 slope=3200
D/VM_BMS  (  444): For soc=29 batt_temp=338 rbatt_sf=102
D/VM_BMS  (  444): rbatt_mohm_default=180, rbatt_mohm=183, sf=102 batt_temp=338
D/VM_BMS  (  444): For ocv=3761377 batt_temp=338 soc=29
D/VM_BMS  (  444): FIFO=2 fifo_avg=3.808770 rbatt=0.233000 slope=0.320000 ibatt=-0.203574 ocv=3.761378 soc=29 fcc_ah=2.011000 sample_count=128 sample_interval=70 seq_num=8898
D/VM_BMS  (  444): For soc=29 batt_temp=338 slope=3200
D/VM_BMS  (  444): For soc=29 batt_temp=338 rbatt_sf=102
D/VM_BMS  (  444): rbatt_mohm_default=180, rbatt_mohm=183, sf=102 batt_temp=338
D/VM_BMS  (  444): For ocv=3761467 batt_temp=338 soc=29
D/VM_BMS  (  444): FIFO=3 fifo_avg=3.814674 rbatt=0.233000 slope=0.320000 ibatt=-0.228547 ocv=3.761468 soc=29 fcc_ah=2.011000 sample_count=128 sample_interval=70 seq_num=8898
D/VM_BMS  (  444): For soc=29 batt_temp=338 slope=3200
D/VM_BMS  (  444): For soc=29 batt_temp=338 rbatt_sf=102
D/VM_BMS  (  444): rbatt_mohm_default=180, rbatt_mohm=183, sf=102 batt_temp=338
D/VM_BMS  (  444): For ocv=3761582 batt_temp=338 soc=29
D/VM_BMS  (  444): FIFO=4 fifo_avg=3.829443 rbatt=0.233000 slope=0.320000 ibatt=-0.291495 ocv=3.761582 soc=29 fcc_ah=2.011000 sample_count=128 sample_interval=70 seq_num=8898
I/VM_BMS  (  444): power_supply_update: ocv_uv=3761582 ibatt=-291494 soc=29 seq_num=8898
D/VM_BMS  (  444): End process_bms_data
D/VM_BMS  (  444): wake_lock released
I/Netd    (  339): M: Get netlink event, ifname: wlan0 action: 6
I/Netd    (  339): M: Get netlink event, ifname: wlan0 action: 6
I/Netd    (  339): M: Get netlink event, ifname: wlan0 action: 8
D/libc-netbsd(  880): [getaddrinfo]: hostname=xxxxx; servname=(null); cache_mode=(null), netid=0; mark=0
D/libc-netbsd(  880): [getaddrinfo]: ai_addrlen=0; ai_canonname=xxxxx; ai_flags=4; ai_family=0
D/libc-netbsd(  880): [getaddrinfo]: hostname=xxxxx; servname=(null); cache_mode=(null), netid=0; mark=0
D/libc-netbsd(  880): [getaddrinfo]: ai_addrlen=0; ai_canonname=xxxxx; ai_flags=4; ai_family=0
D/libc-netbsd(  880): [getaddrinfo]: hostname=xxxxx; servname=(null); cache_mode=(null), netid=0; mark=0
D/libc-netbsd(  880): [getaddrinfo]: ai_addrlen=0; ai_canonname=xxxxx; ai_flags=4; ai_family=0
D/libc-netbsd(  880): [getaddrinfo]: hostname=xxxxx; servname=(null); cache_mode=(null), netid=0; mark=0
D/libc-netbsd(  880): [getaddrinfo]: ai_addrlen=0; ai_canonname=xxxxx; ai_flags=4; ai_family=0
V/WifiServerServiceExt(  880): checkPollTimer Cnt= 0 rssi =-36 threshold=-100
E/WifiStateMachine(  880):  ConnectedState !CMD_RSSI_POLL 169 0 "HOME-BD3F-2.4" 88:ad:43:07:86:48 rssi=-36 f=2437 sc=60 link=72 tx=0.7, 0.0, 0.0  rx=1.9 bcn=0 [on:0 tx:0 rx:0 period:3004] from screen [on:0 period:1883813966] gl hn u24 rssi=-31 ag=0 hr ls-=0 [56,56,56,56,61] brc=0 lrc=0
E/WifiStateMachine(  880):  L2ConnectedState !CMD_RSSI_POLL 169 0 "HOME-BD3F-2.4" 88:ad:43:07:86:48 rssi=-36 f=2437 sc=60 link=72 tx=0.7, 0.0, 0.0  rx=1.9 bcn=0 [on:0 tx:0 rx:0 period:1] from screen [on:0 period:1883813967] gl hn u24 rssi=-31 ag=0 hr ls-=0 [56,56,56,56,61] brc=0 lrc=0
D/WifiServerServiceExt(  880): getSupplicantStateCOMPLETED
D/WifiServerServiceExt(  880): getSupplicantStateCOMPLETED
I/Netd    (  339): M: Get netlink event, ifname: wlan0 action: 6
I/Netd    (  339): M: Get netlink event, ifname: wlan0 action: 6
I/Netd    (  339): M: Get netlink event, ifname: wlan0 action: 8
D/libc-netbsd(  880): [getaddrinfo]: hostname=xxxxx; servname=(null); cache_mode=(null), netid=0; mark=0
D/libc-netbsd(  880): [getaddrinfo]: ai_addrlen=0; ai_canonname=xxxxx; ai_flags=4; ai_family=0
D/libc-netbsd(  880): [getaddrinfo]: hostname=xxxxx; servname=(null); cache_mode=(null), netid=0; mark=0
D/libc-netbsd(  880): [getaddrinfo]: ai_addrlen=0; ai_canonname=xxxxx; ai_flags=4; ai_family=0
D/libc-netbsd(  880): [getaddrinfo]: hostname=xxxxx; servname=(null); cache_mode=(null), netid=0; mark=0
D/libc-netbsd(  880): [getaddrinfo]: ai_addrlen=0; ai_canonname=xxxxx; ai_flags=4; ai_family=0
D/libc-netbsd(  880): [getaddrinfo]: hostname=xxxxx; servname=(null); cache_mode=(null), netid=0; mark=0
D/libc-netbsd(  880): [getaddrinfo]: ai_addrlen=0; ai_canonname=xxxxx; ai_flags=4; ai_family=0
V/WifiServerServiceExt(  880): checkPollTimer Cnt= 0 rssi =-34 threshold=-100
D/WifiServerServiceExt(  880): getSupplicantStateCOMPLETED
D/WifiServerServiceExt(  880): getSupplicantStateCOMPLETED
E/WifiStateMachine(  880):  ConnectedState !CMD_RSSI_POLL 169 0 "HOME-BD3F-2.4" 88:ad:43:07:86:48 rssi=-34 f=2437 sc=60 link=72 tx=0.9, 0.0, 0.0  rx=3.0 bcn=0 [on:0 tx:0 rx:0 period:3004] from screen [on:0 period:1883816986] gl hn u24 rssi=-29 ag=0 hr ls-=0 [56,56,56,56,61] brc=0 lrc=0
E/WifiStateMachine(  880):  L2ConnectedState !CMD_RSSI_POLL 169 0 "HOME-BD3F-2.4" 88:ad:43:07:86:48 rssi=-34 f=2437 sc=60 link=72 tx=0.9, 0.0, 0.0  rx=3.0 bcn=0 [on:0 tx:0 rx:0 period:4] from screen [on:0 period:1883816990] gl hn u24 rssi=-29 ag=0 hr ls-=0 [56,56,56,56,61] brc=0 lrc=0
I/ThermalEngine(  362): Sensor:xo_therm:41000 mC
D/WifiServerServiceExt(  880): getSupplicantStateCOMPLETED
D/WifiServerServiceExt(  880): getSupplicantStateCOMPLETED
I/Netd    (  339): M: Get netlink event, ifname: wlan0 action: 6
I/Netd    (  339): M: Get netlink event, ifname: wlan0 action: 6
I/Netd    (  339): M: Get netlink event, ifname: wlan0 action: 8
D/libc-netbsd(  880): [getaddrinfo]: hostname=xxxxx; servname=(null); cache_mode=(null), netid=0; mark=0
D/libc-netbsd(  880): [getaddrinfo]: ai_addrlen=0; ai_canonname=xxxxx; ai_flags=4; ai_family=0
D/libc-netbsd(  880): [getaddrinfo]: hostname=xxxxx; servname=(null); cache_mode=(null), netid=0; mark=0
D/libc-netbsd(  880): [getaddrinfo]: ai_addrlen=0; ai_canonname=xxxxx; ai_flags=4; ai_family=0
D/libc-netbsd(  880): [getaddrinfo]: hostname=xxxxx; servname=(null); cache_mode=(null), netid=0; mark=0
D/libc-netbsd(  880): [getaddrinfo]: ai_addrlen=0; ai_canonname=xxxxx; ai_flags=4; ai_family=0
D/libc-netbsd(  880): [getaddrinfo]: hostname=xxxxx; servname=(null); cache_mode=(null), netid=0; mark=0
D/libc-netbsd(  880): [getaddrinfo]: ai_addrlen=0; ai_canonname=xxxxx; ai_flags=4; ai_family=0
V/WifiServerServiceExt(  880): checkPollTimer Cnt= 0 rssi =-35 threshold=-100
E/WifiStateMachine(  880):  ConnectedState !CMD_RSSI_POLL 169 0 "HOME-BD3F-2.4" 88:ad:43:07:86:48 rssi=-35 f=2437 sc=60 link=72 tx=0.4, 0.0, 0.0  rx=2.0 bcn=0 [on:0 tx:0 rx:0 period:3002] from screen [on:0 period:1883820006] gl hn u24 rssi=-30 ag=0 hr ls-=0 [56,56,56,56,61] brc=0 lrc=0
E/WifiStateMachine(  880):  L2ConnectedState !CMD_RSSI_POLL 169 0 "HOME-BD3F-2.4" 88:ad:43:07:86:48 rssi=-35 f=2437 sc=60 link=72 tx=0.4, 0.0, 0.0  rx=2.0 bcn=0 [on:0 tx:0 rx:0 period:2] from screen [on:0 period:1883820008] gl hn u24 rssi=-30 ag=0 hr ls-=0 [56,56,56,56,61] brc=0 lrc=0
D/WifiServerServiceExt(  880): getSupplicantStateCOMPLETED
D/WifiServerServiceExt(  880): getSupplicantStateCOMPLETED
I/Netd    (  339): M: Get netlink event, ifname: wlan0 action: 6
I/Netd    (  339): M: Get netlink event, ifname: wlan0 action: 6
I/Netd    (  339): M: Get netlink event, ifname: wlan0 action: 8
D/libc-netbsd(  880): [getaddrinfo]: hostname=xxxxx; servname=(null); cache_mode=(null), netid=0; mark=0
D/libc-netbsd(  880): [getaddrinfo]: ai_addrlen=0; ai_canonname=xxxxx; ai_flags=4; ai_family=0
D/libc-netbsd(  880): [getaddrinfo]: hostname=xxxxx; servname=(null); cache_mode=(null), netid=0; mark=0
D/libc-netbsd(  880): [getaddrinfo]: ai_addrlen=0; ai_canonname=xxxxx; ai_flags=4; ai_family=0
D/libc-netbsd(  880): [getaddrinfo]: hostname=xxxxx; servname=(null); cache_mode=(null), netid=0; mark=0
D/libc-netbsd(  880): [getaddrinfo]: ai_addrlen=0; ai_canonname=xxxxx; ai_flags=4; ai_family=0
D/libc-netbsd(  880): [getaddrinfo]: hostname=xxxxx; servname=(null); cache_mode=(null), netid=0; mark=0
D/libc-netbsd(  880): [getaddrinfo]: ai_addrlen=0; ai_canonname=xxxxx; ai_flags=4; ai_family=0
I/ThermalEngine(  362): Sensor:xo_therm:41000 mC
V/WifiServerServiceExt(  880): checkPollTimer Cnt= 0 rssi =-34 threshold=-100
D/WifiServerServiceExt(  880): getSupplicantStateCOMPLETED
D/WifiServerServiceExt(  880): getSupplicantStateCOMPLETED
V/AlarmManager(  880): ELAPSED_WAKEUP set : Alarm{168aec tag *walarm*:android.content.syncmanager.SYNC_ALARM type 2 when 108259351 android} when 108259351
D/PowerManagerServiceEx(  880): updateWakeLockSummaryLocked: checkScreenWakelockList : mWakefulness=Awake, mWakeLockSummary=0x0
E/WifiStateMachine(  880):  ConnectedState !CMD_RSSI_POLL 169 0 "HOME-BD3F-2.4" 88:ad:43:07:86:48 rssi=-34 f=2437 sc=60 link=72 tx=0.7, 0.0, 0.0  rx=1.5 bcn=0 [on:0 tx:0 rx:0 period:3003] from screen [on:0 period:1883823027] gl hn u24 rssi=-29 ag=0 hr ls-=0 [56,56,56,56,61] brc=0 lrc=0
E/WifiStateMachine(  880):  L2ConnectedState !CMD_RSSI_POLL 169 0 "HOME-BD3F-2.4" 88:ad:43:07:86:48 rssi=-34 f=2437 sc=60 link=72 tx=0.7, 0.0, 0.0  rx=1.5 bcn=0 [on:0 tx:0 rx:0 period:2] from screen [on:0 period:1883823029] gl hn u24 rssi=-29 ag=0 hr ls-=0 [56,56,56,56,61] brc=0 lrc=0
W/IcingInternalCorpora( 2491): getNumBytesRead when not calculated.
D/WifiServerServiceExt(  880): getSupplicantStateCOMPLETED
D/WifiServerServiceExt(  880): getSupplicantStateCOMPLETED
I/Netd    (  339): M: Get netlink event, ifname: wlan0 action: 6
I/Netd    (  339): M: Get netlink event, ifname: wlan0 action: 6
I/Netd    (  339): M: Get netlink event, ifname: wlan0 action: 8
D/libc-netbsd(  880): [getaddrinfo]: hostname=xxxxx; servname=(null); cache_mode=(null), netid=0; mark=0
D/libc-netbsd(  880): [getaddrinfo]: ai_addrlen=0; ai_canonname=xxxxx; ai_flags=4; ai_family=0
D/libc-netbsd(  880): [getaddrinfo]: hostname=xxxxx; servname=(null); cache_mode=(null), netid=0; mark=0
D/libc-netbsd(  880): [getaddrinfo]: ai_addrlen=0; ai_canonname=xxxxx; ai_flags=4; ai_family=0
D/libc-netbsd(  880): [getaddrinfo]: hostname=xxxxx; servname=(null); cache_mode=(null), netid=0; mark=0
D/libc-netbsd(  880): [getaddrinfo]: ai_addrlen=0; ai_canonname=xxxxx; ai_flags=4; ai_family=0
D/libc-netbsd(  880): [getaddrinfo]: hostname=xxxxx; servname=(null); cache_mode=(null), netid=0; mark=0
D/libc-netbsd(  880): [getaddrinfo]: ai_addrlen=0; ai_canonname=xxxxx; ai_flags=4; ai_family=0
V/WifiServerServiceExt(  880): checkPollTimer Cnt= 0 rssi =-35 threshold=-100
E/WifiStateMachine(  880):  ConnectedState !CMD_RSSI_POLL 169 0 "HOME-BD3F-2.4" 88:ad:43:07:86:48 rssi=-35 f=2437 sc=60 link=72 tx=0.4, 0.0, 0.0  rx=1.2 bcn=0 [on:0 tx:0 rx:0 period:3004] from screen [on:0 period:1883826047] gl hn u24 rssi=-30 ag=0 hr ls-=0 [56,56,56,56,61] brc=0 lrc=0
E/WifiStateMachine(  880):  L2ConnectedState !CMD_RSSI_POLL 169 0 "HOME-BD3F-2.4" 88:ad:43:07:86:48 rssi=-35 f=2437 sc=60 link=72 tx=0.4, 0.0, 0.0  rx=1.2 bcn=0 [on:0 tx:0 rx:0 period:4] from screen [on:0 period:1883826051] gl hn u24 rssi=-30 ag=0 hr ls-=0 [56,56,56,56,61] brc=0 lrc=0
D/WifiServerServiceExt(  880): getSupplicantStateCOMPLETED
D/WifiServerServiceExt(  880): getSupplicantStateCOMPLETED
I/ThermalEngine(  362): Sensor:xo_therm:41000 mC
V/AlarmManager(  880): ELAPSED_WAKEUP set : Alarm{28127016 tag *walarm*:com.google.android.location.ALARM_WAKEUP_LOCATOR type 2 when 108263205 com.google.android.gms} when 108263205
V/AlarmManager(  880): ELAPSED_WAKEUP set : Alarm{35049d97 tag *walarm*:com.google.android.location.ALARM_WAKEUP_ACTIVITY_DETECTION type 2 when 108264205 com.google.android.gms} when 108264205
I/Sensors (  880): AccelSensor::Enable(Accel) Set enable to 1
D/Sensors (  880): AccelSensor::enable(1), handle: 1, what: 0, mEnabled: 1
I/SensorManager( 5989): registerListenerImpl() [Sensor: LGE 3-axis Accelerometer, Rate: 20000, SensorEventListener: ajbs@7dae160] by ajbr.a():1207
D/WifiServiceImplEx(  880): acquireWifiLock pid=5989, uid=10005, packageName=com.google.uid.shared:10005, tag=NlpWifiLock
D/WifiServerServiceExt(  880): isYouTubeLocationScan called  by (com.google.uid.shared:10005)
E/WifiStateMachine(  880):  ConnectedState !CMD_START_SCAN 10005 1137 ic=0 proc(ms):1 full dur:893 cnt=212 rssi=-34 f=2437 sc=60 link=72 tx=2.2, 0.0, 0.0  rx=3.6 fiv=120000 [on:0 tx:0 rx:0 period:1751] from screen [on:0 period:1883827808]
E/WifiStateMachine(  880):  L2ConnectedState !CMD_START_SCAN 10005 1137 ic=0 proc(ms):2 full dur:893 cnt=212 rssi=-34 f=2437 sc=60 link=72 tx=2.2, 0.0, 0.0  rx=3.6 fiv=120000 [on:0 tx:0 rx:0 period:1] from screen [on:0 period:1883827809]
I/wpa_supplicant( 5475): wlan0: CTRL-EVENT-SCAN-STARTED 
I/WifiServerServiceExt(  880): handleLgeEvent event : 9, data : CTRL-EVENT-SCAN-STARTED 
I/WifiHAL (  880): Poll result = 1
I/WifiHAL (  880): Found some events!!!
D/WifiHAL (  880): no_seq_check received
I/WifiHAL (  880): event received NL80211_CMD_TRIGGER_SCAN
I/WifiHAL (  880): event received NL80211_CMD_TRIGGER_SCAN, vendor_id = 0x0
I/WifiHAL (  880): event ignored!!
D/WifiServiceImplEx(  880): startScan pid=5989, uid=10005, packageName=com.google.uid.shared:10005
D/PhoneApp( 5117): getPhone phoneId:0
D/PhoneApp( 5117): getPhone phoneId:0
D/PhoneApp( 5117): getPhone phoneId:0
D/PhoneInterfaceManager( 5117): [PhoneIntfMgr] handleMessage : 2
D/PhoneApp( 5117): getPhone phoneId:0
D/PhoneInterfaceManager( 5117): [PhoneIntfMgr] handleMessage : 3
D/PhoneApp( 5117): getPhone phoneId:0
D/PhoneApp( 5117): getPhone phoneId:0
D/PhoneApp( 5117): getPhone phoneId:0
V/WifiServerServiceExt(  880): checkPollTimer Cnt= 0 rssi =-34 threshold=-100
I/Sensors (  880): AccelSensor::Enable(Accel) Set enable to 0
D/Sensors (  880): AccelSensor::enable(0), handle: 1, what: 0, mEnabled: 0
I/SensorManager( 5989): removeAllSensors() [Sensor: LGE 3-axis Accelerometer] by ajbr.b():223
D/WifiServerServiceExt(  880): getSupplicantStateCOMPLETED
D/WifiServerServiceExt(  880): getSupplicantStateCOMPLETED
I/WifiHAL (  880): Poll result = 1
I/WifiHAL (  880): Found some events!!!
D/WifiHAL (  880): no_seq_check received
I/WifiHAL (  880): event received NL80211_CMD_NEW_SCAN_RESULTS
I/WifiHAL (  880): event received NL80211_CMD_NEW_SCAN_RESULTS, vendor_id = 0x0
I/WifiHAL (  880): event ignored!!
I/WifiServerServiceExt(  880): handleLgeEvent event : 100, data : CTRL-EVENT-SCAN-RESULTS 
E/WifiStateMachine(  880):  ConnectedState !SCAN_RESULTS_EVENT 0 0 found=12 known=3 got=12 bcn=0 con=1
E/WifiStateMachine(  880):  L2ConnectedState !SCAN_RESULTS_EVENT 0 0 found=12 known=3 got=12 bcn=0 con=1
E/WifiStateMachine(  880):  ConnectModeState !SCAN_RESULTS_EVENT 0 0 found=12 known=3 got=12 bcn=0 con=1
E/WifiStateMachine(  880):  DriverStartedState !SCAN_RESULTS_EVENT 0 0 found=12 known=3 got=12 bcn=0 con=1
D/WifiServerServiceExt(  880): { when=-3ms what=147461 target=com.android.internal.util.StateMachine$SmHandler }
E/WifiStateMachine(  880):  SupplicantStartedState !SCAN_RESULTS_EVENT 0 0 found=12 known=3 got=12 bcn=0 con=1
D/LocSvc_java(  880): onReceive
D/LocationManagerService(  880): incoming location: network
D/LocationManagerService(  880): incoming location: network
W/ctxmgr  ( 5989): [ContextSpecificAclFactory]LocationConsent failed, ULR opt-in status is: false, account#-1501921512#
W/ctxmgr  ( 5989): [AclManager]No 2 for (accnt=account#-1501921512#, com.google.android.gms(10005):UserLocationProducer, vrsn=10084000, 0, 3pPkg = null ,  3pMdlId = null). Was: 2 for 1, account#-1501921512#
W/ctxmgr  ( 5989): [ContextSpecificAclFactory]LocationConsent failed, ULR opt-in status is: false, account#-1498741409#
W/ctxmgr  ( 5989): [AclManager]No 2 for (accnt=account#-1498741409#, com.google.android.gms(10005):UserLocationProducer, vrsn=10084000, 0, 3pPkg = null ,  3pMdlId = null). Was: 2 for 1, account#-1498741409#
I/GCoreUlr( 5989): Successfully inserted 1 locations
D/WifiServiceImplEx(  880): releaseWifiLock pid=5989, uid=10005, packageName=com.google.uid.shared:10005
D/PowerManagerServiceEx(  880): updateWakeLockSummaryLocked: checkScreenWakelockList : mWakefulness=Awake, mWakeLockSummary=0x0
E/WifiStateMachine(  880):  ConnectedState !CMD_RSSI_POLL 169 0 "HOME-BD3F-2.4" 88:ad:43:07:86:48 rssi=-34 f=2437 sc=60 link=72 tx=1.3, 0.0, 0.0  rx=1.7 bcn=0 [on:0 tx:0 rx:0 period:1240] from screen [on:0 period:1883829057] gl hn u24 rssi=-29 ag=0 hr ls-=0 [56,56,56,56,61] brc=0 lrc=0
E/WifiStateMachine(  880):  L2ConnectedState !CMD_RSSI_POLL 169 0 "HOME-BD3F-2.4" 88:ad:43:07:86:48 rssi=-34 f=2437 sc=60 link=72 tx=1.3, 0.0, 0.0  rx=1.7 bcn=0 [on:0 tx:0 rx:0 period:1] from screen [on:0 period:1883829058] gl hn u24 rssi=-29 ag=0 hr ls-=0 [56,56,56,56,61] brc=0 lrc=0
D/WifiServerServiceExt(  880): getSupplicantStateCOMPLETED
D/WifiServerServiceExt(  880): getSupplicantStateCOMPLETED
I/Netd    (  339): M: Get netlink event, ifname: wlan0 action: 6
I/Netd    (  339): M: Get netlink event, ifname: wlan0 action: 6
I/Netd    (  339): M: Get netlink event, ifname: wlan0 action: 8
D/libc-netbsd(  880): [getaddrinfo]: hostname=xxxxx; servname=(null); cache_mode=(null), netid=0; mark=0
D/libc-netbsd(  880): [getaddrinfo]: ai_addrlen=0; ai_canonname=xxxxx; ai_flags=4; ai_family=0
D/libc-netbsd(  880): [getaddrinfo]: hostname=xxxxx; servname=(null); cache_mode=(null), netid=0; mark=0
D/libc-netbsd(  880): [getaddrinfo]: ai_addrlen=0; ai_canonname=xxxxx; ai_flags=4; ai_family=0
D/libc-netbsd(  880): [getaddrinfo]: hostname=xxxxx; servname=(null); cache_mode=(null), netid=0; mark=0
D/libc-netbsd(  880): [getaddrinfo]: ai_addrlen=0; ai_canonname=xxxxx; ai_flags=4; ai_family=0
D/libc-netbsd(  880): [getaddrinfo]: hostname=xxxxx; servname=(null); cache_mode=(null), netid=0; mark=0
D/libc-netbsd(  880): [getaddrinfo]: ai_addrlen=0; ai_canonname=xxxxx; ai_flags=4; ai_family=0
V/WifiServerServiceExt(  880): checkPollTimer Cnt= 0 rssi =-36 threshold=-100
E/WifiStateMachine(  880):  ConnectedState !CMD_RSSI_POLL 169 0 "HOME-BD3F-2.4" 88:ad:43:07:86:48 rssi=-36 f=2437 sc=60 link=72 tx=0.6, 0.0, 0.0  rx=0.8 bcn=0 [on:0 tx:0 rx:0 period:3003] from screen [on:0 period:1883832076] gl hn u24 rssi=-31 ag=0 hr ls-=0 [56,56,56,56,61] brc=0 lrc=0
E/WifiStateMachine(  880):  L2ConnectedState !CMD_RSSI_POLL 169 0 "HOME-BD3F-2.4" 88:ad:43:07:86:48 rssi=-36 f=2437 sc=60 link=72 tx=0.6, 0.0, 0.0  rx=0.8 bcn=0 [on:0 tx:0 rx:0 period:1] from screen [on:0 period:1883832077] gl hn u24 rssi=-31 ag=0 hr ls-=0 [56,56,56,56,61] brc=0 lrc=0
I/ThermalEngine(  362): Sensor:xo_therm:41000 mC
D/WifiServerServiceExt(  880): getSupplicantStateCOMPLETED
D/WifiServerServiceExt(  880): getSupplicantStateCOMPLETED
D/PowerManagerServiceEx(  880): updateWakeLockSummaryLocked: checkScreenWakelockList : mWakefulness=Awake, mWakeLockSummary=0x0
D/PowerManagerServiceEx(  880): updateUserActivitySummaryLocked: mWakefulness=Awake, mUserActivitySummary=0x2, nextTimeout=71147432 (403128 ms ago)
W/DisplayPowerControllerEx(  880): setScreenState : state = 2, isStateChanged = false, returnVal = true
D/PowerManagerServiceEx(  880): updateWakeLockSummaryLocked: checkScreenWakelockList : mWakefulness=Awake, mWakeLockSummary=0x0
W/DisplayPowerControllerEx(  880): setScreenState : state = 2, isStateChanged = false, returnVal = true
W/DisplayPowerControllerEx(  880): setScreenState : state = 2, isStateChanged = false, returnVal = true
D/InputDispatcher(  880): notifyMotion - action=ACTION_DOWN(0), id=0, tooltype=1, deviceId=6, source=0x1002, policyFlags=0x0, flags=0x0, metaState=0x0, buttonState=0x0, edgeFlags=0x0, eventTime=71551922725000, downTime=71551922725000, 
D/InputTransport(  880): channel '36e77d54 NavigationBar (server)' : action=ACTION_DOWN(0), id=0, tooltype=1, deviceId=6, source=0x1002, flags=0x0, edgeFlags=0x0, metaState=0x0, buttonState=0x0, downTime=71551922725000, eventTime=71551922725000, pointerCount=1
D/PowerManagerServiceEx(  880): updateWakeLockSummaryLocked: checkScreenWakelockList : mWakefulness=Awake, mWakeLockSummary=0x0
D/PowerManagerServiceEx(  880): updateUserActivitySummaryLocked: mWakefulness=Awake, mUserActivitySummary=0x1, nextTimeout=71147432 (404491 ms ago)
W/DisplayPowerControllerEx(  880): setScreenState : state = 2, isStateChanged = false, returnVal = true
D/PowerManagerServiceEx(  880): updateWakeLockSummaryLocked: checkScreenWakelockList : mWakefulness=Awake, mWakeLockSummary=0x0
I/ViewRootImpl( 4549): ViewRoot's Touch Event : ACTION_DOWN
V/WifiServerServiceExt(  880): checkPollTimer Cnt= 0 rssi =-35 threshold=-100
I/Netd    (  339): M: Get netlink event, ifname: wlan0 action: 6
I/Netd    (  339): M: Get netlink event, ifname: wlan0 action: 6
I/Netd    (  339): M: Get netlink event, ifname: wlan0 action: 8
D/libc-netbsd(  880): [getaddrinfo]: hostname=xxxxx; servname=(null); cache_mode=(null), netid=0; mark=0
D/libc-netbsd(  880): [getaddrinfo]: ai_addrlen=0; ai_canonname=xxxxx; ai_flags=4; ai_family=0
D/libc-netbsd(  880): [getaddrinfo]: hostname=xxxxx; servname=(null); cache_mode=(null), netid=0; mark=0
D/libc-netbsd(  880): [getaddrinfo]: ai_addrlen=0; ai_canonname=xxxxx; ai_flags=4; ai_family=0
D/libc-netbsd(  880): [getaddrinfo]: hostname=xxxxx; servname=(null); cache_mode=(null), netid=0; mark=0
D/libc-netbsd(  880): [getaddrinfo]: ai_addrlen=0; ai_canonname=xxxxx; ai_flags=4; ai_family=0
D/libc-netbsd(  880): [getaddrinfo]: hostname=xxxxx; servname=(null); cache_mode=(null), netid=0; mark=0
D/libc-netbsd(  880): [getaddrinfo]: ai_addrlen=0; ai_canonname=xxxxx; ai_flags=4; ai_family=0
D/InputDispatcher(  880): notifyMotion - action=ACTION_UP(0), id=0, tooltype=1, deviceId=6, source=0x1002, policyFlags=0x0, flags=0x0, metaState=0x0, buttonState=0x0, edgeFlags=0x0, eventTime=71552055078000, downTime=71551922725000, 
D/InputTransport(  880): channel '36e77d54 NavigationBar (server)' : action=ACTION_UP(0), id=0, tooltype=1, deviceId=6, source=0x1002, flags=0x0, edgeFlags=0x0, metaState=0x0, buttonState=0x0, downTime=71551922725000, eventTime=71552055078000, pointerCount=1
I/ViewRootImpl( 4549): ViewRoot's Touch Event : ACTION_UP
D/WifiServerServiceExt(  880): getSupplicantStateCOMPLETED
D/WifiServerServiceExt(  880): getSupplicantStateCOMPLETED
E/WifiStateMachine(  880):  ConnectedState !CMD_RSSI_POLL 169 0 "HOME-BD3F-2.4" 88:ad:43:07:86:48 rssi=-35 f=2437 sc=60 link=72 tx=1.3, 0.0, 0.0  rx=1.9 bcn=0 [on:0 tx:0 rx:0 period:3004] from screen [on:0 period:1883835097] gl hn u24 rssi=-30 ag=0 hr ls-=0 [56,56,56,56,61] brc=0 lrc=0
E/WifiStateMachine(  880):  L2ConnectedState !CMD_RSSI_POLL 169 0 "HOME-BD3F-2.4" 88:ad:43:07:86:48 rssi=-35 f=2437 sc=60 link=72 tx=1.3, 0.0, 0.0  rx=1.9 bcn=0 [on:0 tx:0 rx:0 period:2] from screen [on:0 period:1883835099] gl hn u24 rssi=-30 ag=0 hr ls-=0 [56,56,56,56,61] brc=0 lrc=0
W/DisplayPowerControllerEx(  880): setScreenState : state = 2, isStateChanged = false, returnVal = true
W/DisplayPowerControllerEx(  880): setScreenState : state = 2, isStateChanged = false, returnVal = true
D/WifiServerServiceExt(  880): getSupplicantStateCOMPLETED
D/WifiServerServiceExt(  880): getSupplicantStateCOMPLETED
D/libc-netbsd(21295): [getaddrinfo]: hostname=xxxxx; servname=(null); cache_mode=(null), netid=0; mark=0
D/libc-netbsd(21295): [getaddrinfo]: ai_addrlen=0; ai_canonname=xxxxx; ai_flags=1024; ai_family=0
E/BandwidthController(  339): [LG DATA] No such appUid: 10061
D/DnsProxyListener(  339): App 10061 tries DNS query. Accept family:0 protocol:0
D/libc-netbsd(  339): [getaddrinfo]: hostname=xxxxx; servname=(null); cache_mode=local, netid=293; mark=917797
D/libc-netbsd(  339): [getaddrinfo]: ai_addrlen=0; ai_canonname=xxxxx; ai_flags=1024; ai_family=0
D/libc-netbsd(  339): default dns: query_ipv6=1, query_ipv4=1, netid=293
D/libc-netbsd(  339): res_queryN name = xxxxx, class = 1, type = 28
D/libc-netbsd(  339): res_queryN name = xxxxx, class = 1, type = 1
D/libc-netbsd(  339): res_queryN name = xxxxx succeed
I/Netd    (  339): M: Get netlink event, ifname: wlan0 action: 6
I/Netd    (  339): M: Get netlink event, ifname: wlan0 action: 6
I/Netd    (  339): M: Get netlink event, ifname: wlan0 action: 8
D/libc-netbsd(  880): [getaddrinfo]: hostname=xxxxx; servname=(null); cache_mode=(null), netid=0; mark=0
D/libc-netbsd(  880): [getaddrinfo]: ai_addrlen=0; ai_canonname=xxxxx; ai_flags=4; ai_family=0
D/libc-netbsd(  880): [getaddrinfo]: hostname=xxxxx; servname=(null); cache_mode=(null), netid=0; mark=0
D/libc-netbsd(  880): [getaddrinfo]: ai_addrlen=0; ai_canonname=xxxxx; ai_flags=4; ai_family=0
I/ThermalEngine(  362): Sensor:xo_therm:41000 mC
D/libc-netbsd(  880): [getaddrinfo]: hostname=xxxxx; servname=(null); cache_mode=(null), netid=0; mark=0
D/libc-netbsd(  880): [getaddrinfo]: ai_addrlen=0; ai_canonname=xxxxx; ai_flags=4; ai_family=0
D/libc-netbsd(  880): [getaddrinfo]: hostname=xxxxx; servname=(null); cache_mode=(null), netid=0; mark=0
D/libc-netbsd(  880): [getaddrinfo]: ai_addrlen=0; ai_canonname=xxxxx; ai_flags=4; ai_family=0
V/WifiServerServiceExt(  880): checkPollTimer Cnt= 0 rssi =-36 threshold=-100
E/WifiStateMachine(  880):  ConnectedState !CMD_RSSI_POLL 169 0 "HOME-BD3F-2.4" 88:ad:43:07:86:48 rssi=-36 f=2437 sc=60 link=72 tx=2.7, 0.0, 0.0  rx=3.5 bcn=0 [on:0 tx:0 rx:0 period:3003] from screen [on:0 period:1883838110] gl hn u24 rssi=-31 ag=0 hr ls-=0 [56,56,56,56,61] brc=0 lrc=0
E/WifiStateMachine(  880):  L2ConnectedState !CMD_RSSI_POLL 169 0 "HOME-BD3F-2.4" 88:ad:43:07:86:48 rssi=-36 f=2437 sc=60 link=72 tx=2.7, 0.0, 0.0  rx=3.5 bcn=0 [on:0 tx:0 rx:0 period:2] from screen [on:0 period:1883838112] gl hn u24 rssi=-31 ag=0 hr ls-=0 [56,56,56,56,61] brc=0 lrc=0
D/WifiServerServiceExt(  880): getSupplicantStateCOMPLETED
D/WifiServerServiceExt(  880): getSupplicantStateCOMPLETED
V/WifiServerServiceExt(  880): checkPollTimer Cnt= 0 rssi =-34 threshold=-100
I/Netd    (  339): M: Get netlink event, ifname: wlan0 action: 6
I/Netd    (  339): M: Get netlink event, ifname: wlan0 action: 6
I/Netd    (  339): M: Get netlink event, ifname: wlan0 action: 8
D/libc-netbsd(  880): [getaddrinfo]: hostname=xxxxx; servname=(null); cache_mode=(null), netid=0; mark=0
D/libc-netbsd(  880): [getaddrinfo]: ai_addrlen=0; ai_canonname=xxxxx; ai_flags=4; ai_family=0
D/libc-netbsd(  880): [getaddrinfo]: hostname=xxxxx; servname=(null); cache_mode=(null), netid=0; mark=0
D/libc-netbsd(  880): [getaddrinfo]: ai_addrlen=0; ai_canonname=xxxxx; ai_flags=4; ai_family=0
D/libc-netbsd(  880): [getaddrinfo]: hostname=xxxxx; servname=(null); cache_mode=(null), netid=0; mark=0
D/libc-netbsd(  880): [getaddrinfo]: ai_addrlen=0; ai_canonname=xxxxx; ai_flags=4; ai_family=0
D/libc-netbsd(  880): [getaddrinfo]: hostname=xxxxx; servname=(null); cache_mode=(null), netid=0; mark=0
D/libc-netbsd(  880): [getaddrinfo]: ai_addrlen=0; ai_canonname=xxxxx; ai_flags=4; ai_family=0
D/WifiServerServiceExt(  880): getSupplicantStateCOMPLETED
D/WifiServerServiceExt(  880): getSupplicantStateCOMPLETED
E/WifiStateMachine(  880):  ConnectedState !CMD_RSSI_POLL 169 0 "HOME-BD3F-2.4" 88:ad:43:07:86:48 rssi=-34 f=2437 sc=60 link=72 tx=11.3, 0.0, 0.0  rx=11.7 bcn=0 [on:0 tx:0 rx:0 period:3003] from screen [on:0 period:1883841131] gl hn u24 rssi=-29 ag=0 hr ticks 0,0,0 ls-=0 [56,56,60,60,65] brc=0 lrc=0
E/WifiStateMachine(  880):  L2ConnectedState !CMD_RSSI_POLL 169 0 "HOME-BD3F-2.4" 88:ad:43:07:86:48 rssi=-34 f=2437 sc=60 link=72 tx=11.3, 0.0, 0.0  rx=11.7 bcn=0 [on:0 tx:0 rx:0 period:1] from screen [on:0 period:1883841132] gl hn u24 rssi=-29 ag=0 hr ticks 0,0,0 ls-=0 [56,56,60,60,65] brc=0 lrc=0
I/ThermalEngine(  362): Sensor:xo_therm:41000 mC
D/WifiServerServiceExt(  880): getSupplicantStateCOMPLETED
D/WifiServerServiceExt(  880): getSupplicantStateCOMPLETED
V/WifiServerServiceExt(  880): checkPollTimer Cnt= 0 rssi =-35 threshold=-100
I/Netd    (  339): M: Get netlink event, ifname: wlan0 action: 6
I/Netd    (  339): M: Get netlink event, ifname: wlan0 action: 6
I/Netd    (  339): M: Get netlink event, ifname: wlan0 action: 8
D/libc-netbsd(  880): [getaddrinfo]: hostname=xxxxx; servname=(null); cache_mode=(null), netid=0; mark=0
D/libc-netbsd(  880): [getaddrinfo]: ai_addrlen=0; ai_canonname=xxxxx; ai_flags=4; ai_family=0
D/libc-netbsd(  880): [getaddrinfo]: hostname=xxxxx; servname=(null); cache_mode=(null), netid=0; mark=0
D/libc-netbsd(  880): [getaddrinfo]: ai_addrlen=0; ai_canonname=xxxxx; ai_flags=4; ai_family=0
D/libc-netbsd(  880): [getaddrinfo]: hostname=xxxxx; servname=(null); cache_mode=(null), netid=0; mark=0
D/libc-netbsd(  880): [getaddrinfo]: ai_addrlen=0; ai_canonname=xxxxx; ai_flags=4; ai_family=0
D/libc-netbsd(  880): [getaddrinfo]: hostname=xxxxx; servname=(null); cache_mode=(null), netid=0; mark=0
D/libc-netbsd(  880): [getaddrinfo]: ai_addrlen=0; ai_canonname=xxxxx; ai_flags=4; ai_family=0
E/WifiStateMachine(  880):  ConnectedState !CMD_RSSI_POLL 169 0 "HOME-BD3F-2.4" 88:ad:43:07:86:48 rssi=-35 f=2437 sc=60 link=72 tx=5.7, 0.0, 0.0  rx=6.4 bcn=0 [on:0 tx:0 rx:0 period:3003] from screen [on:0 period:1883844151] gl hn u24 rssi=-30 ag=0 hr ticks 0,0,0 ls-=0 [56,56,60,60,65] brc=0 lrc=0
E/WifiStateMachine(  880):  L2ConnectedState !CMD_RSSI_POLL 169 0 "HOME-BD3F-2.4" 88:ad:43:07:86:48 rssi=-35 f=2437 sc=60 link=72 tx=5.7, 0.0, 0.0  rx=6.4 bcn=0 [on:0 tx:0 rx:0 period:1] from screen [on:0 period:1883844152] gl hn u24 rssi=-30 ag=0 hr ticks 0,0,0 ls-=0 [56,56,60,60,65] brc=0 lrc=0
D/WifiServerServiceExt(  880): getSupplicantStateCOMPLETED
D/WifiServerServiceExt(  880): getSupplicantStateCOMPLETED
V/WifiServerServiceExt(  880): checkPollTimer Cnt= 0 rssi =-36 threshold=-100
I/Netd    (  339): M: Get netlink event, ifname: wlan0 action: 6
I/Netd    (  339): M: Get netlink event, ifname: wlan0 action: 6
I/Netd    (  339): M: Get netlink event, ifname: wlan0 action: 8
D/libc-netbsd(  880): [getaddrinfo]: hostname=xxxxx; servname=(null); cache_mode=(null), netid=0; mark=0
D/libc-netbsd(  880): [getaddrinfo]: ai_addrlen=0; ai_canonname=xxxxx; ai_flags=4; ai_family=0
D/libc-netbsd(  880): [getaddrinfo]: hostname=xxxxx; servname=(null); cache_mode=(null), netid=0; mark=0
D/libc-netbsd(  880): [getaddrinfo]: ai_addrlen=0; ai_canonname=xxxxx; ai_flags=4; ai_family=0
D/libc-netbsd(  880): [getaddrinfo]: hostname=xxxxx; servname=(null); cache_mode=(null), netid=0; mark=0
D/libc-netbsd(  880): [getaddrinfo]: ai_addrlen=0; ai_canonname=xxxxx; ai_flags=4; ai_family=0
D/libc-netbsd(  880): [getaddrinfo]: hostname=xxxxx; servname=(null); cache_mode=(null), netid=0; mark=0
D/libc-netbsd(  880): [getaddrinfo]: ai_addrlen=0; ai_canonname=xxxxx; ai_flags=4; ai_family=0
D/WifiServerServiceExt(  880): getSupplicantStateCOMPLETED
D/WifiServerServiceExt(  880): getSupplicantStateCOMPLETED
E/WifiStateMachine(  880):  ConnectedState !CMD_RSSI_POLL 169 0 "HOME-BD3F-2.4" 88:ad:43:07:86:48 rssi=-36 f=2437 sc=60 link=72 tx=3.3, 0.0, 0.0  rx=3.7 bcn=0 [on:0 tx:0 rx:0 period:3003] from screen [on:0 period:1883847170] gl hn u24 rssi=-31 ag=0 hr ls-=0 [56,56,56,56,61] brc=0 lrc=0
E/WifiStateMachine(  880):  L2ConnectedState !CMD_RSSI_POLL 169 0 "HOME-BD3F-2.4" 88:ad:43:07:86:48 rssi=-36 f=2437 sc=60 link=72 tx=3.3, 0.0, 0.0  rx=3.7 bcn=0 [on:0 tx:0 rx:0 period:2] from screen [on:0 period:1883847172] gl hn u24 rssi=-31 ag=0 hr ls-=0 [56,56,56,56,61] brc=0 lrc=0
I/ThermalEngine(  362): Sensor:xo_therm:41000 mC
D/WifiServerServiceExt(  880): getSupplicantStateCOMPLETED
D/WifiServerServiceExt(  880): getSupplicantStateCOMPLETED
D/PowerManagerServiceEx(  880): updateWakeLockSummaryLocked: checkScreenWakelockList : mWakefulness=Awake, mWakeLockSummary=0x0
V/WifiServerServiceExt(  880): checkPollTimer Cnt= 0 rssi =-34 threshold=-100
I/Netd    (  339): M: Get netlink event, ifname: wlan0 action: 6
I/Netd    (  339): M: Get netlink event, ifname: wlan0 action: 6
I/Netd    (  339): M: Get netlink event, ifname: wlan0 action: 8
D/libc-netbsd(  880): [getaddrinfo]: hostname=xxxxx; servname=(null); cache_mode=(null), netid=0; mark=0
D/libc-netbsd(  880): [getaddrinfo]: ai_addrlen=0; ai_canonname=xxxxx; ai_flags=4; ai_family=0
D/libc-netbsd(  880): [getaddrinfo]: hostname=xxxxx; servname=(null); cache_mode=(null), netid=0; mark=0
D/libc-netbsd(  880): [getaddrinfo]: ai_addrlen=0; ai_canonname=xxxxx; ai_flags=4; ai_family=0
D/libc-netbsd(  880): [getaddrinfo]: hostname=xxxxx; servname=(null); cache_mode=(null), netid=0; mark=0
D/libc-netbsd(  880): [getaddrinfo]: ai_addrlen=0; ai_canonname=xxxxx; ai_flags=4; ai_family=0
D/libc-netbsd(  880): [getaddrinfo]: hostname=xxxxx; servname=(null); cache_mode=(null), netid=0; mark=0
D/libc-netbsd(  880): [getaddrinfo]: ai_addrlen=0; ai_canonname=xxxxx; ai_flags=4; ai_family=0
D/AbstractMetricsFactoryImpl(23263): Setting non-anonymous customer ID and session ID to null, and anonymous tag to true as the metric entry was not recorded in non-anonymous queue.
E/WifiStateMachine(  880):  ConnectedState !CMD_RSSI_POLL 169 0 "HOME-BD3F-2.4" 88:ad:43:07:86:48 rssi=-34 f=2437 sc=60 link=72 tx=1.7, 0.0, 0.0  rx=2.8 bcn=0 [on:0 tx:0 rx:0 period:3003] from screen [on:0 period:1883850192] gl hn u24 rssi=-29 ag=0 hr ls-=0 [56,56,56,56,61] brc=0 lrc=0
E/WifiStateMachine(  880):  L2ConnectedState !CMD_RSSI_POLL 169 0 "HOME-BD3F-2.4" 88:ad:43:07:86:48 rssi=-34 f=2437 sc=60 link=72 tx=1.7, 0.0, 0.0  rx=2.8 bcn=0 [on:0 tx:0 rx:0 period:1] from screen [on:0 period:1883850193] gl hn u24 rssi=-29 ag=0 hr ls-=0 [56,56,56,56,61] brc=0 lrc=0
D/WifiServerServiceExt(  880): getSupplicantStateCOMPLETED
D/WifiServerServiceExt(  880): getSupplicantStateCOMPLETED
W/ActivityManager(  880): getRunningAppProcesses: caller 10287 does not hold REAL_GET_TASKS; limiting output
I/ThermalEngine(  362): Sensor:xo_therm:41000 mC
W/ActivityManager(  880): getRunningAppProcesses: caller 10287 does not hold REAL_GET_TASKS; limiting output
V/WifiServerServiceExt(  880): checkPollTimer Cnt= 0 rssi =-34 threshold=-100
I/Netd    (  339): M: Get netlink event, ifname: wlan0 action: 6
I/Netd    (  339): M: Get netlink event, ifname: wlan0 action: 6
I/Netd    (  339): M: Get netlink event, ifname: wlan0 action: 8
D/libc-netbsd(  880): [getaddrinfo]: hostname=xxxxx; servname=(null); cache_mode=(null), netid=0; mark=0
D/libc-netbsd(  880): [getaddrinfo]: ai_addrlen=0; ai_canonname=xxxxx; ai_flags=4; ai_family=0
D/libc-netbsd(  880): [getaddrinfo]: hostname=xxxxx; servname=(null); cache_mode=(null), netid=0; mark=0
D/libc-netbsd(  880): [getaddrinfo]: ai_addrlen=0; ai_canonname=xxxxx; ai_flags=4; ai_family=0
D/libc-netbsd(  880): [getaddrinfo]: hostname=xxxxx; servname=(null); cache_mode=(null), netid=0; mark=0
D/libc-netbsd(  880): [getaddrinfo]: ai_addrlen=0; ai_canonname=xxxxx; ai_flags=4; ai_family=0
D/libc-netbsd(  880): [getaddrinfo]: hostname=xxxxx; servname=(null); cache_mode=(null), netid=0; mark=0
D/libc-netbsd(  880): [getaddrinfo]: ai_addrlen=0; ai_canonname=xxxxx; ai_flags=4; ai_family=0
W/ActivityManager(  880): getRunningAppProcesses: caller 10287 does not hold REAL_GET_TASKS; limiting output
D/WifiServerServiceExt(  880): getSupplicantStateCOMPLETED
D/WifiServerServiceExt(  880): getSupplicantStateCOMPLETED
W/ActivityManager(  880): getRunningAppProcesses: caller 10287 does not hold REAL_GET_TASKS; limiting output
E/WifiStateMachine(  880):  ConnectedState !CMD_RSSI_POLL 169 0 "HOME-BD3F-2.4" 88:ad:43:07:86:48 rssi=-34 f=2437 sc=60 link=72 tx=0.8, 0.0, 0.0  rx=1.9 bcn=0 [on:0 tx:0 rx:0 period:3004] from screen [on:0 period:1883853213] gl hn u24 rssi=-29 ag=0 hr ls-=0 [56,56,56,56,61] brc=0 lrc=0
E/WifiStateMachine(  880):  L2ConnectedState !CMD_RSSI_POLL 169 0 "HOME-BD3F-2.4" 88:ad:43:07:86:48 rssi=-34 f=2437 sc=60 link=72 tx=0.8, 0.0, 0.0  rx=1.9 bcn=0 [on:0 tx:0 rx:0 period:1] from screen [on:0 period:1883853214] gl hn u24 rssi=-29 ag=0 hr ls-=0 [56,56,56,56,61] brc=0 lrc=0
W/ActivityManager(  880): getRunningAppProcesses: caller 10287 does not hold REAL_GET_TASKS; limiting output
W/ActivityManager(  880): getRunningAppProcesses: caller 10287 does not hold REAL_GET_TASKS; limiting output
W/ActivityManager(  880): getRunningAppProcesses: caller 10287 does not hold REAL_GET_TASKS; limiting output
W/ActivityManager(  880): getRunningAppProcesses: caller 10287 does not hold REAL_GET_TASKS; limiting output
D/WifiServerServiceExt(  880): getSupplicantStateCOMPLETED
D/WifiServerServiceExt(  880): getSupplicantStateCOMPLETED
V/AlarmManager(  880): ELAPSED_WAKEUP set : Alarm{2f549db4 tag *walarm*:android.content.syncmanager.SYNC_ALARM type 2 when 108291453 android} when 108291453
W/ActivityManager(  880): getRunningAppProcesses: caller 10287 does not hold REAL_GET_TASKS; limiting output
I/[@@    ] SyncAdapterProxy(24005): Delagator disabled, using the (deprecated) GData sync adapter
I/NotificationManager(  880): android: cancelAsUser(3) by android
I/art     (  880): Background partial concurrent mark sweep GC freed 122139(6MB) AllocSpace objects, 13(1566KB) LOS objects, 33% free, 32MB/48MB, paused 2.478ms total 213.226ms
V/WifiServerServiceExt(  880): checkPollTimer Cnt= 0 rssi =-35 threshold=-100
I/NotificationManager(  880): android: cancelAsUser(2084907577) by android
I/[@@    ] SyncAdapterProxy(24005): Delagator disabled, using the (deprecated) GData sync adapter
I/Netd    (  339): M: Get netlink event, ifname: wlan0 action: 6
I/Netd    (  339): M: Get netlink event, ifname: wlan0 action: 6
I/Netd    (  339): M: Get netlink event, ifname: wlan0 action: 8
D/libc-netbsd(  880): [getaddrinfo]: hostname=xxxxx; servname=(null); cache_mode=(null), netid=0; mark=0
D/libc-netbsd(  880): [getaddrinfo]: ai_addrlen=0; ai_canonname=xxxxx; ai_flags=4; ai_family=0
D/libc-netbsd(  880): [getaddrinfo]: hostname=xxxxx; servname=(null); cache_mode=(null), netid=0; mark=0
D/libc-netbsd(  880): [getaddrinfo]: ai_addrlen=0; ai_canonname=xxxxx; ai_flags=4; ai_family=0
D/libc-netbsd(  880): [getaddrinfo]: hostname=xxxxx; servname=(null); cache_mode=(null), netid=0; mark=0
D/libc-netbsd(  880): [getaddrinfo]: ai_addrlen=0; ai_canonname=xxxxx; ai_flags=4; ai_family=0
D/libc-netbsd(  880): [getaddrinfo]: hostname=xxxxx; servname=(null); cache_mode=(null), netid=0; mark=0
D/libc-netbsd(  880): [getaddrinfo]: ai_addrlen=0; ai_canonname=xxxxx; ai_flags=4; ai_family=0
I/NotificationManager(  880): android: cancelAsUser(2) by android
W/ActivityManager(  880): getRunningAppProcesses: caller 10287 does not hold REAL_GET_TASKS; limiting output
I/NotificationManager(  880): android: cancelAsUser(-1868169408) by android
I/[@@    ] SyncAdapterProxy(24005): Delagator disabled, using the (deprecated) GData sync adapter
I/NotificationManager(  880): android: cancelAsUser(4) by android
W/ActivityManager(  880): getRunningAppProcesses: caller 10287 does not hold REAL_GET_TASKS; limiting output
I/Dialer.SearchDialController( 9801): ContactObserver. onChange
I/LOG_TAG (26279): sendMessageToComposeMessageActivy + Handler (com.android.mms.ui.ComposeMessageFragment$16) {7f4e631}
D/ComposeMessageFragment(26279): UPDATE_ACTION_BAR
E/HD_TEST (26279): isSysProVoLTE = true 
I/RCSe-IM (26279): CapaFacade::needToupdate> MessageCapValidty = 0
I/RCSe-IM (26279): CapaFacade::getCapabilityFromCache> Need to Update the capability according to SPEC.
D/MmsConfig(26279): [AppTier] config_app_tier : MID_LOW
V/[SMS_LV](26279): selectSpamUri() Type =0 isTP = false
W/ConfigurationProvider( 5139): query from content://com.lge.ims.provider.lgims/lgims_com_service_eab
D/TwoPhoneManager( 5117): isSupportTwoPhoneService:false
W/ConfigurationProvider( 5139): query from content://com.lge.ims.provider.lgims/lgims_com_service_eab
E/WifiStateMachine(  880):  ConnectedState !CMD_RSSI_POLL 169 0 "HOME-BD3F-2.4" 88:ad:43:07:86:48 rssi=-35 f=2437 sc=60 link=72 tx=0.9, 0.0, 0.0  rx=1.5 bcn=0 [on:0 tx:0 rx:0 period:3003] from screen [on:0 period:1883856221] gl hn u24 rssi=-30 ag=0 hr ls-=0 [56,56,56,56,61] brc=0 lrc=0
W/ConfigurationProvider( 5139): query from content://com.lge.ims.provider.lgims/lgims_com_service_eab
E/WifiStateMachine(  880):  L2ConnectedState !CMD_RSSI_POLL 169 0 "HOME-BD3F-2.4" 88:ad:43:07:86:48 rssi=-35 f=2437 sc=60 link=72 tx=0.9, 0.0, 0.0  rx=1.5 bcn=0 [on:0 tx:0 rx:0 period:2] from screen [on:0 period:1883856223] gl hn u24 rssi=-30 ag=0 hr ls-=0 [56,56,56,56,61] brc=0 lrc=0
D/LGIMS   ( 5139): IMS.ADAPT.D>> [IMSInterface.cpp:494] JNI_SendData :: object=* 
I/LGIMS   ( 5139): IMS.IMS_EAB.I>> [JNIEABService.cpp:86] ImsEabService::SendData : msg = * 
I/LGIMS   ( 5139): IMS.IMS_EAB.I>> [JNIEABService.cpp:95] msg = * 
D/LGIMS   ( 5139): IMS.IMS_EAB.D>> [JNIEABService.cpp:146] szUri ID : [ * ] 
D/LGIMS   ( 5139): IMS.ADAPT.D>> [AndroidThread.cpp:442] PostMessageI() - event (*), w (*), l (*) 
I/LGIMS   ( 5139): IMS.COM.EAB.I>> [EABApp.cpp:155] EABApp::OnMessage - MSG [ * ] 
D/LGIMS   ( 5139): IMS.ADAPT.D>> [AndroidThread.cpp:442] PostMessageI() - event (*), w (*), l (*) 
I/LGIMS   ( 5139): IMS.COM.EAB.I>> [EABPresenceService.cpp:82] EABPresenceService::OnMessage : objMSG.nMSG [ * ] 
D/LGIMS   ( 5139): IMS.ADAPT.D>> [AndroidThread.cpp:442] PostMessageI() - event (*), w (*), l (*) 
I/LGIMS   ( 5139): IMS.COM.EAB.I>> [EABSubscribeMngr.cpp:91] EAB_SUBSCRIBE_CMD 
I/LGIMS   ( 5139): IMS.COM.EAB.I>> [EABSubscribeMngr.cpp:387] EABSubscribeMngr::IsHandover - m_bWifiToLTEHandover [ * ] 
I/LGIMS   ( 5139): IMS.COM.EAB.I>> [EABSubscribe.cpp:113]  EABSubscribe::EABSubscribe 
I/LGIMS   ( 5139): IMS.COM.EAB.I>> [EABPidfCompositor.cpp:48] EABPidfCompositor::EABPidfCompositor constructer 
I/LGIMS   ( 5139): IMS.CONF.I>> [EABConfig.cpp:393] GetIntValue : eab_expire_value_in_list_subscribe[*] 
I/LGIMS   ( 5139): IMS.CONF.I>> [EABConfig.cpp:275] GetBoolValue : eab_support_gzip[*] 
I/LGIMS   ( 5139): IMS.CONF.I>> [EABConfig.cpp:279] GetBoolValue : eab_encoding_list_subscribe_body[*] 
I/LGIMS   ( 5139): IMS.CONF.I>> [EABConfig.cpp:401] GetIntValue : eab_scheduled_list_subscribe_initial_interval[*] 
I/LGIMS   ( 5139): IMS.CONF.I>> [EABConfig.cpp:397] GetIntValue : eab_scheduled_list_subscribe_retry_count[*] 
I/LGIMS   ( 5139): IMS.CONF.I>> [EABConfig.cpp:409] GetIntValue : eab_triggered_list_subscribe_initial_interval[*] 
I/LGIMS   ( 5139): IMS.CONF.I>> [EABConfig.cpp:405] GetIntValue : eab_triggered_list_subscribe_retry_count[*] 
I/LGIMS   ( 5139): IMS.CONF.I>> [EABConfig.cpp:428] GetAStringValue : eab_publish_retry_code_policy[*] 
E/LGIMS   ( 5139): IMS.COM.EAB.E>> [EABSubscribe.cpp:917] EABSubscribe::StateToString - State Error 
E/LGIMS   ( 5139): IMS.COM.EAB.E>> E_CODE (0) AT (const IMS_CHAR* EABSubscribe::StateToString(), *) 
I/LGIMS   ( 5139): IMS.COM.EAB.I>> [EABSubscribe.cpp:898] EABSubscribe::SetState - State : [ * ] -> [ * ] 
D/LGIMS   ( 5139): IMS.ADAPT.D>> [AndroidThread.cpp:442] PostMessageI() - event (*), w (*), l (*) 
I/LGIMS   ( 5139): IMS.COM.EAB.I>> [EABSubscribe.cpp:202] EABSubscribe::OnMessage : Current State [ * ], objMsg.nMSG [ * ] 
I/LGIMS   ( 5139): IMS.COM.EAB.I>> [EABSubscribe.cpp:360] EABSubscribe::StateON_SubscribeCmd, nPoll [*] 0:avail, 1:scheduled, 2:triggered 
I/LGIMS   ( 5139): IMS.CONF.I>> [EABConfig.cpp:432] GetAStringValue : eab_single_subscribe_uri_scheme[*] 
I/LGIMS   ( 5139): IMS.COM.EAB.I>> [EABSubscribe.cpp:1038] EABSubscribe::MakeRequestUri - PhoneContext [ * ] 
I/LGIMS   ( 5139): IMS.COM.EAB.I>> [EABSubscribe.cpp:1076] EABSubscribe::MakeRequestUri - translated uri [ * ] 
I/LGIMS   ( 5139): IMS.COM.EAB.I>> [EABSubscribe.cpp:773] EABSubscribe::CreateWatcher - Target URI [ * ] 
D/LGIMS   ( 5139): IMS.CORE.D>> [PresenceServiceImpl.cpp:437] IWatcher Created 
I/LGIMS   ( 5139): IMS.STD.PRES.I>> [Watcher.cpp:77] shin00279 : bThreadRunningCompleted [ * ] 
I/LGIMS   ( 5139): IMS.STD.PRES.I>> [Watcher.cpp:82] shin00279 : Watcher [*] 
D/LGIMS   ( 5139): IMS.XUA.D>> [XMLTransactionProvider.cpp:29] Constructor :: XMLTransactionProvider 
D/LGIMS   ( 5139): IMS.XUA.D>> [XMLApp.cpp:29] Constructor :: XMLApp 
