D/NetworkManagementService(  880):   [3] iface=r_rmnet_data0 uid=-1 set=ALL tag=0x0 rxBytes=1074417 rxPackets=11280 txBytes=145460 txPackets=605 operations=0
D/NetworkManagementService(  880):   [4] iface=wlan0 uid=-1 set=ALL tag=0x0 rxBytes=257410508 rxPackets=266391 txBytes=62468590 txPackets=187781 operations=0
D/NetworkManagementService(  880):   [5] iface=v4-rmnet_data0 uid=-1 set=ALL tag=0x0 rxBytes=24111 rxPackets=159 txBytes=17113 txPackets=194 operations=0
D/NetworkManagementService(  880):   [6] iface=rmnet_data0 uid=-1 set=ALL tag=0x0 rxBytes=2006600 rxPackets=4496 txBytes=1017096 txPackets=4913 operations=0
D/NetworkManagementService(  880):   [7] iface=lo uid=-1 set=ALL tag=0x0 rxBytes=3348 rxPackets=35 txBytes=3348 txPackets=35 operations=0
D/PowerManagerServiceEx(  880): updateWakeLockSummaryLocked: checkScreenWakelockList : mWakefulness=Awake, mWakeLockSummary=0x0
V/NetworkPolicy(  880): [VT_INTENT_PROC] updateNotificationsLocked() : under warning
D/PowerManagerServiceEx(  880): updateWakeLockSummaryLocked: checkScreenWakelockList : mWakefulness=Awake, mWakeLockSummary=0x0
D/PowerManagerServiceEx(  880): updateUserActivitySummaryLocked: mWakefulness=Awake, mUserActivitySummary=0x2, nextTimeout=71147432 (227121 ms ago)
W/DisplayPowerControllerEx(  880): setScreenState : state = 2, isStateChanged = false, returnVal = true
D/PowerManagerServiceEx(  880): updateWakeLockSummaryLocked: checkScreenWakelockList : mWakefulness=Awake, mWakeLockSummary=0x0
D/PowerManagerServiceEx(  880): updateWakeLockSummaryLocked: checkScreenWakelockList : mWakefulness=Awake, mWakeLockSummary=0x0
D/PowerManagerServiceEx(  880): updateUserActivitySummaryLocked: mWakefulness=Awake, mUserActivitySummary=0x1, nextTimeout=71147432 (228247 ms ago)
I/ViewRootImpl( 4549): ViewRoot's Touch Event : ACTION_DOWN
W/DisplayPowerControllerEx(  880): setScreenState : state = 2, isStateChanged = false, returnVal = true
D/PowerManagerServiceEx(  880): updateWakeLockSummaryLocked: checkScreenWakelockList : mWakefulness=Awake, mWakeLockSummary=0x0
I/ViewRootImpl( 4549): ViewRoot's Touch Event : ACTION_UP
W/DisplayPowerControllerEx(  880): setScreenState : state = 2, isStateChanged = false, returnVal = true
W/DisplayPowerControllerEx(  880): setScreenState : state = 2, isStateChanged = false, returnVal = true
D/NetworkManagementService(  880): hardware tether stats:NetworkStats: elapsedRealtime=108098554
D/NetworkManagementService(  880): getNetworkStatsSummaryXt:NetworkStats: elapsedRealtime=108098570
D/NetworkManagementService(  880):   [0] iface=v4-rmnet_data1 uid=-1 set=ALL tag=0x0 rxBytes=1346 rxPackets=20 txBytes=1719 txPackets=26 operations=0
D/NetworkManagementService(  880):   [1] iface=rmnet_data1 uid=-1 set=ALL tag=0x0 rxBytes=1141546 rxPackets=2892 txBytes=1397208 txPackets=3875 operations=0
D/NetworkManagementService(  880):   [2] iface=r_rmnet_data1 uid=-1 set=ALL tag=0x0 rxBytes=227356 rxPackets=473 txBytes=14216 txPackets=157 operations=0
D/NetworkManagementService(  880):   [3] iface=r_rmnet_data0 uid=-1 set=ALL tag=0x0 rxBytes=1074593 rxPackets=11282 txBytes=142678 txPackets=605 operations=0
D/NetworkManagementService(  880):   [4] iface=wlan0 uid=-1 set=ALL tag=0x0 rxBytes=257621960 rxPackets=264956 txBytes=62118264 txPackets=188392 operations=0
D/NetworkManagementService(  880):   [5] iface=v4-rmnet_data0 uid=-1 set=ALL tag=0x0 rxBytes=24111 rxPackets=159 txBytes=17113 txPackets=194 operations=0
D/NetworkManagementService(  880):   [6] iface=rmnet_data0 uid=-1 set=ALL tag=0x0 rxBytes=2046021 rxPackets=4588 txBytes=1076640 txPackets=5233 operations=0
D/NetworkManagementService(  880):   [7] iface=lo uid=-1 set=ALL tag=0x0 rxBytes=3348 rxPackets=35 txBytes=3348 txPackets=35 operations=0
D/NetworkManagementService(  880): hardware tether stats:NetworkStats: elapsedRealtime=108098575
D/NetworkManagementService(  880): getNetworkStatsSummaryDev:NetworkStats: elapsedRealtime=108098578
D/NetworkManagementService(  880):   [0] iface=v4-rmnet_data1 uid=-1 set=ALL tag=0x0 rxBytes=1346 rxPackets=20 txBytes=1719 txPackets=26 operations=0
D/NetworkManagementService(  880):   [1] iface=rmnet_data1 uid=-1 set=ALL tag=0x0 rxBytes=695041 rxPackets=1971 txBytes=847820 txPackets=2469 operations=0
D/NetworkManagementService(  880):   [2] iface=r_rmnet_data1 uid=-1 set=ALL tag=0x0 rxBytes=227356 rxPackets=473 txBytes=14844 txPackets=157 operations=0
D/NetworkManagementService(  880):   [3] iface=r_rmnet_data0 uid=-1 set=ALL tag=0x0 rxBytes=1074593 rxPackets=11282 txBytes=145460 txPackets=605 operations=0
D/NetworkManagementService(  880):   [4] iface=wlan0 uid=-1 set=ALL tag=0x0 rxBytes=257468440 rxPackets=267178 txBytes=64550722 txPackets=189174 operations=0
D/NetworkManagementService(  880):   [5] iface=v4-rmnet_data0 uid=-1 set=ALL tag=0x0 rxBytes=24111 rxPackets=159 txBytes=17113 txPackets=194 operations=0
D/NetworkManagementService(  880):   [6] iface=rmnet_data0 uid=-1 set=ALL tag=0x0 rxBytes=2006600 rxPackets=4496 txBytes=1017096 txPackets=4913 operations=0
D/NetworkManagementService(  880):   [7] iface=lo uid=-1 set=ALL tag=0x0 rxBytes=3348 rxPackets=35 txBytes=3348 txPackets=35 operations=0
D/PowerManagerServiceEx(  880): updateWakeLockSummaryLocked: checkScreenWakelockList : mWakefulness=Awake, mWakeLockSummary=0x0
V/NetworkPolicy(  880): [VT_INTENT_PROC] updateNotificationsLocked() : under warning
V/AlarmManager(  880): ELAPSED_WAKEUP set : Alarm{217ac9a4 tag *walarm*:CONTEXT_MANAGER_ALARM_WAKEUP_94555 type 2 when 108100897 com.google.android.gms} when 108100897
D/PowerManagerServiceEx(  880): updateWakeLockSummaryLocked: checkScreenWakelockList : mWakefulness=Awake, mWakeLockSummary=0x0
D/WifiServiceImplEx(  880): acquireWifiLock pid=23263, uid=10070, packageName=com.amazon.mShop.android, tag=HTTPMetricsTransport
D/WifiServiceImplEx(  880): releaseWifiLock pid=23263, uid=10070, packageName=com.amazon.mShop.android
D/PowerManagerServiceEx(  880): updateWakeLockSummaryLocked: checkScreenWakelockList : mWakefulness=Awake, mWakeLockSummary=0x0
D/WifiServiceImplEx(  880): acquireWifiLock pid=23263, uid=10070, packageName=com.amazon.mShop.android, tag=HTTPMetricsTransport
D/WifiServiceImplEx(  880): releaseWifiLock pid=23263, uid=10070, packageName=com.amazon.mShop.android
D/PowerManagerServiceEx(  880): updateWakeLockSummaryLocked: checkScreenWakelockList : mWakefulness=Awake, mWakeLockSummary=0x0
D/PowerManagerServiceEx(  880): updateWakeLockSummaryLocked: checkScreenWakelockList : mWakefulness=Awake, mWakeLockSummary=0x0
V/AlarmManager(  880): ELAPSED_WAKEUP set : Alarm{2276df4b tag *walarm*:android.content.syncmanager.SYNC_ALARM type 2 when 108105669 android} when 108105669
D/ConnectivityService(  880): [ePDG] notifyEPDGCallResult start
D/ePDGTracker(  880): [VoEPDG][ePDG] notifyEPDGCallResult start 
D/ePDGTracker(  880): [VoEPDG]same addr so return mid=0 addr :  2607:fb90:2b94:efff:e1f8:0ac9:c64d:e4d9/64
D/ConnectivityService(  880): [LGE_DATA] LG MMS application use KK style isAvailable()
D/ConnectivityService(  880): [LGP_DATA_BACKGROUND] Blocked State~?? (false)
D/ConnectivityService(  880): [LGP_DATA_BACKGROUND] uid :::10030  package_name:  com.android.mms
D/ConnectivityService(  880): [LGP_DATA_BACKGROUND] Blocked State~?? (false)
D/ConnectivityService(  880): [LGP_DATA_BACKGROUND] uid :::10030  package_name:  com.android.mms
D/ConnectivityService(  880): [LGE_DATA] LG MMS application use KK style isAvailable()
D/ConnectivityService(  880): [LGP_DATA_BACKGROUND] Blocked State~?? (false)
D/ConnectivityService(  880): [LGP_DATA_BACKGROUND] uid :::10030  package_name:  com.android.mms
D/ConnectivityService(  880): [LGE_DATA] LG MMS application use KK style isAvailable()
D/ConnectivityService(  880): [LGP_DATA_BACKGROUND] Blocked State~?? (false)
D/ConnectivityService(  880): [LGP_DATA_BACKGROUND] uid :::10030  package_name:  com.android.mms
D/ConnectivityService(  880): [LGE_DATA] LG MMS application use KK style isAvailable()
D/ConnectivityService(  880): [LGP_DATA_BACKGROUND] Blocked State~?? (false)
D/ConnectivityService(  880): [LGP_DATA_BACKGROUND] uid :::10030  package_name:  com.android.mms
D/ConnectivityService(  880): [LGE_DATA] LG MMS application use KK style isAvailable()
D/ConnectivityService(  880): [LGP_DATA_BACKGROUND] Blocked State~?? (false)
D/ConnectivityService(  880): [LGP_DATA_BACKGROUND] uid :::10030  package_name:  com.android.mms
D/ConnectivityService(  880): [LGE_DATA] LG MMS application use KK style isAvailable()
D/ConnectivityService(  880): [LGP_DATA_BACKGROUND] Blocked State~?? (false)
D/ConnectivityService(  880): [LGP_DATA_BACKGROUND] uid :::10030  package_name:  com.android.mms
D/ConnectivityService(  880): [LGE_DATA] LG MMS application use KK style isAvailable()
D/ConnectivityService(  880): [LGP_DATA_BACKGROUND] Blocked State~?? (false)
D/ConnectivityService(  880): [LGP_DATA_BACKGROUND] uid :::10030  package_name:  com.android.mms
D/ConnectivityService(  880): [LGP_DATA_BACKGROUND] Blocked State~?? (false)
D/ConnectivityService(  880): [LGP_DATA_BACKGROUND] uid :::10030  package_name:  com.android.mms
D/ConnectivityService(  880): [LGE_DATA] LG MMS application use KK style isAvailable()
D/ConnectivityService(  880): [LGP_DATA_BACKGROUND] Blocked State~?? (false)
D/ConnectivityService(  880): [LGP_DATA_BACKGROUND] uid :::10030  package_name:  com.android.mms
D/ConnectivityService(  880): [LGE_DATA] LG MMS application use KK style isAvailable()
D/ConnectivityService(  880): [LGP_DATA_BACKGROUND] Blocked State~?? (false)
D/ConnectivityService(  880): [LGP_DATA_BACKGROUND] uid :::10030  package_name:  com.android.mms
D/ConnectivityService(  880): [LGE_DATA] LG MMS application use KK style isAvailable()
D/ConnectivityService(  880): [LGP_DATA_BACKGROUND] Blocked State~?? (false)
D/ConnectivityService(  880): [LGP_DATA_BACKGROUND] uid :::10030  package_name:  com.android.mms
D/ConnectivityService(  880): [LGE_DATA] LG MMS application use KK style isAvailable()
D/ConnectivityService(  880): [LGP_DATA_BACKGROUND] Blocked State~?? (false)
D/ConnectivityService(  880): [LGP_DATA_BACKGROUND] uid :::10030  package_name:  com.android.mms
D/ConnectivityService(  880): [LGE_DATA] LG MMS application use KK style isAvailable()
D/ConnectivityService(  880): [LGP_DATA_BACKGROUND] Blocked State~?? (false)
D/ConnectivityService(  880): [LGP_DATA_BACKGROUND] uid :::10030  package_name:  com.android.mms
D/ConnectivityService(  880): [LGE_DATA] LG MMS application use KK style isAvailable()
D/ConnectivityService(  880): [LGP_DATA_BACKGROUND] Blocked State~?? (false)
D/ConnectivityService(  880): [LGP_DATA_BACKGROUND] uid :::10030  package_name:  com.android.mms
D/ConnectivityService(  880): [LGE_DATA] LG MMS application use KK style isAvailable()
D/ConnectivityService(  880): [LGP_DATA_BACKGROUND] Blocked State~?? (false)
D/ConnectivityService(  880): [LGP_DATA_BACKGROUND] uid :::10030  package_name:  com.android.mms
D/ConnectivityService(  880): [LGE_DATA] LG MMS application use KK style isAvailable()
D/ConnectivityService(  880): [LGP_DATA_BACKGROUND] Blocked State~?? (false)
D/ConnectivityService(  880): [LGP_DATA_BACKGROUND] uid :::10030  package_name:  com.android.mms
D/PowerManagerServiceEx(  880): updateWakeLockSummaryLocked: checkScreenWakelockList : mWakefulness=Awake, mWakeLockSummary=0x0
D/ConnectivityService(  880): [ePDG] notifyEPDGCallResult start
D/ePDGTracker(  880): [VoEPDG][ePDG] notifyEPDGCallResult start 
D/ePDGTracker(  880): [VoEPDG]same addr so return mid=0 addr :  2607:fb90:2b94:efff:e1f8:0ac9:c64d:e4d9/64
D/PowerManagerServiceEx(  880): updateWakeLockSummaryLocked: checkScreenWakelockList : mWakefulness=Awake, mWakeLockSummary=0x0
D/PowerManagerServiceEx(  880): updateUserActivitySummaryLocked: mWakefulness=Awake, mUserActivitySummary=0x2, nextTimeout=71147432 (252256 ms ago)
W/DisplayPowerControllerEx(  880): setScreenState : state = 2, isStateChanged = false, returnVal = true
D/PowerManagerServiceEx(  880): updateWakeLockSummaryLocked: checkScreenWakelockList : mWakefulness=Awake, mWakeLockSummary=0x0
W/DisplayPowerControllerEx(  880): setScreenState : state = 2, isStateChanged = false, returnVal = true
W/DisplayPowerControllerEx(  880): setScreenState : state = 2, isStateChanged = false, returnVal = true
D/PowerManagerServiceEx(  880): updateWakeLockSummaryLocked: checkScreenWakelockList : mWakefulness=Awake, mWakeLockSummary=0x0
D/PowerManagerServiceEx(  880): updateUserActivitySummaryLocked: mWakefulness=Awake, mUserActivitySummary=0x1, nextTimeout=71147432 (253449 ms ago)
W/DisplayPowerControllerEx(  880): setScreenState : state = 2, isStateChanged = false, returnVal = true
D/PowerManagerServiceEx(  880): updateWakeLockSummaryLocked: checkScreenWakelockList : mWakefulness=Awake, mWakeLockSummary=0x0
I/ViewRootImpl( 4549): ViewRoot's Touch Event : ACTION_DOWN
D/PowerManagerServiceEx(  880): updateWakeLockSummaryLocked: checkScreenWakelockList : mWakefulness=Awake, mWakeLockSummary=0x0
D/PowerManagerServiceEx(  880): updateUserActivitySummaryLocked: mWakefulness=Awake, mUserActivitySummary=0x1, nextTimeout=71147432 (253452 ms ago)
D/PhoneWindowManagerEx(  880): interceptKeyTq keycode=4 down=true interactive=true policyFlags=2b000002 injected=true keyguardActive=false
D/WindowManager(  880): interceptKeyTq keycode=4 interactive=true keyguardActive=false policyFlags=2b000002
D/VolumeVibrator( 4980): clear
D/VolumeVibrator( 4980): handleVibratePattern() uid 1000 opPkg android repeat -1 usageHint 0
D/PowerManagerServiceEx(  880): updateWakeLockSummaryLocked: checkScreenWakelockList : mWakefulness=Awake, mWakeLockSummary=0x0
D/PowerManagerServiceEx(  880): updateUserActivitySummaryLocked: mWakefulness=Awake, mUserActivitySummary=0x1, nextTimeout=71147432 (253466 ms ago)
D/PhoneWindowManagerEx(  880): interceptKeyTi keyCode=4 down=true repeatCount=0 keyguardOn=false mHomePressed=false canceled=false
I/LGKeyException(  880): KeyException privateFlags: 0x0, Current Input bit: 0x80000000
D/WindowManager(  880): interceptKeyTi keyCode=4 down=true repeatCount=0 keyguardOn=false mHomePressed=false canceled=false
I/ViewRootImpl(31751): ViewRoot's KeyEvent { action=ACTION_DOWN, keyCode=KEYCODE_BACK, scanCode=0, metaState=0, flags=0x48, repeatCount=0, eventTime=71400885, downTime=71400885, deviceId=-1, source=0x101 } to com.android.internal.policy.impl.PhoneWindow$DecorView{274fee80 V.E..... R....... 0,0-480,854}
D/VolumeVibrator( 4980): milliseconds : 30
D/VolumeVibrator( 4980): getCurrent::mPatternworking : true, getCurrent::mVolumes.size : 0, getCurrent::mJustVibrate false
D/VolumeVibrator( 4980): mPatternIndex : 1 mCurVibration.mPattern[mPatternIndex] : 30
D/VolumeVibrator( 4980): volume vibration pattern's value: 100
D/VolumeVibrator( 4980): pattern index reaches end of array. pattern index 1 pattern length 2 repeat -1
D/VolumeVibrator( 4980): clear
D/PowerManagerServiceEx(  880): updateWakeLockSummaryLocked: checkScreenWakelockList : mWakefulness=Awake, mWakeLockSummary=0x0
I/ViewRootImpl( 4549): ViewRoot's Touch Event : ACTION_UP
D/PowerManagerServiceEx(  880): updateWakeLockSummaryLocked: checkScreenWakelockList : mWakefulness=Awake, mWakeLockSummary=0x0
D/PowerManagerServiceEx(  880): updateUserActivitySummaryLocked: mWakefulness=Awake, mUserActivitySummary=0x1, nextTimeout=71147432 (253519 ms ago)
D/PhoneWindowManagerEx(  880): interceptKeyTq keycode=4 down=false interactive=true policyFlags=2b000002 injected=true keyguardActive=false
D/WindowManager(  880): interceptKeyTq keycode=4 interactive=true keyguardActive=false policyFlags=2b000002
D/PhoneWindowManagerEx(  880): interceptKeyTi keyCode=4 down=false repeatCount=0 keyguardOn=false mHomePressed=false canceled=false
I/LGKeyException(  880): KeyException privateFlags: 0x0, Current Input bit: 0x80000000
D/WindowManager(  880): interceptKeyTi keyCode=4 down=false repeatCount=0 keyguardOn=false mHomePressed=false canceled=false
I/ViewRootImpl(31751): ViewRoot's KeyEvent { action=ACTION_UP, keyCode=KEYCODE_BACK, scanCode=0, metaState=0, flags=0x48, repeatCount=0, eventTime=71400952, downTime=71400885, deviceId=-1, source=0x101 } to com.android.internal.policy.impl.PhoneWindow$DecorView{274fee80 V.E..... R....... 0,0-480,854}
I/ViewRootImpl( 4549): ViewRoot's Touch Event : ACTION_DOWN
I/ViewRootImpl( 4549): ViewRoot's Touch Event : ACTION_UP
W/DisplayPowerControllerEx(  880): setScreenState : state = 2, isStateChanged = false, returnVal = true
W/DisplayPowerControllerEx(  880): setScreenState : state = 2, isStateChanged = false, returnVal = true
W/ActivityManager(  880): Unable to start service Intent { act=com.lge.ime.intent.ANDROID_CONTACT_DB_UPDATED pkg=com.lge.ime } U=0: not found
D/PowerManagerServiceEx(  880): acquireWakeLockInternal: lock=579677392, flags=0x40000001, tag="*alarm*", ws=WorkSource{1000}, historyTag=*alarm*:android.intent.action.TIME_TICK, uid=1000, pid=880
D/PowerManagerServiceEx(  880): releaseWakeLockInternal: lock=579677392 [*alarm*], flags=0x0
D/PowerManagerServiceEx(  880): updateWakeLockSummaryLocked: checkScreenWakelockList : mWakefulness=Awake, mWakeLockSummary=0x0
--------- beginning of main
I/Netd    (  339): M: Get netlink event, ifname: wlan0 action: 8
D/libc-netbsd(  880): [getaddrinfo]: hostname=xxxxx; servname=(null); cache_mode=(null), netid=0; mark=0
D/libc-netbsd(  880): [getaddrinfo]: ai_addrlen=0; ai_canonname=xxxxx; ai_flags=4; ai_family=0
D/libc-netbsd(  880): [getaddrinfo]: hostname=xxxxx; servname=(null); cache_mode=(null), netid=0; mark=0
D/libc-netbsd(  880): [getaddrinfo]: ai_addrlen=0; ai_canonname=xxxxx; ai_flags=4; ai_family=0
D/libc-netbsd(  880): [getaddrinfo]: hostname=xxxxx; servname=(null); cache_mode=(null), netid=0; mark=0
D/libc-netbsd(  880): [getaddrinfo]: ai_addrlen=0; ai_canonname=xxxxx; ai_flags=4; ai_family=0
D/libc-netbsd(  880): [getaddrinfo]: hostname=xxxxx; servname=(null); cache_mode=(null), netid=0; mark=0
D/libc-netbsd(  880): [getaddrinfo]: ai_addrlen=0; ai_canonname=xxxxx; ai_flags=4; ai_family=0
I/ThermalEngine(  362): Sensor:xo_therm:41000 mC
V/WifiServerServiceExt(  880): checkPollTimer Cnt= 0 rssi =-34 threshold=-100
E/WifiStateMachine(  880):  ConnectedState !CMD_RSSI_POLL 169 0 "HOME-BD3F-2.4" 88:ad:43:07:86:48 rssi=-34 f=2437 sc=60 link=72 tx=4.4, 0.0, 0.0  rx=6.8 bcn=0 [on:0 tx:0 rx:0 period:3003] from screen [on:0 period:1883693259] gl hn u24 rssi=-29 ag=0 hr ticks 0,0,0 ls-=0 [56,56,56,56,61] brc=0 lrc=0
E/WifiStateMachine(  880):  L2ConnectedState !CMD_RSSI_POLL 169 0 "HOME-BD3F-2.4" 88:ad:43:07:86:48 rssi=-34 f=2437 sc=60 link=72 tx=4.4, 0.0, 0.0  rx=6.8 bcn=0 [on:0 tx:0 rx:0 period:2] from screen [on:0 period:1883693261] gl hn u24 rssi=-29 ag=0 hr ticks 0,0,0 ls-=0 [56,56,56,56,61] brc=0 lrc=0
D/WifiServerServiceExt(  880): getSupplicantStateCOMPLETED
D/WifiServerServiceExt(  880): getSupplicantStateCOMPLETED
I/Netd    (  339): M: Get netlink event, ifname: wlan0 action: 6
I/Netd    (  339): M: Get netlink event, ifname: wlan0 action: 6
I/Netd    (  339): M: Get netlink event, ifname: wlan0 action: 8
D/libc-netbsd(  880): [getaddrinfo]: hostname=xxxxx; servname=(null); cache_mode=(null), netid=0; mark=0
D/libc-netbsd(  880): [getaddrinfo]: ai_addrlen=0; ai_canonname=xxxxx; ai_flags=4; ai_family=0
D/libc-netbsd(  880): [getaddrinfo]: hostname=xxxxx; servname=(null); cache_mode=(null), netid=0; mark=0
D/libc-netbsd(  880): [getaddrinfo]: ai_addrlen=0; ai_canonname=xxxxx; ai_flags=4; ai_family=0
D/libc-netbsd(  880): [getaddrinfo]: hostname=xxxxx; servname=(null); cache_mode=(null), netid=0; mark=0
D/libc-netbsd(  880): [getaddrinfo]: ai_addrlen=0; ai_canonname=xxxxx; ai_flags=4; ai_family=0
D/libc-netbsd(  880): [getaddrinfo]: hostname=xxxxx; servname=(null); cache_mode=(null), netid=0; mark=0
D/libc-netbsd(  880): [getaddrinfo]: ai_addrlen=0; ai_canonname=xxxxx; ai_flags=4; ai_family=0
D/WifiServerServiceExt(  880): getSupplicantStateCOMPLETED
D/WifiServerServiceExt(  880): getSupplicantStateCOMPLETED
V/WifiServerServiceExt(  880): checkPollTimer Cnt= 0 rssi =-34 threshold=-100
E/WifiStateMachine(  880):  ConnectedState !CMD_RSSI_POLL 169 0 "HOME-BD3F-2.4" 88:ad:43:07:86:48 rssi=-34 f=2437 sc=60 link=72 tx=2.7, 0.0, 0.0  rx=4.4 bcn=0 [on:0 tx:0 rx:0 period:3003] from screen [on:0 period:1883696279] gl hn u24 rssi=-29 ag=0 hr ls-=0 [56,56,56,56,61] brc=0 lrc=0
E/WifiStateMachine(  880):  L2ConnectedState !CMD_RSSI_POLL 169 0 "HOME-BD3F-2.4" 88:ad:43:07:86:48 rssi=-34 f=2437 sc=60 link=72 tx=2.7, 0.0, 0.0  rx=4.4 bcn=0 [on:0 tx:0 rx:0 period:1] from screen [on:0 period:1883696280] gl hn u24 rssi=-29 ag=0 hr ls-=0 [56,56,56,56,61] brc=0 lrc=0
I/ThermalEngine(  362): Sensor:xo_therm:41000 mC
D/WifiServerServiceExt(  880): getSupplicantStateCOMPLETED
D/WifiServerServiceExt(  880): getSupplicantStateCOMPLETED
I/Netd    (  339): M: Get netlink event, ifname: wlan0 action: 6
I/Netd    (  339): M: Get netlink event, ifname: wlan0 action: 6
I/Netd    (  339): M: Get netlink event, ifname: wlan0 action: 8
D/libc-netbsd(  880): [getaddrinfo]: hostname=xxxxx; servname=(null); cache_mode=(null), netid=0; mark=0
D/libc-netbsd(  880): [getaddrinfo]: ai_addrlen=0; ai_canonname=xxxxx; ai_flags=4; ai_family=0
D/libc-netbsd(  880): [getaddrinfo]: hostname=xxxxx; servname=(null); cache_mode=(null), netid=0; mark=0
D/libc-netbsd(  880): [getaddrinfo]: ai_addrlen=0; ai_canonname=xxxxx; ai_flags=4; ai_family=0
D/libc-netbsd(  880): [getaddrinfo]: hostname=xxxxx; servname=(null); cache_mode=(null), netid=0; mark=0
D/libc-netbsd(  880): [getaddrinfo]: ai_addrlen=0; ai_canonname=xxxxx; ai_flags=4; ai_family=0
D/libc-netbsd(  880): [getaddrinfo]: hostname=xxxxx; servname=(null); cache_mode=(null), netid=0; mark=0
D/libc-netbsd(  880): [getaddrinfo]: ai_addrlen=0; ai_canonname=xxxxx; ai_flags=4; ai_family=0
V/WifiServerServiceExt(  880): checkPollTimer Cnt= 0 rssi =-34 threshold=-100
V/AlarmManager(  880): ELAPSED_WAKEUP set : Alarm{3b902b7a tag *walarm*:android.content.syncmanager.SYNC_ALARM type 2 when 108135686 android} when 108135686
D/PowerManagerServiceEx(  880): updateWakeLockSummaryLocked: checkScreenWakelockList : mWakefulness=Awake, mWakeLockSummary=0x0
E/WifiStateMachine(  880):  ConnectedState !CMD_RSSI_POLL 169 0 "HOME-BD3F-2.4" 88:ad:43:07:86:48 rssi=-34 f=2437 sc=60 link=72 tx=1.3, 0.0, 0.0  rx=2.7 bcn=0 [on:0 tx:0 rx:0 period:3004] from screen [on:0 period:1883699300] gl hn u24 rssi=-29 ag=0 hr ls-=0 [56,56,56,56,61] brc=0 lrc=0
E/WifiStateMachine(  880):  L2ConnectedState !CMD_RSSI_POLL 169 0 "HOME-BD3F-2.4" 88:ad:43:07:86:48 rssi=-34 f=2437 sc=60 link=72 tx=1.3, 0.0, 0.0  rx=2.7 bcn=0 [on:0 tx:0 rx:0 period:1] from screen [on:0 period:1883699301] gl hn u24 rssi=-29 ag=0 hr ls-=0 [56,56,56,56,61] brc=0 lrc=0
D/WifiServerServiceExt(  880): getSupplicantStateCOMPLETED
D/WifiServerServiceExt(  880): getSupplicantStateCOMPLETED
W/IcingInternalCorpora( 2491): getNumBytesRead when not calculated.
I/Netd    (  339): M: Get netlink event, ifname: wlan0 action: 6
I/Netd    (  339): M: Get netlink event, ifname: wlan0 action: 6
I/Netd    (  339): M: Get netlink event, ifname: wlan0 action: 8
D/libc-netbsd(  880): [getaddrinfo]: hostname=xxxxx; servname=(null); cache_mode=(null), netid=0; mark=0
D/libc-netbsd(  880): [getaddrinfo]: ai_addrlen=0; ai_canonname=xxxxx; ai_flags=4; ai_family=0
D/libc-netbsd(  880): [getaddrinfo]: hostname=xxxxx; servname=(null); cache_mode=(null), netid=0; mark=0
D/libc-netbsd(  880): [getaddrinfo]: ai_addrlen=0; ai_canonname=xxxxx; ai_flags=4; ai_family=0
D/libc-netbsd(  880): [getaddrinfo]: hostname=xxxxx; servname=(null); cache_mode=(null), netid=0; mark=0
D/libc-netbsd(  880): [getaddrinfo]: ai_addrlen=0; ai_canonname=xxxxx; ai_flags=4; ai_family=0
D/libc-netbsd(  880): [getaddrinfo]: hostname=xxxxx; servname=(null); cache_mode=(null), netid=0; mark=0
D/libc-netbsd(  880): [getaddrinfo]: ai_addrlen=0; ai_canonname=xxxxx; ai_flags=4; ai_family=0
D/WifiServerServiceExt(  880): getSupplicantStateCOMPLETED
D/WifiServerServiceExt(  880): getSupplicantStateCOMPLETED
V/WifiServerServiceExt(  880): checkPollTimer Cnt= 0 rssi =-35 threshold=-100
I/ThermalEngine(  362): Sensor:xo_therm:41000 mC
E/WifiStateMachine(  880):  ConnectedState !CMD_RSSI_POLL 169 0 "HOME-BD3F-2.4" 88:ad:43:07:86:48 rssi=-35 f=2437 sc=60 link=72 tx=1.7, 0.0, 0.0  rx=2.4 bcn=0 [on:0 tx:0 rx:0 period:3003] from screen [on:0 period:1883702308] gl hn u24 rssi=-30 ag=0 hr ls-=0 [56,56,56,56,61] brc=0 lrc=0
E/WifiStateMachine(  880):  L2ConnectedState !CMD_RSSI_POLL 169 0 "HOME-BD3F-2.4" 88:ad:43:07:86:48 rssi=-35 f=2437 sc=60 link=72 tx=1.7, 0.0, 0.0  rx=2.4 bcn=0 [on:0 tx:0 rx:0 period:1] from screen [on:0 period:1883702309] gl hn u24 rssi=-30 ag=0 hr ls-=0 [56,56,56,56,61] brc=0 lrc=0
D/WifiServerServiceExt(  880): getSupplicantStateCOMPLETED
D/WifiServerServiceExt(  880): getSupplicantStateCOMPLETED
I/Netd    (  339): M: Get netlink event, ifname: wlan0 action: 6
I/Netd    (  339): M: Get netlink event, ifname: wlan0 action: 6
I/Netd    (  339): M: Get netlink event, ifname: wlan0 action: 8
D/libc-netbsd(  880): [getaddrinfo]: hostname=xxxxx; servname=(null); cache_mode=(null), netid=0; mark=0
D/libc-netbsd(  880): [getaddrinfo]: ai_addrlen=0; ai_canonname=xxxxx; ai_flags=4; ai_family=0
D/libc-netbsd(  880): [getaddrinfo]: hostname=xxxxx; servname=(null); cache_mode=(null), netid=0; mark=0
D/libc-netbsd(  880): [getaddrinfo]: ai_addrlen=0; ai_canonname=xxxxx; ai_flags=4; ai_family=0
D/libc-netbsd(  880): [getaddrinfo]: hostname=xxxxx; servname=(null); cache_mode=(null), netid=0; mark=0
D/libc-netbsd(  880): [getaddrinfo]: ai_addrlen=0; ai_canonname=xxxxx; ai_flags=4; ai_family=0
D/libc-netbsd(  880): [getaddrinfo]: hostname=xxxxx; servname=(null); cache_mode=(null), netid=0; mark=0
D/libc-netbsd(  880): [getaddrinfo]: ai_addrlen=0; ai_canonname=xxxxx; ai_flags=4; ai_family=0
W/ProcessCpuTracker(  880): Skipping unknown process pid 25606
V/WifiServerServiceExt(  880): checkPollTimer Cnt= 0 rssi =-35 threshold=-100
E/WifiStateMachine(  880):  ConnectedState !CMD_RSSI_POLL 169 0 "HOME-BD3F-2.4" 88:ad:43:07:86:48 rssi=-35 f=2437 sc=60 link=72 tx=1.8, 0.0, 0.0  rx=2.2 bcn=0 [on:0 tx:0 rx:0 period:3004] from screen [on:0 period:1883705319] gl hn u24 rssi=-30 ag=0 hr ls-=0 [56,56,56,56,61] brc=0 lrc=0
E/WifiStateMachine(  880):  L2ConnectedState !CMD_RSSI_POLL 169 0 "HOME-BD3F-2.4" 88:ad:43:07:86:48 rssi=-35 f=2437 sc=60 link=72 tx=1.8, 0.0, 0.0  rx=2.2 bcn=0 [on:0 tx:0 rx:0 period:1] from screen [on:0 period:1883705320] gl hn u24 rssi=-30 ag=0 hr ls-=0 [56,56,56,56,61] brc=0 lrc=0
D/WifiServerServiceExt(  880): getSupplicantStateCOMPLETED
D/WifiServerServiceExt(  880): getSupplicantStateCOMPLETED
V/AlarmManager(  880): ELAPSED_WAKEUP set : Alarm{1af7dc34 tag *walarm*:com.google.android.location.ALARM_WAKEUP_LOCATOR type 2 when 108143159 com.google.android.gms} when 108143159
D/WifiServiceImplEx(  880): acquireWifiLock pid=5989, uid=10005, packageName=com.google.uid.shared:10005, tag=NlpWifiLock
D/WifiServerServiceExt(  880): isYouTubeLocationScan called  by (com.google.uid.shared:10005)
D/WifiServiceImplEx(  880): startScan pid=5989, uid=10005, packageName=com.google.uid.shared:10005
E/WifiStateMachine(  880):  ConnectedState !CMD_START_SCAN 10005 1135 ic=0 proc(ms):7 full dur:1280 cnt=212 rssi=-35 f=2437 sc=60 link=72 tx=1.9, 0.0, 0.0  rx=3.6 fiv=120000 [on:0 tx:0 rx:0 period:1450] from screen [on:0 period:1883706785]
D/PhoneApp( 5117): getPhone phoneId:0
E/WifiStateMachine(  880):  L2ConnectedState !CMD_START_SCAN 10005 1135 ic=0 proc(ms):12 full dur:1280 cnt=212 rssi=-35 f=2437 sc=60 link=72 tx=1.9, 0.0, 0.0  rx=3.6 fiv=120000 [on:0 tx:0 rx:0 period:5] from screen [on:0 period:1883706790]
I/wpa_supplicant( 5475): wlan0: CTRL-EVENT-SCAN-STARTED 
I/WifiHAL (  880): Poll result = 1
I/WifiHAL (  880): Found some events!!!
D/WifiHAL (  880): no_seq_check received
I/WifiHAL (  880): event received NL80211_CMD_TRIGGER_SCAN
I/WifiHAL (  880): event received NL80211_CMD_TRIGGER_SCAN, vendor_id = 0x0
I/WifiHAL (  880): event ignored!!
I/WifiServerServiceExt(  880): handleLgeEvent event : 9, data : CTRL-EVENT-SCAN-STARTED 
D/PhoneApp( 5117): getPhone phoneId:0
D/PhoneApp( 5117): getPhone phoneId:0
D/PhoneInterfaceManager( 5117): [PhoneIntfMgr] handleMessage : 2
D/PhoneApp( 5117): getPhone phoneId:0
D/PhoneInterfaceManager( 5117): [PhoneIntfMgr] handleMessage : 3
D/PhoneApp( 5117): getPhone phoneId:0
D/PhoneApp( 5117): getPhone phoneId:0
D/PhoneApp( 5117): getPhone phoneId:0
I/ThermalEngine(  362): Sensor:xo_therm:41000 mC
D/PowerManagerServiceEx(  880): updateUserActivitySummaryLocked: mWakefulness=Awake, mUserActivitySummary=0x2, nextTimeout=71147432 (277520 ms ago)
W/DisplayPowerControllerEx(  880): setScreenState : state = 2, isStateChanged = false, returnVal = true
I/WifiHAL (  880): Poll result = 1
I/WifiHAL (  880): Found some events!!!
D/WifiHAL (  880): no_seq_check received
I/WifiHAL (  880): event received NL80211_CMD_NEW_SCAN_RESULTS
I/WifiHAL (  880): event received NL80211_CMD_NEW_SCAN_RESULTS, vendor_id = 0x0
I/WifiHAL (  880): event ignored!!
I/WifiServerServiceExt(  880): handleLgeEvent event : 100, data : CTRL-EVENT-SCAN-RESULTS 
E/WifiStateMachine(  880):  ConnectedState !SCAN_RESULTS_EVENT 0 0 found=15 known=5 got=15 bcn=0 con=1
E/WifiStateMachine(  880):  L2ConnectedState !SCAN_RESULTS_EVENT 0 0 found=15 known=5 got=15 bcn=0 con=1
E/WifiStateMachine(  880):  ConnectModeState !SCAN_RESULTS_EVENT 0 0 found=15 known=5 got=15 bcn=0 con=1
E/WifiStateMachine(  880):  DriverStartedState !SCAN_RESULTS_EVENT 0 0 found=15 known=5 got=15 bcn=0 con=1
D/WifiServerServiceExt(  880): { when=-3ms what=147461 target=com.android.internal.util.StateMachine$SmHandler }
E/WifiStateMachine(  880):  SupplicantStartedState !SCAN_RESULTS_EVENT 0 0 found=15 known=5 got=15 bcn=0 con=1
D/LocSvc_java(  880): onReceive
D/WifiServiceImplEx(  880): releaseWifiLock pid=5989, uid=10005, packageName=com.google.uid.shared:10005
D/PowerManagerServiceEx(  880): updateWakeLockSummaryLocked: checkScreenWakelockList : mWakefulness=Awake, mWakeLockSummary=0x0
D/WifiServerServiceExt(  880): getSupplicantStateCOMPLETED
D/WifiServerServiceExt(  880): getSupplicantStateCOMPLETED
V/WifiServerServiceExt(  880): checkPollTimer Cnt= 0 rssi =-35 threshold=-100
D/InputDispatcher(  880): notifyMotion - action=ACTION_DOWN(0), id=0, tooltype=1, deviceId=6, source=0x1002, policyFlags=0x0, flags=0x0, metaState=0x0, buttonState=0x0, edgeFlags=0x0, eventTime=71425981102000, downTime=71425981102000, 
D/InputTransport(  880): channel '36e77d54 NavigationBar (server)' : action=ACTION_DOWN(0), id=0, tooltype=1, deviceId=6, source=0x1002, flags=0x0, edgeFlags=0x0, metaState=0x0, buttonState=0x0, downTime=71425981102000, eventTime=71425981102000, pointerCount=1
D/PowerManagerServiceEx(  880): updateWakeLockSummaryLocked: checkScreenWakelockList : mWakefulness=Awake, mWakeLockSummary=0x0
D/PowerManagerServiceEx(  880): updateUserActivitySummaryLocked: mWakefulness=Awake, mUserActivitySummary=0x1, nextTimeout=71147432 (278550 ms ago)
I/ViewRootImpl( 4549): ViewRoot's Touch Event : ACTION_DOWN
W/DisplayPowerControllerEx(  880): setScreenState : state = 2, isStateChanged = false, returnVal = true
D/PowerManagerServiceEx(  880): updateWakeLockSummaryLocked: checkScreenWakelockList : mWakefulness=Awake, mWakeLockSummary=0x0
E/WifiStateMachine(  880):  ConnectedState !CMD_RSSI_POLL 169 0 "HOME-BD3F-2.4" 88:ad:43:07:86:48 rssi=-35 f=2437 sc=60 link=72 tx=0.5, 0.0, 0.0  rx=0.9 bcn=0 [on:0 tx:0 rx:0 period:1542] from screen [on:0 period:1883708337] gl hn u24 rssi=-30 ag=0 hr ls-=0 [56,56,56,56,61] brc=0 lrc=0
E/WifiStateMachine(  880):  L2ConnectedState !CMD_RSSI_POLL 169 0 "HOME-BD3F-2.4" 88:ad:43:07:86:48 rssi=-35 f=2437 sc=60 link=72 tx=0.5, 0.0, 0.0  rx=0.9 bcn=0 [on:0 tx:0 rx:0 period:1] from screen [on:0 period:1883708338] gl hn u24 rssi=-30 ag=0 hr ls-=0 [56,56,56,56,61] brc=0 lrc=0
D/InputDispatcher(  880): notifyMotion - action=ACTION_UP(0), id=0, tooltype=1, deviceId=6, source=0x1002, policyFlags=0x0, flags=0x0, metaState=0x0, buttonState=0x0, edgeFlags=0x0, eventTime=71426063587000, downTime=71425981102000, 
D/InputTransport(  880): channel '36e77d54 NavigationBar (server)' : action=ACTION_UP(0), id=0, tooltype=1, deviceId=6, source=0x1002, flags=0x0, edgeFlags=0x0, metaState=0x0, buttonState=0x0, downTime=71425981102000, eventTime=71426063587000, pointerCount=1
I/ViewRootImpl( 4549): ViewRoot's Touch Event : ACTION_UP
D/LocationManagerService(  880): incoming location: network
D/LocationManagerService(  880): incoming location: network
I/GCoreUlr( 5989): Successfully inserted 1 locations
W/ctxmgr  ( 5989): [ContextSpecificAclFactory]LocationConsent failed, ULR opt-in status is: false, account#-1501921512#
W/ctxmgr  ( 5989): [AclManager]No 2 for (accnt=account#-1501921512#, com.google.android.gms(10005):UserLocationProducer, vrsn=10084000, 0, 3pPkg = null ,  3pMdlId = null). Was: 2 for 1, account#-1501921512#
W/ctxmgr  ( 5989): [ContextSpecificAclFactory]LocationConsent failed, ULR opt-in status is: false, account#-1498741409#
W/ctxmgr  ( 5989): [AclManager]No 2 for (accnt=account#-1498741409#, com.google.android.gms(10005):UserLocationProducer, vrsn=10084000, 0, 3pPkg = null ,  3pMdlId = null). Was: 2 for 1, account#-1498741409#
D/PowerManagerServiceEx(  880): updateWakeLockSummaryLocked: checkScreenWakelockList : mWakefulness=Awake, mWakeLockSummary=0x0
W/DisplayPowerControllerEx(  880): setScreenState : state = 2, isStateChanged = false, returnVal = true
W/DisplayPowerControllerEx(  880): setScreenState : state = 2, isStateChanged = false, returnVal = true
D/WifiServerServiceExt(  880): getSupplicantStateCOMPLETED
D/WifiServerServiceExt(  880): getSupplicantStateCOMPLETED
I/Netd    (  339): M: Get netlink event, ifname: wlan0 action: 6
I/Netd    (  339): M: Get netlink event, ifname: wlan0 action: 6
I/Netd    (  339): M: Get netlink event, ifname: wlan0 action: 8
D/libc-netbsd(  880): [getaddrinfo]: hostname=xxxxx; servname=(null); cache_mode=(null), netid=0; mark=0
D/libc-netbsd(  880): [getaddrinfo]: ai_addrlen=0; ai_canonname=xxxxx; ai_flags=4; ai_family=0
D/libc-netbsd(  880): [getaddrinfo]: hostname=xxxxx; servname=(null); cache_mode=(null), netid=0; mark=0
D/libc-netbsd(  880): [getaddrinfo]: ai_addrlen=0; ai_canonname=xxxxx; ai_flags=4; ai_family=0
D/libc-netbsd(  880): [getaddrinfo]: hostname=xxxxx; servname=(null); cache_mode=(null), netid=0; mark=0
D/libc-netbsd(  880): [getaddrinfo]: ai_addrlen=0; ai_canonname=xxxxx; ai_flags=4; ai_family=0
D/libc-netbsd(  880): [getaddrinfo]: hostname=xxxxx; servname=(null); cache_mode=(null), netid=0; mark=0
D/libc-netbsd(  880): [getaddrinfo]: ai_addrlen=0; ai_canonname=xxxxx; ai_flags=4; ai_family=0
V/WifiServerServiceExt(  880): checkPollTimer Cnt= 0 rssi =-34 threshold=-100
E/WifiStateMachine(  880):  ConnectedState !CMD_RSSI_POLL 169 0 "HOME-BD3F-2.4" 88:ad:43:07:86:48 rssi=-34 f=2437 sc=60 link=72 tx=0.7, 0.0, 0.0  rx=0.4 bcn=0 [on:0 tx:0 rx:0 period:3004] from screen [on:0 period:1883711347] gl hn u24 rssi=-29 ag=0 hr ls-=0 [56,56,56,56,61] brc=0 lrc=0
E/WifiStateMachine(  880):  L2ConnectedState !CMD_RSSI_POLL 169 0 "HOME-BD3F-2.4" 88:ad:43:07:86:48 rssi=-34 f=2437 sc=60 link=72 tx=0.7, 0.0, 0.0  rx=0.4 bcn=0 [on:0 tx:0 rx:0 period:1] from screen [on:0 period:1883711348] gl hn u24 rssi=-29 ag=0 hr ls-=0 [56,56,56,56,61] brc=0 lrc=0
D/WifiServerServiceExt(  880): getSupplicantStateCOMPLETED
D/WifiServerServiceExt(  880): getSupplicantStateCOMPLETED
I/ThermalEngine(  362): Sensor:xo_therm:41000 mC
I/Netd    (  339): M: Get netlink event, ifname: wlan0 action: 6
I/Netd    (  339): M: Get netlink event, ifname: wlan0 action: 6
I/Netd    (  339): M: Get netlink event, ifname: wlan0 action: 8
D/libc-netbsd(  880): [getaddrinfo]: hostname=xxxxx; servname=(null); cache_mode=(null), netid=0; mark=0
D/libc-netbsd(  880): [getaddrinfo]: ai_addrlen=0; ai_canonname=xxxxx; ai_flags=4; ai_family=0
D/libc-netbsd(  880): [getaddrinfo]: hostname=xxxxx; servname=(null); cache_mode=(null), netid=0; mark=0
D/libc-netbsd(  880): [getaddrinfo]: ai_addrlen=0; ai_canonname=xxxxx; ai_flags=4; ai_family=0
D/libc-netbsd(  880): [getaddrinfo]: hostname=xxxxx; servname=(null); cache_mode=(null), netid=0; mark=0
D/libc-netbsd(  880): [getaddrinfo]: ai_addrlen=0; ai_canonname=xxxxx; ai_flags=4; ai_family=0
D/libc-netbsd(  880): [getaddrinfo]: hostname=xxxxx; servname=(null); cache_mode=(null), netid=0; mark=0
D/libc-netbsd(  880): [getaddrinfo]: ai_addrlen=0; ai_canonname=xxxxx; ai_flags=4; ai_family=0
D/WifiServerServiceExt(  880): getSupplicantStateCOMPLETED
D/WifiServerServiceExt(  880): getSupplicantStateCOMPLETED
V/WifiServerServiceExt(  880): checkPollTimer Cnt= 0 rssi =-34 threshold=-100
E/WifiStateMachine(  880):  ConnectedState !CMD_RSSI_POLL 169 0 "HOME-BD3F-2.4" 88:ad:43:07:86:48 rssi=-34 f=2437 sc=60 link=72 tx=0.9, 0.0, 0.0  rx=1.2 bcn=0 [on:0 tx:0 rx:0 period:3003] from screen [on:0 period:1883714366] gl hn u24 rssi=-29 ag=0 hr ls-=0 [56,56,56,56,61] brc=0 lrc=0
E/WifiStateMachine(  880):  L2ConnectedState !CMD_RSSI_POLL 169 0 "HOME-BD3F-2.4" 88:ad:43:07:86:48 rssi=-34 f=2437 sc=60 link=72 tx=0.9, 0.0, 0.0  rx=1.2 bcn=0 [on:0 tx:0 rx:0 period:1] from screen [on:0 period:1883714367] gl hn u24 rssi=-29 ag=0 hr ls-=0 [56,56,56,56,61] brc=0 lrc=0
D/WifiServerServiceExt(  880): getSupplicantStateCOMPLETED
D/WifiServerServiceExt(  880): getSupplicantStateCOMPLETED
D/VM_BMS  (  444): wake_lock acquired
D/VM_BMS  (  444): New BMS data - Size=56
D/VM_BMS  (  444): Start process_bms_data
D/VM_BMS  (  444): For batt_temp=334 fcc_mah=2011
D/VM_BMS  (  444): For ocv=3760059 batt_temp=334 soc=29
D/VM_BMS  (  444): fifo_count=5 acc_count=0
D/VM_BMS  (  444): INIT: ocv=3760059 last_ocv=3760059 batt_temp=334 soc=29
D/VM_BMS  (  444): For soc=29 batt_temp=334 slope=3200
D/VM_BMS  (  444): For soc=29 batt_temp=334 rbatt_sf=102
D/VM_BMS  (  444): rbatt_mohm_default=180, rbatt_mohm=183, sf=102 batt_temp=334
D/VM_BMS  (  444): For ocv=3760134 batt_temp=334 soc=29
D/VM_BMS  (  444): FIFO=0 fifo_avg=3.804348 rbatt=0.233000 slope=0.320000 ibatt=-0.189920 ocv=3.760134 soc=29 fcc_ah=2.011000 sample_count=128 sample_interval=70 seq_num=8896
D/VM_BMS  (  444): For soc=29 batt_temp=334 slope=3200
D/VM_BMS  (  444): For soc=29 batt_temp=334 rbatt_sf=102
D/VM_BMS  (  444): rbatt_mohm_default=180, rbatt_mohm=183, sf=102 batt_temp=334
D/VM_BMS  (  444): For ocv=3760248 batt_temp=334 soc=29
D/VM_BMS  (  444): FIFO=1 fifo_avg=3.827682 rbatt=0.233000 slope=0.320000 ibatt=-0.289660 ocv=3.760249 soc=29 fcc_ah=2.011000 sample_count=128 sample_interval=70 seq_num=8896
D/VM_BMS  (  444): For soc=29 batt_temp=334 slope=3200
D/VM_BMS  (  444): For soc=29 batt_temp=334 rbatt_sf=102
D/VM_BMS  (  444): rbatt_mohm_default=180, rbatt_mohm=183, sf=102 batt_temp=334
D/VM_BMS  (  444): For ocv=3760355 batt_temp=334 soc=29
D/VM_BMS  (  444): FIFO=2 fifo_avg=3.823251 rbatt=0.233000 slope=0.320000 ibatt=-0.270170 ocv=3.760355 soc=29 fcc_ah=2.011000 sample_count=128 sample_interval=70 seq_num=8896
D/VM_BMS  (  444): For soc=29 batt_temp=334 slope=3200
D/VM_BMS  (  444): For soc=29 batt_temp=334 rbatt_sf=102
D/VM_BMS  (  444): rbatt_mohm_default=180, rbatt_mohm=183, sf=102 batt_temp=334
D/VM_BMS  (  444): For ocv=3760465 batt_temp=334 soc=29
D/VM_BMS  (  444): FIFO=3 fifo_avg=3.825612 rbatt=0.233000 slope=0.320000 ibatt=-0.279835 ocv=3.760466 soc=29 fcc_ah=2.011000 sample_count=128 sample_interval=70 seq_num=8896
D/VM_BMS  (  444): For soc=29 batt_temp=334 slope=3200
D/VM_BMS  (  444): For soc=29 batt_temp=334 rbatt_sf=102
D/VM_BMS  (  444): rbatt_mohm_default=180, rbatt_mohm=183, sf=102 batt_temp=334
D/VM_BMS  (  444): For ocv=3760568 batt_temp=334 soc=29
D/VM_BMS  (  444): FIFO=4 fifo_avg=3.821181 rbatt=0.233000 slope=0.320000 ibatt=-0.260363 ocv=3.760568 soc=29 fcc_ah=2.011000 sample_count=128 sample_interval=70 seq_num=8896
I/VM_BMS  (  444): power_supply_update: ocv_uv=3760568 ibatt=-260363 soc=29 seq_num=8896
D/VM_BMS  (  444): End process_bms_data
D/VM_BMS  (  444): wake_lock released
I/Netd    (  339): M: Get netlink event, ifname: wlan0 action: 6
I/Netd    (  339): M: Get netlink event, ifname: wlan0 action: 6
I/Netd    (  339): M: Get netlink event, ifname: wlan0 action: 8
D/libc-netbsd(  880): [getaddrinfo]: hostname=xxxxx; servname=(null); cache_mode=(null), netid=0; mark=0
D/libc-netbsd(  880): [getaddrinfo]: ai_addrlen=0; ai_canonname=xxxxx; ai_flags=4; ai_family=0
D/libc-netbsd(  880): [getaddrinfo]: hostname=xxxxx; servname=(null); cache_mode=(null), netid=0; mark=0
D/libc-netbsd(  880): [getaddrinfo]: ai_addrlen=0; ai_canonname=xxxxx; ai_flags=4; ai_family=0
D/libc-netbsd(  880): [getaddrinfo]: hostname=xxxxx; servname=(null); cache_mode=(null), netid=0; mark=0
D/libc-netbsd(  880): [getaddrinfo]: ai_addrlen=0; ai_canonname=xxxxx; ai_flags=4; ai_family=0
D/libc-netbsd(  880): [getaddrinfo]: hostname=xxxxx; servname=(null); cache_mode=(null), netid=0; mark=0
D/libc-netbsd(  880): [getaddrinfo]: ai_addrlen=0; ai_canonname=xxxxx; ai_flags=4; ai_family=0
V/WifiServerServiceExt(  880): checkPollTimer Cnt= 0 rssi =-35 threshold=-100
I/ThermalEngine(  362): Sensor:xo_therm:41000 mC
E/WifiStateMachine(  880):  ConnectedState !CMD_RSSI_POLL 169 0 "HOME-BD3F-2.4" 88:ad:43:07:86:48 rssi=-35 f=2437 sc=60 link=72 tx=0.4, 0.0, 0.0  rx=1.1 bcn=0 [on:0 tx:0 rx:0 period:3004] from screen [on:0 period:1883717386] gl hn u24 rssi=-30 ag=0 hr ls-=0 [56,56,56,56,61] brc=0 lrc=0
E/WifiStateMachine(  880):  L2ConnectedState !CMD_RSSI_POLL 169 0 "HOME-BD3F-2.4" 88:ad:43:07:86:48 rssi=-35 f=2437 sc=60 link=72 tx=0.4, 0.0, 0.0  rx=1.1 bcn=0 [on:0 tx:0 rx:0 period:1] from screen [on:0 period:1883717387] gl hn u24 rssi=-30 ag=0 hr ls-=0 [56,56,56,56,61] brc=0 lrc=0
D/WifiServerServiceExt(  880): getSupplicantStateCOMPLETED
D/WifiServerServiceExt(  880): getSupplicantStateCOMPLETED
I/Netd    (  339): M: Get netlink event, ifname: wlan0 action: 6
I/Netd    (  339): M: Get netlink event, ifname: wlan0 action: 6
I/Netd    (  339): M: Get netlink event, ifname: wlan0 action: 8
D/libc-netbsd(  880): [getaddrinfo]: hostname=xxxxx; servname=(null); cache_mode=(null), netid=0; mark=0
D/libc-netbsd(  880): [getaddrinfo]: ai_addrlen=0; ai_canonname=xxxxx; ai_flags=4; ai_family=0
D/libc-netbsd(  880): [getaddrinfo]: hostname=xxxxx; servname=(null); cache_mode=(null), netid=0; mark=0
D/libc-netbsd(  880): [getaddrinfo]: ai_addrlen=0; ai_canonname=xxxxx; ai_flags=4; ai_family=0
D/libc-netbsd(  880): [getaddrinfo]: hostname=xxxxx; servname=(null); cache_mode=(null), netid=0; mark=0
D/libc-netbsd(  880): [getaddrinfo]: ai_addrlen=0; ai_canonname=xxxxx; ai_flags=4; ai_family=0
D/libc-netbsd(  880): [getaddrinfo]: hostname=xxxxx; servname=(null); cache_mode=(null), netid=0; mark=0
D/libc-netbsd(  880): [getaddrinfo]: ai_addrlen=0; ai_canonname=xxxxx; ai_flags=4; ai_family=0
D/WifiServerServiceExt(  880): getSupplicantStateCOMPLETED
D/WifiServerServiceExt(  880): getSupplicantStateCOMPLETED
V/WifiServerServiceExt(  880): checkPollTimer Cnt= 0 rssi =-34 threshold=-100
E/WifiStateMachine(  880):  ConnectedState !CMD_RSSI_POLL 169 0 "HOME-BD3F-2.4" 88:ad:43:07:86:48 rssi=-34 f=2437 sc=60 link=72 tx=0.7, 0.0, 0.0  rx=1.1 bcn=0 [on:0 tx:0 rx:0 period:3003] from screen [on:0 period:1883720405] gl hn u24 rssi=-29 ag=0 hr ls-=0 [56,56,56,56,61] brc=0 lrc=0
E/WifiStateMachine(  880):  L2ConnectedState !CMD_RSSI_POLL 169 0 "HOME-BD3F-2.4" 88:ad:43:07:86:48 rssi=-34 f=2437 sc=60 link=72 tx=0.7, 0.0, 0.0  rx=1.1 bcn=0 [on:0 tx:0 rx:0 period:1] from screen [on:0 period:1883720406] gl hn u24 rssi=-29 ag=0 hr ls-=0 [56,56,56,56,61] brc=0 lrc=0
D/WifiServerServiceExt(  880): getSupplicantStateCOMPLETED
D/WifiServerServiceExt(  880): getSupplicantStateCOMPLETED
I/Netd    (  339): M: Get netlink event, ifname: wlan0 action: 6
I/Netd    (  339): M: Get netlink event, ifname: wlan0 action: 6
I/Netd    (  339): M: Get netlink event, ifname: wlan0 action: 8
D/libc-netbsd(  880): [getaddrinfo]: hostname=xxxxx; servname=(null); cache_mode=(null), netid=0; mark=0
D/libc-netbsd(  880): [getaddrinfo]: ai_addrlen=0; ai_canonname=xxxxx; ai_flags=4; ai_family=0
D/libc-netbsd(  880): [getaddrinfo]: hostname=xxxxx; servname=(null); cache_mode=(null), netid=0; mark=0
D/libc-netbsd(  880): [getaddrinfo]: ai_addrlen=0; ai_canonname=xxxxx; ai_flags=4; ai_family=0
D/libc-netbsd(  880): [getaddrinfo]: hostname=xxxxx; servname=(null); cache_mode=(null), netid=0; mark=0
D/libc-netbsd(  880): [getaddrinfo]: ai_addrlen=0; ai_canonname=xxxxx; ai_flags=4; ai_family=0
D/libc-netbsd(  880): [getaddrinfo]: hostname=xxxxx; servname=(null); cache_mode=(null), netid=0; mark=0
D/libc-netbsd(  880): [getaddrinfo]: ai_addrlen=0; ai_canonname=xxxxx; ai_flags=4; ai_family=0
I/ThermalEngine(  362): Sensor:xo_therm:40000 mC
V/WifiServerServiceExt(  880): checkPollTimer Cnt= 0 rssi =-34 threshold=-100
E/WifiStateMachine(  880):  ConnectedState !CMD_RSSI_POLL 169 0 "HOME-BD3F-2.4" 88:ad:43:07:86:48 rssi=-34 f=2437 sc=60 link=72 tx=0.4, 0.0, 0.0  rx=1.0 bcn=0 [on:0 tx:0 rx:0 period:3003] from screen [on:0 period:1883723424] gl hn u24 rssi=-29 ag=0 hr ls-=0 [56,56,56,56,61] brc=0 lrc=0
E/WifiStateMachine(  880):  L2ConnectedState !CMD_RSSI_POLL 169 0 "HOME-BD3F-2.4" 88:ad:43:07:86:48 rssi=-34 f=2437 sc=60 link=72 tx=0.4, 0.0, 0.0  rx=1.0 bcn=0 [on:0 tx:0 rx:0 period:3] from screen [on:0 period:1883723427] gl hn u24 rssi=-29 ag=0 hr ls-=0 [56,56,56,56,61] brc=0 lrc=0
D/WifiServerServiceExt(  880): getSupplicantStateCOMPLETED
D/WifiServerServiceExt(  880): getSupplicantStateCOMPLETED
I/Netd    (  339): M: Get netlink event, ifname: wlan0 action: 6
I/Netd    (  339): M: Get netlink event, ifname: wlan0 action: 6
I/Netd    (  339): M: Get netlink event, ifname: wlan0 action: 8
D/libc-netbsd(  880): [getaddrinfo]: hostname=xxxxx; servname=(null); cache_mode=(null), netid=0; mark=0
D/libc-netbsd(  880): [getaddrinfo]: ai_addrlen=0; ai_canonname=xxxxx; ai_flags=4; ai_family=0
D/libc-netbsd(  880): [getaddrinfo]: hostname=xxxxx; servname=(null); cache_mode=(null), netid=0; mark=0
D/libc-netbsd(  880): [getaddrinfo]: ai_addrlen=0; ai_canonname=xxxxx; ai_flags=4; ai_family=0
D/libc-netbsd(  880): [getaddrinfo]: hostname=xxxxx; servname=(null); cache_mode=(null), netid=0; mark=0
D/libc-netbsd(  880): [getaddrinfo]: ai_addrlen=0; ai_canonname=xxxxx; ai_flags=4; ai_family=0
D/libc-netbsd(  880): [getaddrinfo]: hostname=xxxxx; servname=(null); cache_mode=(null), netid=0; mark=0
D/libc-netbsd(  880): [getaddrinfo]: ai_addrlen=0; ai_canonname=xxxxx; ai_flags=4; ai_family=0
D/WifiServerServiceExt(  880): getSupplicantStateCOMPLETED
D/WifiServerServiceExt(  880): getSupplicantStateCOMPLETED
V/WifiServerServiceExt(  880): checkPollTimer Cnt= 0 rssi =-32 threshold=-100
E/WifiStateMachine(  880):  ConnectedState !CMD_RSSI_POLL 169 0 "HOME-BD3F-2.4" 88:ad:43:07:86:48 rssi=-32 f=2437 sc=60 link=72 tx=0.2, 0.0, 0.0  rx=1.5 bcn=0 [on:0 tx:0 rx:0 period:3004] from screen [on:0 period:1883726447] gl hn u24 rssi=-27 ag=0 hr ls-=0 [56,56,56,56,61] brc=0 lrc=0
E/WifiStateMachine(  880):  L2ConnectedState !CMD_RSSI_POLL 169 0 "HOME-BD3F-2.4" 88:ad:43:07:86:48 rssi=-32 f=2437 sc=60 link=72 tx=0.2, 0.0, 0.0  rx=1.5 bcn=0 [on:0 tx:0 rx:0 period:1] from screen [on:0 period:1883726448] gl hn u24 rssi=-27 ag=0 hr ls-=0 [56,56,56,56,61] brc=0 lrc=0
I/ThermalEngine(  362): Sensor:xo_therm:40000 mC
D/WifiServerServiceExt(  880): getSupplicantStateCOMPLETED
D/WifiServerServiceExt(  880): getSupplicantStateCOMPLETED
I/Netd    (  339): M: Get netlink event, ifname: wlan0 action: 6
I/Netd    (  339): M: Get netlink event, ifname: wlan0 action: 6
I/Netd    (  339): M: Get netlink event, ifname: wlan0 action: 8
D/libc-netbsd(  880): [getaddrinfo]: hostname=xxxxx; servname=(null); cache_mode=(null), netid=0; mark=0
D/libc-netbsd(  880): [getaddrinfo]: ai_addrlen=0; ai_canonname=xxxxx; ai_flags=4; ai_family=0
D/libc-netbsd(  880): [getaddrinfo]: hostname=xxxxx; servname=(null); cache_mode=(null), netid=0; mark=0
D/libc-netbsd(  880): [getaddrinfo]: ai_addrlen=0; ai_canonname=xxxxx; ai_flags=4; ai_family=0
D/libc-netbsd(  880): [getaddrinfo]: hostname=xxxxx; servname=(null); cache_mode=(null), netid=0; mark=0
D/libc-netbsd(  880): [getaddrinfo]: ai_addrlen=0; ai_canonname=xxxxx; ai_flags=4; ai_family=0
D/libc-netbsd(  880): [getaddrinfo]: hostname=xxxxx; servname=(null); cache_mode=(null), netid=0; mark=0
D/libc-netbsd(  880): [getaddrinfo]: ai_addrlen=0; ai_canonname=xxxxx; ai_flags=4; ai_family=0
D/PowerManagerServiceEx(  880): updateWakeLockSummaryLocked: checkScreenWakelockList : mWakefulness=Awake, mWakeLockSummary=0x0
V/WifiServerServiceExt(  880): checkPollTimer Cnt= 0 rssi =-34 threshold=-100
E/WifiStateMachine(  880):  ConnectedState !CMD_RSSI_POLL 169 0 "HOME-BD3F-2.4" 88:ad:43:07:86:48 rssi=-34 f=2437 sc=60 link=72 tx=0.6, 0.0, 0.0  rx=1.3 bcn=0 [on:0 tx:0 rx:0 period:3003] from screen [on:0 period:1883729466] gl hn u24 rssi=-29 ag=0 hr ls-=0 [56,56,56,56,61] brc=0 lrc=0
E/WifiStateMachine(  880):  L2ConnectedState !CMD_RSSI_POLL 169 0 "HOME-BD3F-2.4" 88:ad:43:07:86:48 rssi=-34 f=2437 sc=60 link=72 tx=0.6, 0.0, 0.0  rx=1.3 bcn=0 [on:0 tx:0 rx:0 period:2] from screen [on:0 period:1883729468] gl hn u24 rssi=-29 ag=0 hr ls-=0 [56,56,56,56,61] brc=0 lrc=0
D/WifiServerServiceExt(  880): getSupplicantStateCOMPLETED
D/WifiServerServiceExt(  880): getSupplicantStateCOMPLETED
V/AlarmManager(  880): ELAPSED_WAKEUP set : Alarm{31fb20c9 tag *walarm*:android.content.syncmanager.SYNC_ALARM type 2 when 108167463 android} when 108167463
I/[@@    ] SyncAdapterProxy(24005): Delagator disabled, using the (deprecated) GData sync adapter
I/NotificationManager(  880): android: cancelAsUser(3) by android
I/Netd    (  339): M: Get netlink event, ifname: wlan0 action: 6
I/Netd    (  339): M: Get netlink event, ifname: wlan0 action: 6
I/Netd    (  339): M: Get netlink event, ifname: wlan0 action: 8
D/libc-netbsd(  880): [getaddrinfo]: hostname=xxxxx; servname=(null); cache_mode=(null), netid=0; mark=0
