D/libc-netbsd(  880): [getaddrinfo]: hostname=xxxxx; servname=(null); cache_mode=(null), netid=0; mark=0
D/libc-netbsd(  880): [getaddrinfo]: ai_addrlen=0; ai_canonname=xxxxx; ai_flags=4; ai_family=0
D/libc-netbsd(  880): [getaddrinfo]: hostname=xxxxx; servname=(null); cache_mode=(null), netid=0; mark=0
D/libc-netbsd(  880): [getaddrinfo]: ai_addrlen=0; ai_canonname=xxxxx; ai_flags=4; ai_family=0
D/libc-netbsd(  880): [getaddrinfo]: hostname=xxxxx; servname=(null); cache_mode=(null), netid=0; mark=0
D/libc-netbsd(  880): [getaddrinfo]: ai_addrlen=0; ai_canonname=xxxxx; ai_flags=4; ai_family=0
D/WifiServerServiceExt(  880): getSupplicantStateCOMPLETED
D/WifiServerServiceExt(  880): getSupplicantStateCOMPLETED
V/WifiServerServiceExt(  880): checkPollTimer Cnt= 0 rssi =-35 threshold=-100
E/WifiStateMachine(  880):  ConnectedState !CMD_RSSI_POLL 169 0 "HOME-BD3F-2.4" 88:ad:43:07:86:48 rssi=-35 f=2437 sc=60 link=72 tx=0.8, 0.0, 0.0  rx=1.9 bcn=0 [on:0 tx:0 rx:0 period:3003] from screen [on:0 period:1883744567] gl hn u24 rssi=-30 ag=0 hr ls-=0 [56,56,56,56,61] brc=0 lrc=0
E/WifiStateMachine(  880):  L2ConnectedState !CMD_RSSI_POLL 169 0 "HOME-BD3F-2.4" 88:ad:43:07:86:48 rssi=-35 f=2437 sc=60 link=72 tx=0.8, 0.0, 0.0  rx=1.9 bcn=0 [on:0 tx:0 rx:0 period:1] from screen [on:0 period:1883744568] gl hn u24 rssi=-30 ag=0 hr ls-=0 [56,56,56,56,61] brc=0 lrc=0
D/WifiServerServiceExt(  880): getSupplicantStateCOMPLETED
D/WifiServerServiceExt(  880): getSupplicantStateCOMPLETED
I/Netd    (  339): M: Get netlink event, ifname: wlan0 action: 6
I/Netd    (  339): M: Get netlink event, ifname: wlan0 action: 6
I/Netd    (  339): M: Get netlink event, ifname: wlan0 action: 8
D/libc-netbsd(  880): [getaddrinfo]: hostname=xxxxx; servname=(null); cache_mode=(null), netid=0; mark=0
D/libc-netbsd(  880): [getaddrinfo]: ai_addrlen=0; ai_canonname=xxxxx; ai_flags=4; ai_family=0
D/libc-netbsd(  880): [getaddrinfo]: hostname=xxxxx; servname=(null); cache_mode=(null), netid=0; mark=0
D/libc-netbsd(  880): [getaddrinfo]: ai_addrlen=0; ai_canonname=xxxxx; ai_flags=4; ai_family=0
D/libc-netbsd(  880): [getaddrinfo]: hostname=xxxxx; servname=(null); cache_mode=(null), netid=0; mark=0
D/libc-netbsd(  880): [getaddrinfo]: ai_addrlen=0; ai_canonname=xxxxx; ai_flags=4; ai_family=0
D/libc-netbsd(  880): [getaddrinfo]: hostname=xxxxx; servname=(null); cache_mode=(null), netid=0; mark=0
D/libc-netbsd(  880): [getaddrinfo]: ai_addrlen=0; ai_canonname=xxxxx; ai_flags=4; ai_family=0
V/WifiServerServiceExt(  880): checkPollTimer Cnt= 0 rssi =-35 threshold=-100
I/ThermalEngine(  362): Sensor:xo_therm:41000 mC
E/WifiStateMachine(  880):  ConnectedState !CMD_RSSI_POLL 169 0 "HOME-BD3F-2.4" 88:ad:43:07:86:48 rssi=-35 f=2437 sc=60 link=72 tx=0.9, 0.0, 0.0  rx=1.9 bcn=0 [on:0 tx:0 rx:0 period:3005] from screen [on:0 period:1883747588] gl hn u24 rssi=-30 ag=0 hr ls-=0 [56,56,56,56,61] brc=0 lrc=0
E/WifiStateMachine(  880):  L2ConnectedState !CMD_RSSI_POLL 169 0 "HOME-BD3F-2.4" 88:ad:43:07:86:48 rssi=-35 f=2437 sc=60 link=72 tx=0.9, 0.0, 0.0  rx=1.9 bcn=0 [on:0 tx:0 rx:0 period:2] from screen [on:0 period:1883747590] gl hn u24 rssi=-30 ag=0 hr ls-=0 [56,56,56,56,61] brc=0 lrc=0
D/WifiServerServiceExt(  880): getSupplicantStateCOMPLETED
D/WifiServerServiceExt(  880): getSupplicantStateCOMPLETED
W/ActivityManager(  880): Unable to start service Intent { act=com.lge.ime.intent.ANDROID_CONTACT_DB_UPDATED pkg=com.lge.ime } U=0: not found
I/Netd    (  339): M: Get netlink event, ifname: wlan0 action: 6
I/Netd    (  339): M: Get netlink event, ifname: wlan0 action: 6
I/Netd    (  339): M: Get netlink event, ifname: wlan0 action: 8
D/libc-netbsd(  880): [getaddrinfo]: hostname=xxxxx; servname=(null); cache_mode=(null), netid=0; mark=0
D/libc-netbsd(  880): [getaddrinfo]: ai_addrlen=0; ai_canonname=xxxxx; ai_flags=4; ai_family=0
D/libc-netbsd(  880): [getaddrinfo]: hostname=xxxxx; servname=(null); cache_mode=(null), netid=0; mark=0
D/libc-netbsd(  880): [getaddrinfo]: ai_addrlen=0; ai_canonname=xxxxx; ai_flags=4; ai_family=0
D/libc-netbsd(  880): [getaddrinfo]: hostname=xxxxx; servname=(null); cache_mode=(null), netid=0; mark=0
D/libc-netbsd(  880): [getaddrinfo]: ai_addrlen=0; ai_canonname=xxxxx; ai_flags=4; ai_family=0
D/libc-netbsd(  880): [getaddrinfo]: hostname=xxxxx; servname=(null); cache_mode=(null), netid=0; mark=0
D/libc-netbsd(  880): [getaddrinfo]: ai_addrlen=0; ai_canonname=xxxxx; ai_flags=4; ai_family=0
D/WifiServerServiceExt(  880): getSupplicantStateCOMPLETED
D/WifiServerServiceExt(  880): getSupplicantStateCOMPLETED
V/WifiServerServiceExt(  880): checkPollTimer Cnt= 0 rssi =-35 threshold=-100
D/PowerManagerServiceEx(  880): acquireWakeLockInternal: lock=579677392, flags=0x40000001, tag="*alarm*", ws=WorkSource{1000}, historyTag=*alarm*:android.intent.action.TIME_TICK, uid=1000, pid=880
I/WeatherService(18315): TimeTick Intent has been received, Time(hour:min:sec) 22:15:0
I/WeatherService(18315): TimeTick Intent And Screen On
I/WeatherService(18315): shouldTimeTickRegistered - 4x2 : 1, FphWidget : 0
I/WeatherService(18315): shouldTimeTickRegistered : true - home screen widget is shown.
D/WeatherService(18315): refresh LGHome first
I/WeatherAncestor(18315): buildUpdate, appWidgetId: 2
I/[SystemUI]TimeTickManager( 4549): setTimeTickHandler, called onTimeChanged() nextTick: 59994
I/KeyguardUpdateMonitor( 4549): called onTimeUpdated()
I/[SystemUI]Clock( 4549): called onTimeUpdated()
I/LgeClockWidgetControlView( 4549): called onTimeUpdated()
I/[SystemUI]DateView( 4549): called onTimeUpdated()
D/WeatherDataCache(18315): changedTiem in DB = 1479348543375, in Cache : 1479348543375
I/WeatherDataCache(18315): return 0 / 1
I/WidgetViewCreator(18315): appWidgetId = 2, cityIndex = 0
D/CityData.Time(18315): Squirrel Hill South's time :: 2016/11/16::22:15(GMT-05:00)
I/[SystemUI]DateView( 4549): called onTimeUpdated()
D/WidgetViewCreator_Large(18315): date in large widget : Wed Nov 16 22:15:00 EST 2016
D/KeyguardUpdateMonitor( 4549): handleTimeUpdate
D/CityData.Time(18315): Squirrel Hill South's time :: 2016/11/16::22:15(GMT-05:00)
D/CityData.Time(18315): Squirrel Hill South's time :: 2016/11/16::22:15(GMT-05:00)
D/CityData.Time(18315): Squirrel Hill South's time :: 2016/11/16::22:15(GMT-05:00)
D/CityData.Time(18315): Squirrel Hill South's time :: 2016/11/16::22:15(GMT-05:00)
E/WidgetViewCreator(18315): setBgColorForSmartBulletin called
D/CityData.Time(18315): Squirrel Hill South's time :: 2016/11/16::22:15(GMT-05:00)
I/WidgetViewCreator_Large(18315): 0. Squirrel Hill South's widget view is on creating : 2
I/WeatherService(18315): TimeTick Intent has been processed, Time(hour:min:sec) 22:15:0
D/PowerManagerServiceEx(  880): releaseWakeLockInternal: lock=579677392 [*alarm*], flags=0x0
D/PowerManagerServiceEx(  880): updateWakeLockSummaryLocked: checkScreenWakelockList : mWakefulness=Awake, mWakeLockSummary=0x0
E/WifiStateMachine(  880):  ConnectedState !CMD_RSSI_POLL 169 0 "HOME-BD3F-2.4" 88:ad:43:07:86:48 rssi=-35 f=2437 sc=60 link=72 tx=1.9, 0.0, 0.0  rx=2.5 bcn=0 [on:0 tx:0 rx:0 period:3003] from screen [on:0 period:1883750598] gl hn u24 rssi=-30 ag=0 hr ls-=0 [56,56,56,56,61] brc=0 lrc=0
E/WifiStateMachine(  880):  L2ConnectedState !CMD_RSSI_POLL 169 0 "HOME-BD3F-2.4" 88:ad:43:07:86:48 rssi=-35 f=2437 sc=60 link=72 tx=1.9, 0.0, 0.0  rx=2.5 bcn=0 [on:0 tx:0 rx:0 period:1] from screen [on:0 period:1883750599] gl hn u24 rssi=-30 ag=0 hr ls-=0 [56,56,56,56,61] brc=0 lrc=0
D/WifiServerServiceExt(  880): getSupplicantStateCOMPLETED
D/WifiServerServiceExt(  880): getSupplicantStateCOMPLETED
I/ThermalEngine(  362): Sensor:xo_therm:41000 mC
I/Netd    (  339): M: Get netlink event, ifname: wlan0 action: 6
I/Netd    (  339): M: Get netlink event, ifname: wlan0 action: 6
I/Netd    (  339): M: Get netlink event, ifname: wlan0 action: 8
D/libc-netbsd(  880): [getaddrinfo]: hostname=xxxxx; servname=(null); cache_mode=(null), netid=0; mark=0
D/libc-netbsd(  880): [getaddrinfo]: ai_addrlen=0; ai_canonname=xxxxx; ai_flags=4; ai_family=0
D/libc-netbsd(  880): [getaddrinfo]: hostname=xxxxx; servname=(null); cache_mode=(null), netid=0; mark=0
D/libc-netbsd(  880): [getaddrinfo]: ai_addrlen=0; ai_canonname=xxxxx; ai_flags=4; ai_family=0
D/libc-netbsd(  880): [getaddrinfo]: hostname=xxxxx; servname=(null); cache_mode=(null), netid=0; mark=0
D/libc-netbsd(  880): [getaddrinfo]: ai_addrlen=0; ai_canonname=xxxxx; ai_flags=4; ai_family=0
D/libc-netbsd(  880): [getaddrinfo]: hostname=xxxxx; servname=(null); cache_mode=(null), netid=0; mark=0
D/libc-netbsd(  880): [getaddrinfo]: ai_addrlen=0; ai_canonname=xxxxx; ai_flags=4; ai_family=0
V/WifiServerServiceExt(  880): checkPollTimer Cnt= 0 rssi =-34 threshold=-100
E/WifiStateMachine(  880):  ConnectedState !CMD_RSSI_POLL 169 0 "HOME-BD3F-2.4" 88:ad:43:07:86:48 rssi=-34 f=2437 sc=60 link=72 tx=1.5, 0.0, 0.0  rx=2.2 bcn=0 [on:0 tx:0 rx:0 period:3004] from screen [on:0 period:1883753610] gl hn u24 rssi=-29 ag=0 hr ls-=0 [56,56,56,56,61] brc=0 lrc=0
E/WifiStateMachine(  880):  L2ConnectedState !CMD_RSSI_POLL 169 0 "HOME-BD3F-2.4" 88:ad:43:07:86:48 rssi=-34 f=2437 sc=60 link=72 tx=1.5, 0.0, 0.0  rx=2.2 bcn=0 [on:0 tx:0 rx:0 period:1] from screen [on:0 period:1883753611] gl hn u24 rssi=-29 ag=0 hr ls-=0 [56,56,56,56,61] brc=0 lrc=0
D/WifiServerServiceExt(  880): getSupplicantStateCOMPLETED
D/WifiServerServiceExt(  880): getSupplicantStateCOMPLETED
I/Netd    (  339): M: Get netlink event, ifname: wlan0 action: 6
I/Netd    (  339): M: Get netlink event, ifname: wlan0 action: 6
I/Netd    (  339): M: Get netlink event, ifname: wlan0 action: 8
D/libc-netbsd(  880): [getaddrinfo]: hostname=xxxxx; servname=(null); cache_mode=(null), netid=0; mark=0
D/libc-netbsd(  880): [getaddrinfo]: ai_addrlen=0; ai_canonname=xxxxx; ai_flags=4; ai_family=0
D/libc-netbsd(  880): [getaddrinfo]: hostname=xxxxx; servname=(null); cache_mode=(null), netid=0; mark=0
D/libc-netbsd(  880): [getaddrinfo]: ai_addrlen=0; ai_canonname=xxxxx; ai_flags=4; ai_family=0
D/libc-netbsd(  880): [getaddrinfo]: hostname=xxxxx; servname=(null); cache_mode=(null), netid=0; mark=0
D/libc-netbsd(  880): [getaddrinfo]: ai_addrlen=0; ai_canonname=xxxxx; ai_flags=4; ai_family=0
D/libc-netbsd(  880): [getaddrinfo]: hostname=xxxxx; servname=(null); cache_mode=(null), netid=0; mark=0
D/libc-netbsd(  880): [getaddrinfo]: ai_addrlen=0; ai_canonname=xxxxx; ai_flags=4; ai_family=0
D/WifiServerServiceExt(  880): getSupplicantStateCOMPLETED
D/WifiServerServiceExt(  880): getSupplicantStateCOMPLETED
V/WifiServerServiceExt(  880): checkPollTimer Cnt= 0 rssi =-34 threshold=-100
E/WifiStateMachine(  880):  ConnectedState !CMD_RSSI_POLL 169 0 "HOME-BD3F-2.4" 88:ad:43:07:86:48 rssi=-34 f=2437 sc=60 link=72 tx=1.2, 0.0, 0.0  rx=3.6 bcn=0 [on:0 tx:0 rx:0 period:3004] from screen [on:0 period:1883756632] gl hn u24 rssi=-29 ag=0 hr ls-=0 [56,56,56,56,61] brc=0 lrc=0
E/WifiStateMachine(  880):  L2ConnectedState !CMD_RSSI_POLL 169 0 "HOME-BD3F-2.4" 88:ad:43:07:86:48 rssi=-34 f=2437 sc=60 link=72 tx=1.2, 0.0, 0.0  rx=3.6 bcn=0 [on:0 tx:0 rx:0 period:1] from screen [on:0 period:1883756633] gl hn u24 rssi=-29 ag=0 hr ls-=0 [56,56,56,56,61] brc=0 lrc=0
I/ThermalEngine(  362): Sensor:xo_therm:41000 mC
D/PowerManagerServiceEx(  880): updateWakeLockSummaryLocked: checkScreenWakelockList : mWakefulness=Awake, mWakeLockSummary=0x0
D/PowerManagerServiceEx(  880): updateUserActivitySummaryLocked: mWakefulness=Awake, mUserActivitySummary=0x2, nextTimeout=71147432 (327659 ms ago)
W/DisplayPowerControllerEx(  880): setScreenState : state = 2, isStateChanged = false, returnVal = true
D/PowerManagerServiceEx(  880): updateWakeLockSummaryLocked: checkScreenWakelockList : mWakefulness=Awake, mWakeLockSummary=0x0
D/WifiServerServiceExt(  880): getSupplicantStateCOMPLETED
D/WifiServerServiceExt(  880): getSupplicantStateCOMPLETED
I/Netd    (  339): M: Get netlink event, ifname: wlan0 action: 6
I/Netd    (  339): M: Get netlink event, ifname: wlan0 action: 6
I/Netd    (  339): M: Get netlink event, ifname: wlan0 action: 8
D/libc-netbsd(  880): [getaddrinfo]: hostname=xxxxx; servname=(null); cache_mode=(null), netid=0; mark=0
D/libc-netbsd(  880): [getaddrinfo]: ai_addrlen=0; ai_canonname=xxxxx; ai_flags=4; ai_family=0
D/libc-netbsd(  880): [getaddrinfo]: hostname=xxxxx; servname=(null); cache_mode=(null), netid=0; mark=0
D/libc-netbsd(  880): [getaddrinfo]: ai_addrlen=0; ai_canonname=xxxxx; ai_flags=4; ai_family=0
D/libc-netbsd(  880): [getaddrinfo]: hostname=xxxxx; servname=(null); cache_mode=(null), netid=0; mark=0
D/libc-netbsd(  880): [getaddrinfo]: ai_addrlen=0; ai_canonname=xxxxx; ai_flags=4; ai_family=0
D/libc-netbsd(  880): [getaddrinfo]: hostname=xxxxx; servname=(null); cache_mode=(null), netid=0; mark=0
D/libc-netbsd(  880): [getaddrinfo]: ai_addrlen=0; ai_canonname=xxxxx; ai_flags=4; ai_family=0
D/InputDispatcher(  880): notifyMotion - action=ACTION_DOWN(0), id=0, tooltype=1, deviceId=6, source=0x1002, policyFlags=0x0, flags=0x0, metaState=0x0, buttonState=0x0, edgeFlags=0x0, eventTime=71476251829000, downTime=71476251829000, 
D/InputTransport(  880): channel '36e77d54 NavigationBar (server)' : action=ACTION_DOWN(0), id=0, tooltype=1, deviceId=6, source=0x1002, flags=0x0, edgeFlags=0x0, metaState=0x0, buttonState=0x0, downTime=71476251829000, eventTime=71476251829000, pointerCount=1
D/PowerManagerServiceEx(  880): updateWakeLockSummaryLocked: checkScreenWakelockList : mWakefulness=Awake, mWakeLockSummary=0x0
I/ViewRootImpl( 4549): ViewRoot's Touch Event : ACTION_DOWN
D/PowerManagerServiceEx(  880): updateUserActivitySummaryLocked: mWakefulness=Awake, mUserActivitySummary=0x1, nextTimeout=71147432 (328822 ms ago)
W/DisplayPowerControllerEx(  880): setScreenState : state = 2, isStateChanged = false, returnVal = true
D/PowerManagerServiceEx(  880): updateWakeLockSummaryLocked: checkScreenWakelockList : mWakefulness=Awake, mWakeLockSummary=0x0
D/InputDispatcher(  880): notifyMotion - action=ACTION_UP(0), id=0, tooltype=1, deviceId=6, source=0x1002, policyFlags=0x0, flags=0x0, metaState=0x0, buttonState=0x0, edgeFlags=0x0, eventTime=71476283711000, downTime=71476251829000, 
D/InputTransport(  880): channel '36e77d54 NavigationBar (server)' : action=ACTION_UP(0), id=0, tooltype=1, deviceId=6, source=0x1002, flags=0x0, edgeFlags=0x0, metaState=0x0, buttonState=0x0, downTime=71476251829000, eventTime=71476283711000, pointerCount=1
I/ViewRootImpl( 4549): ViewRoot's Touch Event : ACTION_UP
V/WifiServerServiceExt(  880): checkPollTimer Cnt= 0 rssi =-34 threshold=-100
E/WifiStateMachine(  880):  ConnectedState !CMD_RSSI_POLL 169 0 "HOME-BD3F-2.4" 88:ad:43:07:86:48 rssi=-34 f=2437 sc=60 link=72 tx=1.1, 0.0, 0.0  rx=2.3 bcn=0 [on:0 tx:0 rx:0 period:3005] from screen [on:0 period:1883759654] gl hn u24 rssi=-29 ag=0 hr ls-=0 [56,56,56,56,61] brc=0 lrc=0
E/WifiStateMachine(  880):  L2ConnectedState !CMD_RSSI_POLL 169 0 "HOME-BD3F-2.4" 88:ad:43:07:86:48 rssi=-34 f=2437 sc=60 link=72 tx=1.1, 0.0, 0.0  rx=2.3 bcn=0 [on:0 tx:0 rx:0 period:4] from screen [on:0 period:1883759658] gl hn u24 rssi=-29 ag=0 hr ls-=0 [56,56,56,56,61] brc=0 lrc=0
W/DisplayPowerControllerEx(  880): setScreenState : state = 2, isStateChanged = false, returnVal = true
W/DisplayPowerControllerEx(  880): setScreenState : state = 2, isStateChanged = false, returnVal = true
D/WifiServerServiceExt(  880): getSupplicantStateCOMPLETED
D/WifiServerServiceExt(  880): getSupplicantStateCOMPLETED
V/AlarmManager(  880): ELAPSED_WAKEUP set : Alarm{3964b7a9 tag *walarm*:android.content.syncmanager.SYNC_ALARM type 2 when 108197483 android} when 108197483
D/PowerManagerServiceEx(  880): updateWakeLockSummaryLocked: checkScreenWakelockList : mWakefulness=Awake, mWakeLockSummary=0x0
I/Netd    (  339): M: Get netlink event, ifname: wlan0 action: 6
I/Netd    (  339): M: Get netlink event, ifname: wlan0 action: 6
I/Netd    (  339): M: Get netlink event, ifname: wlan0 action: 8
D/libc-netbsd(  880): [getaddrinfo]: hostname=xxxxx; servname=(null); cache_mode=(null), netid=0; mark=0
D/libc-netbsd(  880): [getaddrinfo]: ai_addrlen=0; ai_canonname=xxxxx; ai_flags=4; ai_family=0
D/libc-netbsd(  880): [getaddrinfo]: hostname=xxxxx; servname=(null); cache_mode=(null), netid=0; mark=0
D/libc-netbsd(  880): [getaddrinfo]: ai_addrlen=0; ai_canonname=xxxxx; ai_flags=4; ai_family=0
D/libc-netbsd(  880): [getaddrinfo]: hostname=xxxxx; servname=(null); cache_mode=(null), netid=0; mark=0
D/libc-netbsd(  880): [getaddrinfo]: ai_addrlen=0; ai_canonname=xxxxx; ai_flags=4; ai_family=0
D/libc-netbsd(  880): [getaddrinfo]: hostname=xxxxx; servname=(null); cache_mode=(null), netid=0; mark=0
D/libc-netbsd(  880): [getaddrinfo]: ai_addrlen=0; ai_canonname=xxxxx; ai_flags=4; ai_family=0
D/WifiServerServiceExt(  880): getSupplicantStateCOMPLETED
D/WifiServerServiceExt(  880): getSupplicantStateCOMPLETED
W/IcingInternalCorpora( 2491): getNumBytesRead when not calculated.
V/WifiServerServiceExt(  880): checkPollTimer Cnt= 0 rssi =-35 threshold=-100
I/ThermalEngine(  362): Sensor:xo_therm:41000 mC
E/WifiStateMachine(  880):  ConnectedState !CMD_RSSI_POLL 169 0 "HOME-BD3F-2.4" 88:ad:43:07:86:48 rssi=-35 f=2437 sc=60 link=72 tx=8.1, 0.0, 0.0  rx=5.2 bcn=0 [on:0 tx:0 rx:0 period:3003] from screen [on:0 period:1883762667] gl hn u24 rssi=-30 ag=0 hr ticks 0,0,0 ls-=0 [56,56,60,60,65] brc=0 lrc=0
E/WifiStateMachine(  880):  L2ConnectedState !CMD_RSSI_POLL 169 0 "HOME-BD3F-2.4" 88:ad:43:07:86:48 rssi=-35 f=2437 sc=60 link=72 tx=8.1, 0.0, 0.0  rx=5.2 bcn=0 [on:0 tx:0 rx:0 period:2] from screen [on:0 period:1883762669] gl hn u24 rssi=-30 ag=0 hr ticks 0,0,0 ls-=0 [56,56,60,60,65] brc=0 lrc=0
D/WifiServerServiceExt(  880): getSupplicantStateCOMPLETED
D/WifiServerServiceExt(  880): getSupplicantStateCOMPLETED
D/VM_BMS  (  444): wake_lock acquired
D/VM_BMS  (  444): New BMS data - Size=56
D/VM_BMS  (  444): Start process_bms_data
D/VM_BMS  (  444): For batt_temp=335 fcc_mah=2011
D/VM_BMS  (  444): For ocv=3760568 batt_temp=335 soc=29
D/VM_BMS  (  444): fifo_count=5 acc_count=0
D/VM_BMS  (  444): INIT: ocv=3760568 last_ocv=3760568 batt_temp=335 soc=29
D/VM_BMS  (  444): For soc=29 batt_temp=335 slope=3200
D/VM_BMS  (  444): For soc=29 batt_temp=335 rbatt_sf=102
D/VM_BMS  (  444): rbatt_mohm_default=180, rbatt_mohm=183, sf=102 batt_temp=335
D/VM_BMS  (  444): For ocv=3760679 batt_temp=335 soc=29
D/VM_BMS  (  444): FIFO=0 fifo_avg=3.826179 rbatt=0.233000 slope=0.320000 ibatt=-0.281354 ocv=3.760679 soc=29 fcc_ah=2.011000 sample_count=128 sample_interval=70 seq_num=8897
D/VM_BMS  (  444): For soc=29 batt_temp=335 slope=3200
D/VM_BMS  (  444): For soc=29 batt_temp=335 rbatt_sf=102
D/VM_BMS  (  444): rbatt_mohm_default=180, rbatt_mohm=183, sf=102 batt_temp=335
D/VM_BMS  (  444): For ocv=3760779 batt_temp=335 soc=29
D/VM_BMS  (  444): FIFO=1 fifo_avg=3.819684 rbatt=0.233000 slope=0.320000 ibatt=-0.253025 ocv=3.760779 soc=29 fcc_ah=2.011000 sample_count=128 sample_interval=70 seq_num=8897
D/VM_BMS  (  444): For soc=29 batt_temp=335 slope=3200
D/VM_BMS  (  444): For soc=29 batt_temp=335 rbatt_sf=102
D/VM_BMS  (  444): rbatt_mohm_default=180, rbatt_mohm=183, sf=102 batt_temp=335
D/VM_BMS  (  444): For ocv=3760887 batt_temp=335 soc=29
D/VM_BMS  (  444): FIFO=2 fifo_avg=3.824703 rbatt=0.233000 slope=0.320000 ibatt=-0.274119 ocv=3.760887 soc=29 fcc_ah=2.011000 sample_count=128 sample_interval=70 seq_num=8897
D/VM_BMS  (  444): For soc=29 batt_temp=335 slope=3200
D/VM_BMS  (  444): For soc=29 batt_temp=335 rbatt_sf=102
D/VM_BMS  (  444): rbatt_mohm_default=180, rbatt_mohm=183, sf=102 batt_temp=335
D/VM_BMS  (  444): For ocv=3760997 batt_temp=335 soc=29
D/VM_BMS  (  444): FIFO=3 fifo_avg=3.826179 rbatt=0.233000 slope=0.320000 ibatt=-0.279986 ocv=3.760998 soc=29 fcc_ah=2.011000 sample_count=128 sample_interval=70 seq_num=8897
D/VM_BMS  (  444): For soc=29 batt_temp=335 slope=3200
D/VM_BMS  (  444): For soc=29 batt_temp=335 rbatt_sf=102
D/VM_BMS  (  444): rbatt_mohm_default=180, rbatt_mohm=183, sf=102 batt_temp=335
D/VM_BMS  (  444): For ocv=3761113 batt_temp=335 soc=29
D/VM_BMS  (  444): FIFO=4 fifo_avg=3.829425 rbatt=0.233000 slope=0.320000 ibatt=-0.293433 ocv=3.761113 soc=29 fcc_ah=2.011000 sample_count=128 sample_interval=70 seq_num=8897
I/VM_BMS  (  444): power_supply_update: ocv_uv=3761113 ibatt=-293433 soc=29 seq_num=8897
D/VM_BMS  (  444): End process_bms_data
D/VM_BMS  (  444): wake_lock released
I/Netd    (  339): M: Get netlink event, ifname: wlan0 action: 6
I/Netd    (  339): M: Get netlink event, ifname: wlan0 action: 6
I/Netd    (  339): M: Get netlink event, ifname: wlan0 action: 8
D/libc-netbsd(  880): [getaddrinfo]: hostname=xxxxx; servname=(null); cache_mode=(null), netid=0; mark=0
D/libc-netbsd(  880): [getaddrinfo]: ai_addrlen=0; ai_canonname=xxxxx; ai_flags=4; ai_family=0
D/libc-netbsd(  880): [getaddrinfo]: hostname=xxxxx; servname=(null); cache_mode=(null), netid=0; mark=0
D/libc-netbsd(  880): [getaddrinfo]: ai_addrlen=0; ai_canonname=xxxxx; ai_flags=4; ai_family=0
D/libc-netbsd(  880): [getaddrinfo]: hostname=xxxxx; servname=(null); cache_mode=(null), netid=0; mark=0
D/libc-netbsd(  880): [getaddrinfo]: ai_addrlen=0; ai_canonname=xxxxx; ai_flags=4; ai_family=0
D/libc-netbsd(  880): [getaddrinfo]: hostname=xxxxx; servname=(null); cache_mode=(null), netid=0; mark=0
D/libc-netbsd(  880): [getaddrinfo]: ai_addrlen=0; ai_canonname=xxxxx; ai_flags=4; ai_family=0
V/WifiServerServiceExt(  880): checkPollTimer Cnt= 0 rssi =-33 threshold=-100
E/WifiStateMachine(  880):  ConnectedState !CMD_RSSI_POLL 169 0 "HOME-BD3F-2.4" 88:ad:43:07:86:48 rssi=-33 f=2437 sc=60 link=72 tx=4.5, 0.0, 0.0  rx=3.1 bcn=0 [on:0 tx:0 rx:0 period:3002] from screen [on:0 period:1883765676] gl hn u24 rssi=-28 ag=0 hr ls-=0 [56,56,56,56,61] brc=0 lrc=0
E/WifiStateMachine(  880):  L2ConnectedState !CMD_RSSI_POLL 169 0 "HOME-BD3F-2.4" 88:ad:43:07:86:48 rssi=-33 f=2437 sc=60 link=72 tx=4.5, 0.0, 0.0  rx=3.1 bcn=0 [on:0 tx:0 rx:0 period:1] from screen [on:0 period:1883765677] gl hn u24 rssi=-28 ag=0 hr ls-=0 [56,56,56,56,61] brc=0 lrc=0
D/WifiServerServiceExt(  880): getSupplicantStateCOMPLETED
D/WifiServerServiceExt(  880): getSupplicantStateCOMPLETED
D/WifiServerServiceExt(  880): isYouTubeLocationScan called  by (com.google.uid.shared:10005)
E/WifiStateMachine(  880):  ConnectedState !CMD_START_SCAN 10005 1136 ic=0 proc(ms):1 full dur:794 cnt=212 rssi=-35 f=2437 sc=60 link=72 tx=2.3, 0.0, 0.0  rx=3.0 fiv=120000 [on:0 tx:0 rx:0 period:1092] from screen [on:0 period:1883766784]
V/AlarmManager(  880): ELAPSED_WAKEUP set : Alarm{2fbc2eeb tag *walarm*:com.google.android.location.ALARM_WAKEUP_LOCATOR type 2 when 108203198 com.google.android.gms} when 108203198
D/WifiServiceImplEx(  880): acquireWifiLock pid=5989, uid=10005, packageName=com.google.uid.shared:10005, tag=NlpWifiLock
D/WifiServiceImplEx(  880): startScan pid=5989, uid=10005, packageName=com.google.uid.shared:10005
E/WifiStateMachine(  880):  L2ConnectedState !CMD_START_SCAN 10005 1136 ic=0 proc(ms):3 full dur:794 cnt=212 rssi=-35 f=2437 sc=60 link=72 tx=2.3, 0.0, 0.0  rx=3.0 fiv=120000 [on:0 tx:0 rx:0 period:3] from screen [on:0 period:1883766787]
I/wpa_supplicant( 5475): wlan0: CTRL-EVENT-SCAN-STARTED 
I/WifiHAL (  880): Poll result = 1
I/WifiHAL (  880): Found some events!!!
D/WifiHAL (  880): no_seq_check received
I/WifiHAL (  880): event received NL80211_CMD_TRIGGER_SCAN
I/WifiHAL (  880): event received NL80211_CMD_TRIGGER_SCAN, vendor_id = 0x0
I/WifiHAL (  880): event ignored!!
I/WifiServerServiceExt(  880): handleLgeEvent event : 9, data : CTRL-EVENT-SCAN-STARTED 
D/PhoneApp( 5117): getPhone phoneId:0
D/PhoneApp( 5117): getPhone phoneId:0
D/PhoneApp( 5117): getPhone phoneId:0
D/PhoneInterfaceManager( 5117): [PhoneIntfMgr] handleMessage : 2
D/PhoneApp( 5117): getPhone phoneId:0
D/PhoneInterfaceManager( 5117): [PhoneIntfMgr] handleMessage : 3
D/PhoneApp( 5117): getPhone phoneId:0
D/PhoneApp( 5117): getPhone phoneId:0
D/PhoneApp( 5117): getPhone phoneId:0
I/ThermalEngine(  362): Sensor:xo_therm:40000 mC
I/WifiHAL (  880): Poll result = 1
I/WifiHAL (  880): Found some events!!!
D/WifiHAL (  880): no_seq_check received
I/WifiHAL (  880): event received NL80211_CMD_NEW_SCAN_RESULTS
I/WifiHAL (  880): event received NL80211_CMD_NEW_SCAN_RESULTS, vendor_id = 0x0
I/WifiHAL (  880): event ignored!!
I/WifiServerServiceExt(  880): handleLgeEvent event : 100, data : CTRL-EVENT-SCAN-RESULTS 
E/WifiStateMachine(  880):  ConnectedState !SCAN_RESULTS_EVENT 0 0 found=9 known=3 got=9 bcn=0 con=1
E/WifiStateMachine(  880):  L2ConnectedState !SCAN_RESULTS_EVENT 0 0 found=9 known=3 got=9 bcn=0 con=1
E/WifiStateMachine(  880):  ConnectModeState !SCAN_RESULTS_EVENT 0 0 found=9 known=3 got=9 bcn=0 con=1
E/WifiStateMachine(  880):  DriverStartedState !SCAN_RESULTS_EVENT 0 0 found=9 known=3 got=9 bcn=0 con=1
D/WifiServerServiceExt(  880): { when=-4ms what=147461 target=com.android.internal.util.StateMachine$SmHandler }
E/WifiStateMachine(  880):  SupplicantStartedState !SCAN_RESULTS_EVENT 0 0 found=9 known=3 got=9 bcn=0 con=1
D/LocSvc_java(  880): onReceive
D/LocationManagerService(  880): incoming location: network
D/LocationManagerService(  880): incoming location: network
D/WifiServiceImplEx(  880): releaseWifiLock pid=5989, uid=10005, packageName=com.google.uid.shared:10005
E/WifiStateMachine(  880):  ConnectedState !CMD_GET_CONFIGURED_NETWORKS uid=10005 10005 0 num=6
E/WifiStateMachine(  880):  L2ConnectedState !CMD_GET_CONFIGURED_NETWORKS uid=10005 10005 0 num=6
E/WifiStateMachine(  880):  ConnectModeState !CMD_GET_CONFIGURED_NETWORKS uid=10005 10005 0 num=6
I/GCoreUlr( 5989): Successfully inserted 1 locations
W/ctxmgr  ( 5989): [ContextSpecificAclFactory]LocationConsent failed, ULR opt-in status is: false, account#-1501921512#
W/ctxmgr  ( 5989): [AclManager]No 2 for (accnt=account#-1501921512#, com.google.android.gms(10005):UserLocationProducer, vrsn=10084000, 0, 3pPkg = null ,  3pMdlId = null). Was: 2 for 1, account#-1501921512#
W/ctxmgr  ( 5989): [ContextSpecificAclFactory]LocationConsent failed, ULR opt-in status is: false, account#-1498741409#
W/ctxmgr  ( 5989): [AclManager]No 2 for (accnt=account#-1498741409#, com.google.android.gms(10005):UserLocationProducer, vrsn=10084000, 0, 3pPkg = null ,  3pMdlId = null). Was: 2 for 1, account#-1498741409#
D/PowerManagerServiceEx(  880): updateWakeLockSummaryLocked: checkScreenWakelockList : mWakefulness=Awake, mWakeLockSummary=0x0
D/PowerManagerServiceEx(  880): updateWakeLockSummaryLocked: checkScreenWakelockList : mWakefulness=Awake, mWakeLockSummary=0x0
D/WifiServerServiceExt(  880): getSupplicantStateCOMPLETED
D/WifiServerServiceExt(  880): getSupplicantStateCOMPLETED
V/WifiServerServiceExt(  880): checkPollTimer Cnt= 0 rssi =-35 threshold=-100
E/WifiStateMachine(  880):  ConnectedState !CMD_RSSI_POLL 169 0 "HOME-BD3F-2.4" 88:ad:43:07:86:48 rssi=-35 f=2437 sc=60 link=72 tx=0.8, 0.0, 0.0  rx=0.8 bcn=0 [on:0 tx:0 rx:0 period:1896] from screen [on:0 period:1883768694] gl hn u24 rssi=-30 ag=0 hr ls-=0 [56,56,56,56,61] brc=0 lrc=0
E/WifiStateMachine(  880):  L2ConnectedState !CMD_RSSI_POLL 169 0 "HOME-BD3F-2.4" 88:ad:43:07:86:48 rssi=-35 f=2437 sc=60 link=72 tx=0.8, 0.0, 0.0  rx=0.8 bcn=0 [on:0 tx:0 rx:0 period:1] from screen [on:0 period:1883768695] gl hn u24 rssi=-30 ag=0 hr ls-=0 [56,56,56,56,61] brc=0 lrc=0
D/WifiServerServiceExt(  880): getSupplicantStateCOMPLETED
D/WifiServerServiceExt(  880): getSupplicantStateCOMPLETED
I/Netd    (  339): M: Get netlink event, ifname: wlan0 action: 6
I/Netd    (  339): M: Get netlink event, ifname: wlan0 action: 6
I/Netd    (  339): M: Get netlink event, ifname: wlan0 action: 8
D/libc-netbsd(  880): [getaddrinfo]: hostname=xxxxx; servname=(null); cache_mode=(null), netid=0; mark=0
D/libc-netbsd(  880): [getaddrinfo]: ai_addrlen=0; ai_canonname=xxxxx; ai_flags=4; ai_family=0
D/libc-netbsd(  880): [getaddrinfo]: hostname=xxxxx; servname=(null); cache_mode=(null), netid=0; mark=0
D/libc-netbsd(  880): [getaddrinfo]: ai_addrlen=0; ai_canonname=xxxxx; ai_flags=4; ai_family=0
D/libc-netbsd(  880): [getaddrinfo]: hostname=xxxxx; servname=(null); cache_mode=(null), netid=0; mark=0
D/libc-netbsd(  880): [getaddrinfo]: ai_addrlen=0; ai_canonname=xxxxx; ai_flags=4; ai_family=0
D/libc-netbsd(  880): [getaddrinfo]: hostname=xxxxx; servname=(null); cache_mode=(null), netid=0; mark=0
D/libc-netbsd(  880): [getaddrinfo]: ai_addrlen=0; ai_canonname=xxxxx; ai_flags=4; ai_family=0
V/WifiServerServiceExt(  880): checkPollTimer Cnt= 0 rssi =-38 threshold=-100
E/WifiStateMachine(  880):  ConnectedState !CMD_RSSI_POLL 169 0 "HOME-BD3F-2.4" 88:ad:43:07:86:48 rssi=-38 f=2437 sc=60 link=72 tx=0.4, 0.0, 0.0  rx=0.4 bcn=0 [on:0 tx:0 rx:0 period:3003] from screen [on:0 period:1883771713] gl hn u24 rssi=-33 ag=0 hr ls-=0 [56,56,56,56,61] brc=0 lrc=0
E/WifiStateMachine(  880):  L2ConnectedState !CMD_RSSI_POLL 169 0 "HOME-BD3F-2.4" 88:ad:43:07:86:48 rssi=-38 f=2437 sc=60 link=72 tx=0.4, 0.0, 0.0  rx=0.4 bcn=0 [on:0 tx:0 rx:0 period:2] from screen [on:0 period:1883771715] gl hn u24 rssi=-33 ag=0 hr ls-=0 [56,56,56,56,61] brc=0 lrc=0
D/WifiServerServiceExt(  880): getSupplicantStateCOMPLETED
D/WifiServerServiceExt(  880): getSupplicantStateCOMPLETED
I/ThermalEngine(  362): Sensor:xo_therm:41000 mC
I/Netd    (  339): M: Get netlink event, ifname: wlan0 action: 6
I/Netd    (  339): M: Get netlink event, ifname: wlan0 action: 6
I/Netd    (  339): M: Get netlink event, ifname: wlan0 action: 8
D/libc-netbsd(  880): [getaddrinfo]: hostname=xxxxx; servname=(null); cache_mode=(null), netid=0; mark=0
D/libc-netbsd(  880): [getaddrinfo]: ai_addrlen=0; ai_canonname=xxxxx; ai_flags=4; ai_family=0
D/libc-netbsd(  880): [getaddrinfo]: hostname=xxxxx; servname=(null); cache_mode=(null), netid=0; mark=0
D/libc-netbsd(  880): [getaddrinfo]: ai_addrlen=0; ai_canonname=xxxxx; ai_flags=4; ai_family=0
D/libc-netbsd(  880): [getaddrinfo]: hostname=xxxxx; servname=(null); cache_mode=(null), netid=0; mark=0
D/libc-netbsd(  880): [getaddrinfo]: ai_addrlen=0; ai_canonname=xxxxx; ai_flags=4; ai_family=0
D/libc-netbsd(  880): [getaddrinfo]: hostname=xxxxx; servname=(null); cache_mode=(null), netid=0; mark=0
D/libc-netbsd(  880): [getaddrinfo]: ai_addrlen=0; ai_canonname=xxxxx; ai_flags=4; ai_family=0
W/ActivityManager(  880): getRunningAppProcesses: caller 10287 does not hold REAL_GET_TASKS; limiting output
W/ActivityManager(  880): getRunningAppProcesses: caller 10287 does not hold REAL_GET_TASKS; limiting output
D/WifiServerServiceExt(  880): getSupplicantStateCOMPLETED
D/WifiServerServiceExt(  880): getSupplicantStateCOMPLETED
V/WifiServerServiceExt(  880): checkPollTimer Cnt= 0 rssi =-34 threshold=-100
W/ActivityManager(  880): getRunningAppProcesses: caller 10287 does not hold REAL_GET_TASKS; limiting output
E/WifiStateMachine(  880):  ConnectedState !CMD_RSSI_POLL 169 0 "HOME-BD3F-2.4" 88:ad:43:07:86:48 rssi=-34 f=2437 sc=60 link=72 tx=0.2, 0.0, 0.0  rx=0.7 bcn=0 [on:0 tx:0 rx:0 period:3003] from screen [on:0 period:1883774733] gl hn u24 rssi=-29 ag=0 hr ls-=0 [56,56,56,56,61] brc=0 lrc=0
E/WifiStateMachine(  880):  L2ConnectedState !CMD_RSSI_POLL 169 0 "HOME-BD3F-2.4" 88:ad:43:07:86:48 rssi=-34 f=2437 sc=60 link=72 tx=0.2, 0.0, 0.0  rx=0.7 bcn=0 [on:0 tx:0 rx:0 period:1] from screen [on:0 period:1883774734] gl hn u24 rssi=-29 ag=0 hr ls-=0 [56,56,56,56,61] brc=0 lrc=0
W/ActivityManager(  880): getRunningAppProcesses: caller 10287 does not hold REAL_GET_TASKS; limiting output
W/ActivityManager(  880): getRunningAppProcesses: caller 10287 does not hold REAL_GET_TASKS; limiting output
W/ActivityManager(  880): getRunningAppProcesses: caller 10287 does not hold REAL_GET_TASKS; limiting output
D/WifiServerServiceExt(  880): getSupplicantStateCOMPLETED
D/WifiServerServiceExt(  880): getSupplicantStateCOMPLETED
W/ActivityManager(  880): getRunningAppProcesses: caller 10287 does not hold REAL_GET_TASKS; limiting output
W/ActivityManager(  880): getRunningAppProcesses: caller 10287 does not hold REAL_GET_TASKS; limiting output
I/Netd    (  339): M: Get netlink event, ifname: wlan0 action: 6
I/Netd    (  339): M: Get netlink event, ifname: wlan0 action: 6
I/Netd    (  339): M: Get netlink event, ifname: wlan0 action: 8
D/libc-netbsd(  880): [getaddrinfo]: hostname=xxxxx; servname=(null); cache_mode=(null), netid=0; mark=0
D/libc-netbsd(  880): [getaddrinfo]: ai_addrlen=0; ai_canonname=xxxxx; ai_flags=4; ai_family=0
D/libc-netbsd(  880): [getaddrinfo]: hostname=xxxxx; servname=(null); cache_mode=(null), netid=0; mark=0
D/libc-netbsd(  880): [getaddrinfo]: ai_addrlen=0; ai_canonname=xxxxx; ai_flags=4; ai_family=0
D/libc-netbsd(  880): [getaddrinfo]: hostname=xxxxx; servname=(null); cache_mode=(null), netid=0; mark=0
D/libc-netbsd(  880): [getaddrinfo]: ai_addrlen=0; ai_canonname=xxxxx; ai_flags=4; ai_family=0
D/libc-netbsd(  880): [getaddrinfo]: hostname=xxxxx; servname=(null); cache_mode=(null), netid=0; mark=0
D/libc-netbsd(  880): [getaddrinfo]: ai_addrlen=0; ai_canonname=xxxxx; ai_flags=4; ai_family=0
W/ActivityManager(  880): getRunningAppProcesses: caller 10287 does not hold REAL_GET_TASKS; limiting output
I/ThermalEngine(  362): Sensor:xo_therm:41000 mC
V/WifiServerServiceExt(  880): checkPollTimer Cnt= 0 rssi =-34 threshold=-100
W/ActivityManager(  880): getRunningAppProcesses: caller 10287 does not hold REAL_GET_TASKS; limiting output
E/WifiStateMachine(  880):  ConnectedState !CMD_RSSI_POLL 169 0 "HOME-BD3F-2.4" 88:ad:43:07:86:48 rssi=-34 f=2437 sc=60 link=72 tx=0.6, 0.0, 0.0  rx=0.8 bcn=0 [on:0 tx:0 rx:0 period:3003] from screen [on:0 period:1883777751] gl hn u24 rssi=-29 ag=0 hr ls-=0 [56,56,56,56,61] brc=0 lrc=0
E/WifiStateMachine(  880):  L2ConnectedState !CMD_RSSI_POLL 169 0 "HOME-BD3F-2.4" 88:ad:43:07:86:48 rssi=-34 f=2437 sc=60 link=72 tx=0.6, 0.0, 0.0  rx=0.8 bcn=0 [on:0 tx:0 rx:0 period:1] from screen [on:0 period:1883777752] gl hn u24 rssi=-29 ag=0 hr ls-=0 [56,56,56,56,61] brc=0 lrc=0
W/ActivityManager(  880): getRunningAppProcesses: caller 10287 does not hold REAL_GET_TASKS; limiting output
D/WifiServerServiceExt(  880): getSupplicantStateCOMPLETED
D/WifiServerServiceExt(  880): getSupplicantStateCOMPLETED
W/ActivityManager(  880): getRunningAppProcesses: caller 10287 does not hold REAL_GET_TASKS; limiting output
W/ActivityManager(  880): getRunningAppProcesses: caller 10287 does not hold REAL_GET_TASKS; limiting output
W/ActivityManager(  880): getRunningAppProcesses: caller 10287 does not hold REAL_GET_TASKS; limiting output
W/ActivityManager(  880): getRunningAppProcesses: caller 10287 does not hold REAL_GET_TASKS; limiting output
I/Netd    (  339): M: Get netlink event, ifname: wlan0 action: 6
I/Netd    (  339): M: Get netlink event, ifname: wlan0 action: 6
I/Netd    (  339): M: Get netlink event, ifname: wlan0 action: 8
D/libc-netbsd(  880): [getaddrinfo]: hostname=xxxxx; servname=(null); cache_mode=(null), netid=0; mark=0
D/libc-netbsd(  880): [getaddrinfo]: ai_addrlen=0; ai_canonname=xxxxx; ai_flags=4; ai_family=0
D/libc-netbsd(  880): [getaddrinfo]: hostname=xxxxx; servname=(null); cache_mode=(null), netid=0; mark=0
D/libc-netbsd(  880): [getaddrinfo]: ai_addrlen=0; ai_canonname=xxxxx; ai_flags=4; ai_family=0
D/libc-netbsd(  880): [getaddrinfo]: hostname=xxxxx; servname=(null); cache_mode=(null), netid=0; mark=0
D/libc-netbsd(  880): [getaddrinfo]: ai_addrlen=0; ai_canonname=xxxxx; ai_flags=4; ai_family=0
D/libc-netbsd(  880): [getaddrinfo]: hostname=xxxxx; servname=(null); cache_mode=(null), netid=0; mark=0
D/libc-netbsd(  880): [getaddrinfo]: ai_addrlen=0; ai_canonname=xxxxx; ai_flags=4; ai_family=0
W/ActivityManager(  880): getRunningAppProcesses: caller 10287 does not hold REAL_GET_TASKS; limiting output
D/WifiServerServiceExt(  880): getSupplicantStateCOMPLETED
D/WifiServerServiceExt(  880): getSupplicantStateCOMPLETED
V/WifiServerServiceExt(  880): checkPollTimer Cnt= 0 rssi =-34 threshold=-100
W/ActivityManager(  880): getRunningAppProcesses: caller 10287 does not hold REAL_GET_TASKS; limiting output
E/WifiStateMachine(  880):  ConnectedState !CMD_RSSI_POLL 169 0 "HOME-BD3F-2.4" 88:ad:43:07:86:48 rssi=-34 f=2437 sc=60 link=72 tx=1.3, 0.0, 0.0  rx=2.9 bcn=0 [on:0 tx:0 rx:0 period:3003] from screen [on:0 period:1883780760] gl hn u24 rssi=-29 ag=0 hr ls-=0 [56,56,56,56,61] brc=0 lrc=0
E/WifiStateMachine(  880):  L2ConnectedState !CMD_RSSI_POLL 169 0 "HOME-BD3F-2.4" 88:ad:43:07:86:48 rssi=-34 f=2437 sc=60 link=72 tx=1.3, 0.0, 0.0  rx=2.9 bcn=0 [on:0 tx:0 rx:0 period:1] from screen [on:0 period:1883780761] gl hn u24 rssi=-29 ag=0 hr ls-=0 [56,56,56,56,61] brc=0 lrc=0
W/ActivityManager(  880): getRunningAppProcesses: caller 10287 does not hold REAL_GET_TASKS; limiting output
W/ActivityManager(  880): getRunningAppProcesses: caller 10287 does not hold REAL_GET_TASKS; limiting output
W/Settings(13330): Setting android_id has moved from android.provider.Settings.System to android.provider.Settings.Secure, returning read-only value.
W/ActivityManager(  880): getRunningAppProcesses: caller 10287 does not hold REAL_GET_TASKS; limiting output
W/ActivityManager(  880): getRunningAppProcesses: caller 10287 does not hold REAL_GET_TASKS; limiting output
I/ThermalEngine(  362): Sensor:xo_therm:41000 mC
D/WifiServerServiceExt(  880): getSupplicantStateCOMPLETED
D/WifiServerServiceExt(  880): getSupplicantStateCOMPLETED
D/PowerManagerServiceEx(  880): updateWakeLockSummaryLocked: checkScreenWakelockList : mWakefulness=Awake, mWakeLockSummary=0x0
D/PowerManagerServiceEx(  880): updateUserActivitySummaryLocked: mWakefulness=Awake, mUserActivitySummary=0x2, nextTimeout=71147432 (352834 ms ago)
W/DisplayPowerControllerEx(  880): setScreenState : state = 2, isStateChanged = false, returnVal = true
D/PowerManagerServiceEx(  880): updateWakeLockSummaryLocked: checkScreenWakelockList : mWakefulness=Awake, mWakeLockSummary=0x0
W/ActivityManager(  880): getRunningAppProcesses: caller 10287 does not hold REAL_GET_TASKS; limiting output
I/Netd    (  339): M: Get netlink event, ifname: wlan0 action: 6
I/Netd    (  339): M: Get netlink event, ifname: wlan0 action: 6
I/Netd    (  339): M: Get netlink event, ifname: wlan0 action: 8
D/libc-netbsd(  880): [getaddrinfo]: hostname=xxxxx; servname=(null); cache_mode=(null), netid=0; mark=0
D/libc-netbsd(  880): [getaddrinfo]: ai_addrlen=0; ai_canonname=xxxxx; ai_flags=4; ai_family=0
D/libc-netbsd(  880): [getaddrinfo]: hostname=xxxxx; servname=(null); cache_mode=(null), netid=0; mark=0
D/libc-netbsd(  880): [getaddrinfo]: ai_addrlen=0; ai_canonname=xxxxx; ai_flags=4; ai_family=0
D/libc-netbsd(  880): [getaddrinfo]: hostname=xxxxx; servname=(null); cache_mode=(null), netid=0; mark=0
D/libc-netbsd(  880): [getaddrinfo]: ai_addrlen=0; ai_canonname=xxxxx; ai_flags=4; ai_family=0
D/libc-netbsd(  880): [getaddrinfo]: hostname=xxxxx; servname=(null); cache_mode=(null), netid=0; mark=0
D/libc-netbsd(  880): [getaddrinfo]: ai_addrlen=0; ai_canonname=xxxxx; ai_flags=4; ai_family=0
W/ActivityManager(  880): getRunningAppProcesses: caller 10287 does not hold REAL_GET_TASKS; limiting output
V/WifiServerServiceExt(  880): checkPollTimer Cnt= 0 rssi =-34 threshold=-100
W/ActivityManager(  880): getRunningAppProcesses: caller 10287 does not hold REAL_GET_TASKS; limiting output
D/InputDispatcher(  880): notifyMotion - action=ACTION_DOWN(0), id=0, tooltype=1, deviceId=6, source=0x1002, policyFlags=0x0, flags=0x0, metaState=0x0, buttonState=0x0, edgeFlags=0x0, eventTime=71501419883000, downTime=71501419883000, 
D/InputTransport(  880): channel '36e77d54 NavigationBar (server)' : action=ACTION_DOWN(0), id=0, tooltype=1, deviceId=6, source=0x1002, flags=0x0, edgeFlags=0x0, metaState=0x0, buttonState=0x0, downTime=71501419883000, eventTime=71501419883000, pointerCount=1
D/PowerManagerServiceEx(  880): updateWakeLockSummaryLocked: checkScreenWakelockList : mWakefulness=Awake, mWakeLockSummary=0x0
D/PowerManagerServiceEx(  880): updateUserActivitySummaryLocked: mWakefulness=Awake, mUserActivitySummary=0x1, nextTimeout=71147432 (353989 ms ago)
I/ViewRootImpl( 4549): ViewRoot's Touch Event : ACTION_DOWN
W/DisplayPowerControllerEx(  880): setScreenState : state = 2, isStateChanged = false, returnVal = true
D/PowerManagerServiceEx(  880): updateWakeLockSummaryLocked: checkScreenWakelockList : mWakefulness=Awake, mWakeLockSummary=0x0
E/WifiStateMachine(  880):  ConnectedState !CMD_RSSI_POLL 169 0 "HOME-BD3F-2.4" 88:ad:43:07:86:48 rssi=-34 f=2437 sc=60 link=72 tx=0.7, 0.0, 0.0  rx=2.0 bcn=0 [on:0 tx:0 rx:0 period:3004] from screen [on:0 period:1883783781] gl hn u24 rssi=-29 ag=0 hr ls-=0 [56,56,56,56,61] brc=0 lrc=0
E/WifiStateMachine(  880):  L2ConnectedState !CMD_RSSI_POLL 169 0 "HOME-BD3F-2.4" 88:ad:43:07:86:48 rssi=-34 f=2437 sc=60 link=72 tx=0.7, 0.0, 0.0  rx=2.0 bcn=0 [on:0 tx:0 rx:0 period:1] from screen [on:0 period:1883783782] gl hn u24 rssi=-29 ag=0 hr ls-=0 [56,56,56,56,61] brc=0 lrc=0
D/InputDispatcher(  880): notifyMotion - action=ACTION_UP(0), id=0, tooltype=1, deviceId=6, source=0x1002, policyFlags=0x0, flags=0x0, metaState=0x0, buttonState=0x0, edgeFlags=0x0, eventTime=71501518633000, downTime=71501419883000, 
D/InputTransport(  880): channel '36e77d54 NavigationBar (server)' : action=ACTION_UP(0), id=0, tooltype=1, deviceId=6, source=0x1002, flags=0x0, edgeFlags=0x0, metaState=0x0, buttonState=0x0, downTime=71501419883000, eventTime=71501518633000, pointerCount=1
I/ViewRootImpl( 4549): ViewRoot's Touch Event : ACTION_UP
W/ActivityManager(  880): getRunningAppProcesses: caller 10287 does not hold REAL_GET_TASKS; limiting output
D/WifiServerServiceExt(  880): getSupplicantStateCOMPLETED
D/WifiServerServiceExt(  880): getSupplicantStateCOMPLETED
W/ActivityManager(  880): getRunningAppProcesses: caller 10287 does not hold REAL_GET_TASKS; limiting output
W/ActivityManager(  880): getRunningAppProcesses: caller 10287 does not hold REAL_GET_TASKS; limiting output
W/DisplayPowerControllerEx(  880): setScreenState : state = 2, isStateChanged = false, returnVal = true
W/DisplayPowerControllerEx(  880): setScreenState : state = 2, isStateChanged = false, returnVal = true
W/ActivityManager(  880): getRunningAppProcesses: caller 10287 does not hold REAL_GET_TASKS; limiting output
W/ActivityManager(  880): getRunningAppProcesses: caller 10287 does not hold REAL_GET_TASKS; limiting output
I/Netd    (  339): M: Get netlink event, ifname: wlan0 action: 6
I/Netd    (  339): M: Get netlink event, ifname: wlan0 action: 6
I/Netd    (  339): M: Get netlink event, ifname: wlan0 action: 8
D/libc-netbsd(  880): [getaddrinfo]: hostname=xxxxx; servname=(null); cache_mode=(null), netid=0; mark=0
D/libc-netbsd(  880): [getaddrinfo]: ai_addrlen=0; ai_canonname=xxxxx; ai_flags=4; ai_family=0
D/libc-netbsd(  880): [getaddrinfo]: hostname=xxxxx; servname=(null); cache_mode=(null), netid=0; mark=0
D/libc-netbsd(  880): [getaddrinfo]: ai_addrlen=0; ai_canonname=xxxxx; ai_flags=4; ai_family=0
D/libc-netbsd(  880): [getaddrinfo]: hostname=xxxxx; servname=(null); cache_mode=(null), netid=0; mark=0
D/libc-netbsd(  880): [getaddrinfo]: ai_addrlen=0; ai_canonname=xxxxx; ai_flags=4; ai_family=0
D/libc-netbsd(  880): [getaddrinfo]: hostname=xxxxx; servname=(null); cache_mode=(null), netid=0; mark=0
D/libc-netbsd(  880): [getaddrinfo]: ai_addrlen=0; ai_canonname=xxxxx; ai_flags=4; ai_family=0
W/ActivityManager(  880): getRunningAppProcesses: caller 10287 does not hold REAL_GET_TASKS; limiting output
V/WifiServerServiceExt(  880): checkPollTimer Cnt= 0 rssi =-34 threshold=-100
D/WifiServerServiceExt(  880): getSupplicantStateCOMPLETED
D/WifiServerServiceExt(  880): getSupplicantStateCOMPLETED
W/ActivityManager(  880): getRunningAppProcesses: caller 10287 does not hold REAL_GET_TASKS; limiting output
W/ActivityManager(  880): getRunningAppProcesses: caller 10287 does not hold REAL_GET_TASKS; limiting output
E/WifiStateMachine(  880):  ConnectedState !CMD_RSSI_POLL 169 0 "HOME-BD3F-2.4" 88:ad:43:07:86:48 rssi=-34 f=2437 sc=60 link=72 tx=1.8, 0.0, 0.0  rx=2.5 bcn=0 [on:0 tx:0 rx:0 period:3003] from screen [on:0 period:1883786800] gl hn u24 rssi=-29 ag=0 hr ls-=0 [56,56,56,56,61] brc=0 lrc=0
E/WifiStateMachine(  880):  L2ConnectedState !CMD_RSSI_POLL 169 0 "HOME-BD3F-2.4" 88:ad:43:07:86:48 rssi=-34 f=2437 sc=60 link=72 tx=1.8, 0.0, 0.0  rx=2.5 bcn=0 [on:0 tx:0 rx:0 period:1] from screen [on:0 period:1883786801] gl hn u24 rssi=-29 ag=0 hr ls-=0 [56,56,56,56,61] brc=0 lrc=0
W/ActivityManager(  880): getRunningAppProcesses: caller 10287 does not hold REAL_GET_TASKS; limiting output
I/ThermalEngine(  362): Sensor:xo_therm:41000 mC
W/ActivityManager(  880): getRunningAppProcesses: caller 10287 does not hold REAL_GET_TASKS; limiting output
W/ActivityManager(  880): getRunningAppProcesses: caller 10287 does not hold REAL_GET_TASKS; limiting output
D/WifiServerServiceExt(  880): getSupplicantStateCOMPLETED
D/WifiServerServiceExt(  880): getSupplicantStateCOMPLETED
W/ActivityManager(  880): getRunningAppProcesses: caller 10287 does not hold REAL_GET_TASKS; limiting output
W/ActivityManager(  880): getRunningAppProcesses: caller 10287 does not hold REAL_GET_TASKS; limiting output
I/Netd    (  339): M: Get netlink event, ifname: wlan0 action: 6
I/Netd    (  339): M: Get netlink event, ifname: wlan0 action: 6
I/Netd    (  339): M: Get netlink event, ifname: wlan0 action: 8
D/libc-netbsd(  880): [getaddrinfo]: hostname=xxxxx; servname=(null); cache_mode=(null), netid=0; mark=0
D/libc-netbsd(  880): [getaddrinfo]: ai_addrlen=0; ai_canonname=xxxxx; ai_flags=4; ai_family=0
D/libc-netbsd(  880): [getaddrinfo]: hostname=xxxxx; servname=(null); cache_mode=(null), netid=0; mark=0
D/libc-netbsd(  880): [getaddrinfo]: ai_addrlen=0; ai_canonname=xxxxx; ai_flags=4; ai_family=0
D/libc-netbsd(  880): [getaddrinfo]: hostname=xxxxx; servname=(null); cache_mode=(null), netid=0; mark=0
D/libc-netbsd(  880): [getaddrinfo]: ai_addrlen=0; ai_canonname=xxxxx; ai_flags=4; ai_family=0
D/libc-netbsd(  880): [getaddrinfo]: hostname=xxxxx; servname=(null); cache_mode=(null), netid=0; mark=0
D/libc-netbsd(  880): [getaddrinfo]: ai_addrlen=0; ai_canonname=xxxxx; ai_flags=4; ai_family=0
D/PowerManagerServiceEx(  880): updateWakeLockSummaryLocked: checkScreenWakelockList : mWakefulness=Awake, mWakeLockSummary=0x0
V/WifiServerServiceExt(  880): checkPollTimer Cnt= 0 rssi =-34 threshold=-100
W/ActivityManager(  880): getRunningAppProcesses: caller 10287 does not hold REAL_GET_TASKS; limiting output
W/ActivityManager(  880): getRunningAppProcesses: caller 10287 does not hold REAL_GET_TASKS; limiting output
E/WifiStateMachine(  880):  ConnectedState !CMD_RSSI_POLL 169 0 "HOME-BD3F-2.4" 88:ad:43:07:86:48 rssi=-34 f=2437 sc=60 link=72 tx=0.9, 0.0, 0.0  rx=1.7 bcn=0 [on:0 tx:0 rx:0 period:3004] from screen [on:0 period:1883789819] gl hn u24 rssi=-29 ag=0 hr ls-=0 [56,56,56,56,61] brc=0 lrc=0
E/WifiStateMachine(  880):  L2ConnectedState !CMD_RSSI_POLL 169 0 "HOME-BD3F-2.4" 88:ad:43:07:86:48 rssi=-34 f=2437 sc=60 link=72 tx=0.9, 0.0, 0.0  rx=1.7 bcn=0 [on:0 tx:0 rx:0 period:1] from screen [on:0 period:1883789820] gl hn u24 rssi=-29 ag=0 hr ls-=0 [56,56,56,56,61] brc=0 lrc=0
W/ActivityManager(  880): getRunningAppProcesses: caller 10287 does not hold REAL_GET_TASKS; limiting output
D/WifiServerServiceExt(  880): getSupplicantStateCOMPLETED
D/WifiServerServiceExt(  880): getSupplicantStateCOMPLETED
W/ActivityManager(  880): getRunningAppProcesses: caller 10287 does not hold REAL_GET_TASKS; limiting output
W/ActivityManager(  880): getRunningAppProcesses: caller 10287 does not hold REAL_GET_TASKS; limiting output
W/ActivityManager(  880): getRunningAppProcesses: caller 10287 does not hold REAL_GET_TASKS; limiting output
I/Netd    (  339): M: Get netlink event, ifname: wlan0 action: 6
I/Netd    (  339): M: Get netlink event, ifname: wlan0 action: 6
I/Netd    (  339): M: Get netlink event, ifname: wlan0 action: 8
D/libc-netbsd(  880): [getaddrinfo]: hostname=xxxxx; servname=(null); cache_mode=(null), netid=0; mark=0
D/libc-netbsd(  880): [getaddrinfo]: ai_addrlen=0; ai_canonname=xxxxx; ai_flags=4; ai_family=0
D/libc-netbsd(  880): [getaddrinfo]: hostname=xxxxx; servname=(null); cache_mode=(null), netid=0; mark=0
D/libc-netbsd(  880): [getaddrinfo]: ai_addrlen=0; ai_canonname=xxxxx; ai_flags=4; ai_family=0
D/libc-netbsd(  880): [getaddrinfo]: hostname=xxxxx; servname=(null); cache_mode=(null), netid=0; mark=0
D/libc-netbsd(  880): [getaddrinfo]: ai_addrlen=0; ai_canonname=xxxxx; ai_flags=4; ai_family=0
D/libc-netbsd(  880): [getaddrinfo]: hostname=xxxxx; servname=(null); cache_mode=(null), netid=0; mark=0
D/libc-netbsd(  880): [getaddrinfo]: ai_addrlen=0; ai_canonname=xxxxx; ai_flags=4; ai_family=0
I/ThermalEngine(  362): Sensor:xo_therm:41000 mC
V/WifiServerServiceExt(  880): checkPollTimer Cnt= 0 rssi =-33 threshold=-100
D/WifiServerServiceExt(  880): getSupplicantStateCOMPLETED
D/WifiServerServiceExt(  880): getSupplicantStateCOMPLETED
E/WifiStateMachine(  880):  ConnectedState !CMD_RSSI_POLL 169 0 "HOME-BD3F-2.4" 88:ad:43:07:86:48 rssi=-33 f=2437 sc=60 link=72 tx=1.0, 0.0, 0.0  rx=1.9 bcn=0 [on:0 tx:0 rx:0 period:3004] from screen [on:0 period:1883792839] gl hn u24 rssi=-28 ag=0 hr ls-=0 [56,56,56,56,61] brc=0 lrc=0
E/WifiStateMachine(  880):  L2ConnectedState !CMD_RSSI_POLL 169 0 "HOME-BD3F-2.4" 88:ad:43:07:86:48 rssi=-33 f=2437 sc=60 link=72 tx=1.0, 0.0, 0.0  rx=1.9 bcn=0 [on:0 tx:0 rx:0 period:2] from screen [on:0 period:1883792841] gl hn u24 rssi=-28 ag=0 hr ls-=0 [56,56,56,56,61] brc=0 lrc=0
V/AlarmManager(  880): ELAPSED_WAKEUP set : Alarm{80631d5 tag *walarm*:android.content.syncmanager.SYNC_ALARM type 2 when 108229331 android} when 108229331
I/[@@    ] SyncAdapterProxy(24005): Delagator disabled, using the (deprecated) GData sync adapter
I/NotificationManager(  880): android: cancelAsUser(3) by android
I/NotificationManager(  880): android: cancelAsUser(2084907577) by android
I/[@@    ] SyncAdapterProxy(24005): Delagator disabled, using the (deprecated) GData sync adapter
I/NotificationManager(  880): android: cancelAsUser(2) by android
