D/ConnectivityService(  880): [LGP_DATA_BACKGROUND] uid :::10030  package_name:  com.android.mms
D/ConnectivityService(  880): [LGE_DATA] LG MMS application use KK style isAvailable()
D/ConnectivityService(  880): [LGP_DATA_BACKGROUND] Blocked State~?? (false)
D/ConnectivityService(  880): [LGP_DATA_BACKGROUND] uid :::10030  package_name:  com.android.mms
D/ConnectivityService(  880): [LGE_DATA] LG MMS application use KK style isAvailable()
D/ConnectivityService(  880): [LGP_DATA_BACKGROUND] Blocked State~?? (false)
D/ConnectivityService(  880): [LGP_DATA_BACKGROUND] uid :::10030  package_name:  com.android.mms
D/PowerManagerServiceEx(  880): updateWakeLockSummaryLocked: checkScreenWakelockList : mWakefulness=Awake, mWakeLockSummary=0x0
D/PowerManagerServiceEx(  880): updateWakeLockSummaryLocked: checkScreenWakelockList : mWakefulness=Awake, mWakeLockSummary=0x0
D/PowerManagerServiceEx(  880): updateWakeLockSummaryLocked: checkScreenWakelockList : mWakefulness=Awake, mWakeLockSummary=0x0
D/WifiController(  880): battery changed pluggedType: 2
D/ConnectivityService(  880): [ePDG] notifyEPDGCallResult start
D/ePDGTracker(  880): [VoEPDG][ePDG] notifyEPDGCallResult start 
D/ePDGTracker(  880): [VoEPDG]same addr so return mid=0 addr :  2607:fb90:2b94:efff:e1f8:0ac9:c64d:e4d9/64
D/NetworkManagementService(  880): hardware tether stats:NetworkStats: elapsedRealtime=107989641
D/NetworkManagementService(  880): getNetworkStatsSummaryXt:NetworkStats: elapsedRealtime=107989642
D/NetworkManagementService(  880):   [0] iface=v4-rmnet_data1 uid=-1 set=ALL tag=0x0 rxBytes=1346 rxPackets=20 txBytes=1719 txPackets=26 operations=0
D/NetworkManagementService(  880):   [1] iface=rmnet_data1 uid=-1 set=ALL tag=0x0 rxBytes=1134726 rxPackets=2878 txBytes=1392036 txPackets=3861 operations=0
D/NetworkManagementService(  880):   [2] iface=r_rmnet_data1 uid=-1 set=ALL tag=0x0 rxBytes=227356 rxPackets=473 txBytes=14216 txPackets=157 operations=0
D/NetworkManagementService(  880):   [3] iface=r_rmnet_data0 uid=-1 set=ALL tag=0x0 rxBytes=1073273 rxPackets=11267 txBytes=142678 txPackets=605 operations=0
D/NetworkManagementService(  880):   [4] iface=wlan0 uid=-1 set=ALL tag=0x0 rxBytes=257068954 rxPackets=257825 txBytes=43424531 txPackets=175698 operations=0
D/NetworkManagementService(  880):   [5] iface=v4-rmnet_data0 uid=-1 set=ALL tag=0x0 rxBytes=24111 rxPackets=159 txBytes=17113 txPackets=194 operations=0
D/NetworkManagementService(  880):   [6] iface=rmnet_data0 uid=-1 set=ALL tag=0x0 rxBytes=2046021 rxPackets=4588 txBytes=1076640 txPackets=5233 operations=0
D/NetworkManagementService(  880):   [7] iface=lo uid=-1 set=ALL tag=0x0 rxBytes=3348 rxPackets=35 txBytes=3348 txPackets=35 operations=0
D/NetworkManagementService(  880): hardware tether stats:NetworkStats: elapsedRealtime=107989644
D/NetworkManagementService(  880): getNetworkStatsSummaryDev:NetworkStats: elapsedRealtime=107989645
D/NetworkManagementService(  880):   [0] iface=v4-rmnet_data1 uid=-1 set=ALL tag=0x0 rxBytes=1346 rxPackets=20 txBytes=1719 txPackets=26 operations=0
D/NetworkManagementService(  880):   [1] iface=rmnet_data1 uid=-1 set=ALL tag=0x0 rxBytes=691549 rxPackets=1964 txBytes=845068 txPackets=2462 operations=0
D/NetworkManagementService(  880):   [2] iface=r_rmnet_data1 uid=-1 set=ALL tag=0x0 rxBytes=227356 rxPackets=473 txBytes=14844 txPackets=157 operations=0
D/NetworkManagementService(  880):   [3] iface=r_rmnet_data0 uid=-1 set=ALL tag=0x0 rxBytes=1073273 rxPackets=11267 txBytes=145460 txPackets=605 operations=0
D/NetworkManagementService(  880):   [4] iface=wlan0 uid=-1 set=ALL tag=0x0 rxBytes=256914822 rxPackets=260028 txBytes=45677549 txPackets=176474 operations=0
D/NetworkManagementService(  880):   [5] iface=v4-rmnet_data0 uid=-1 set=ALL tag=0x0 rxBytes=24111 rxPackets=159 txBytes=17113 txPackets=194 operations=0
D/NetworkManagementService(  880):   [6] iface=rmnet_data0 uid=-1 set=ALL tag=0x0 rxBytes=2006600 rxPackets=4496 txBytes=1017096 txPackets=4913 operations=0
D/NetworkManagementService(  880):   [7] iface=lo uid=-1 set=ALL tag=0x0 rxBytes=3348 rxPackets=35 txBytes=3348 txPackets=35 operations=0
D/PowerManagerServiceEx(  880): updateWakeLockSummaryLocked: checkScreenWakelockList : mWakefulness=Awake, mWakeLockSummary=0x0
V/NetworkPolicy(  880): [VT_INTENT_PROC] updateNotificationsLocked() : under warning
D/PowerManagerServiceEx(  880): updateWakeLockSummaryLocked: checkScreenWakelockList : mWakefulness=Awake, mWakeLockSummary=0x0
D/PowerManagerServiceEx(  880): updateUserActivitySummaryLocked: mWakefulness=Awake, mUserActivitySummary=0x2, nextTimeout=71147432 (125974 ms ago)
W/DisplayPowerControllerEx(  880): setScreenState : state = 2, isStateChanged = false, returnVal = true
D/PowerManagerServiceEx(  880): updateWakeLockSummaryLocked: checkScreenWakelockList : mWakefulness=Awake, mWakeLockSummary=0x0
W/DisplayPowerControllerEx(  880): setScreenState : state = 2, isStateChanged = false, returnVal = true
W/DisplayPowerControllerEx(  880): setScreenState : state = 2, isStateChanged = false, returnVal = true
I/ViewRootImpl( 4549): ViewRoot's Touch Event : ACTION_DOWN
D/PowerManagerServiceEx(  880): updateWakeLockSummaryLocked: checkScreenWakelockList : mWakefulness=Awake, mWakeLockSummary=0x0
D/PowerManagerServiceEx(  880): updateUserActivitySummaryLocked: mWakefulness=Awake, mUserActivitySummary=0x1, nextTimeout=71147432 (127244 ms ago)
W/DisplayPowerControllerEx(  880): setScreenState : state = 2, isStateChanged = false, returnVal = true
D/PowerManagerServiceEx(  880): updateWakeLockSummaryLocked: checkScreenWakelockList : mWakefulness=Awake, mWakeLockSummary=0x0
D/PowerManagerServiceEx(  880): updateWakeLockSummaryLocked: checkScreenWakelockList : mWakefulness=Awake, mWakeLockSummary=0x0
D/PowerManagerServiceEx(  880): updateUserActivitySummaryLocked: mWakefulness=Awake, mUserActivitySummary=0x1, nextTimeout=71147432 (127246 ms ago)
D/PhoneWindowManagerEx(  880): interceptKeyTq keycode=4 down=true interactive=true policyFlags=2b000002 injected=true keyguardActive=false
D/WindowManager(  880): interceptKeyTq keycode=4 interactive=true keyguardActive=false policyFlags=2b000002
D/VolumeVibrator( 4980): clear
D/VolumeVibrator( 4980): handleVibratePattern() uid 1000 opPkg android repeat -1 usageHint 0
D/PhoneWindowManagerEx(  880): interceptKeyTi keyCode=4 down=true repeatCount=0 keyguardOn=false mHomePressed=false canceled=false
I/LGKeyException(  880): KeyException privateFlags: 0x0, Current Input bit: 0x80000000
D/WindowManager(  880): interceptKeyTi keyCode=4 down=true repeatCount=0 keyguardOn=false mHomePressed=false canceled=false
I/ViewRootImpl(31751): ViewRoot's KeyEvent { action=ACTION_DOWN, keyCode=KEYCODE_BACK, scanCode=0, metaState=0, flags=0x48, repeatCount=0, eventTime=71274678, downTime=71274678, deviceId=-1, source=0x101 } to com.android.internal.policy.impl.PhoneWindow$DecorView{274fee80 V.E..... R....... 0,0-480,854}
D/VolumeVibrator( 4980): milliseconds : 30
D/VolumeVibrator( 4980): getCurrent::mPatternworking : true, getCurrent::mVolumes.size : 0, getCurrent::mJustVibrate false
D/VolumeVibrator( 4980): mPatternIndex : 1 mCurVibration.mPattern[mPatternIndex] : 30
D/VolumeVibrator( 4980): volume vibration pattern's value: 100
D/VolumeVibrator( 4980): pattern index reaches end of array. pattern index 1 pattern length 2 repeat -1
D/VolumeVibrator( 4980): clear
D/PowerManagerServiceEx(  880): updateWakeLockSummaryLocked: checkScreenWakelockList : mWakefulness=Awake, mWakeLockSummary=0x0
I/ViewRootImpl( 4549): ViewRoot's Touch Event : ACTION_UP
D/PowerManagerServiceEx(  880): updateWakeLockSummaryLocked: checkScreenWakelockList : mWakefulness=Awake, mWakeLockSummary=0x0
D/PowerManagerServiceEx(  880): updateUserActivitySummaryLocked: mWakefulness=Awake, mUserActivitySummary=0x1, nextTimeout=71147432 (127375 ms ago)
D/PhoneWindowManagerEx(  880): interceptKeyTq keycode=4 down=false interactive=true policyFlags=2b000002 injected=true keyguardActive=false
D/WindowManager(  880): interceptKeyTq keycode=4 interactive=true keyguardActive=false policyFlags=2b000002
D/PhoneWindowManagerEx(  880): interceptKeyTi keyCode=4 down=false repeatCount=0 keyguardOn=false mHomePressed=false canceled=false
I/LGKeyException(  880): KeyException privateFlags: 0x0, Current Input bit: 0x80000000
D/WindowManager(  880): interceptKeyTi keyCode=4 down=false repeatCount=0 keyguardOn=false mHomePressed=false canceled=false
I/ViewRootImpl(31751): ViewRoot's KeyEvent { action=ACTION_UP, keyCode=KEYCODE_BACK, scanCode=0, metaState=0, flags=0x48, repeatCount=0, eventTime=71274808, downTime=71274678, deviceId=-1, source=0x101 } to com.android.internal.policy.impl.PhoneWindow$DecorView{274fee80 V.E..... R....... 0,0-480,854}
W/DisplayPowerControllerEx(  880): setScreenState : state = 2, isStateChanged = false, returnVal = true
W/DisplayPowerControllerEx(  880): setScreenState : state = 2, isStateChanged = false, returnVal = true
W/ActivityManager(  880): Unable to start service Intent { act=com.lge.ime.intent.ANDROID_CONTACT_DB_UPDATED pkg=com.lge.ime } U=0: not found
D/NetworkManagementService(  880): hardware tether stats:NetworkStats: elapsedRealtime=108002299
D/NetworkManagementService(  880): getNetworkStatsSummaryXt:NetworkStats: elapsedRealtime=108002301
D/NetworkManagementService(  880):   [0] iface=v4-rmnet_data1 uid=-1 set=ALL tag=0x0 rxBytes=1346 rxPackets=20 txBytes=1719 txPackets=26 operations=0
D/NetworkManagementService(  880):   [1] iface=rmnet_data1 uid=-1 set=ALL tag=0x0 rxBytes=1134726 rxPackets=2878 txBytes=1392036 txPackets=3861 operations=0
D/NetworkManagementService(  880):   [2] iface=r_rmnet_data1 uid=-1 set=ALL tag=0x0 rxBytes=227356 rxPackets=473 txBytes=14216 txPackets=157 operations=0
D/NetworkManagementService(  880):   [3] iface=r_rmnet_data0 uid=-1 set=ALL tag=0x0 rxBytes=1073361 rxPackets=11268 txBytes=142678 txPackets=605 operations=0
D/NetworkManagementService(  880):   [4] iface=wlan0 uid=-1 set=ALL tag=0x0 rxBytes=257126235 rxPackets=258600 txBytes=45496018 txPackets=177094 operations=0
D/NetworkManagementService(  880):   [5] iface=v4-rmnet_data0 uid=-1 set=ALL tag=0x0 rxBytes=24111 rxPackets=159 txBytes=17113 txPackets=194 operations=0
D/NetworkManagementService(  880):   [6] iface=rmnet_data0 uid=-1 set=ALL tag=0x0 rxBytes=2046021 rxPackets=4588 txBytes=1076640 txPackets=5233 operations=0
D/NetworkManagementService(  880):   [7] iface=lo uid=-1 set=ALL tag=0x0 rxBytes=3348 rxPackets=35 txBytes=3348 txPackets=35 operations=0
D/NetworkManagementService(  880): hardware tether stats:NetworkStats: elapsedRealtime=108002303
D/NetworkManagementService(  880): getNetworkStatsSummaryDev:NetworkStats: elapsedRealtime=108002304
D/NetworkManagementService(  880):   [0] iface=v4-rmnet_data1 uid=-1 set=ALL tag=0x0 rxBytes=1346 rxPackets=20 txBytes=1719 txPackets=26 operations=0
D/NetworkManagementService(  880):   [1] iface=rmnet_data1 uid=-1 set=ALL tag=0x0 rxBytes=691549 rxPackets=1964 txBytes=845068 txPackets=2462 operations=0
D/NetworkManagementService(  880):   [2] iface=r_rmnet_data1 uid=-1 set=ALL tag=0x0 rxBytes=227356 rxPackets=473 txBytes=14844 txPackets=157 operations=0
D/NetworkManagementService(  880):   [3] iface=r_rmnet_data0 uid=-1 set=ALL tag=0x0 rxBytes=1073361 rxPackets=11268 txBytes=145460 txPackets=605 operations=0
D/NetworkManagementService(  880):   [4] iface=wlan0 uid=-1 set=ALL tag=0x0 rxBytes=256972277 rxPackets=260807 txBytes=47773050 txPackets=177874 operations=0
D/NetworkManagementService(  880):   [5] iface=v4-rmnet_data0 uid=-1 set=ALL tag=0x0 rxBytes=24111 rxPackets=159 txBytes=17113 txPackets=194 operations=0
D/NetworkManagementService(  880):   [6] iface=rmnet_data0 uid=-1 set=ALL tag=0x0 rxBytes=2006600 rxPackets=4496 txBytes=1017096 txPackets=4913 operations=0
D/NetworkManagementService(  880):   [7] iface=lo uid=-1 set=ALL tag=0x0 rxBytes=3348 rxPackets=35 txBytes=3348 txPackets=35 operations=0
D/PowerManagerServiceEx(  880): updateWakeLockSummaryLocked: checkScreenWakelockList : mWakefulness=Awake, mWakeLockSummary=0x0
V/NetworkPolicy(  880): [VT_INTENT_PROC] updateNotificationsLocked() : under warning
D/PowerManagerServiceEx(  880): acquireWakeLockInternal: lock=579677392, flags=0x40000001, tag="*alarm*", ws=WorkSource{1000}, historyTag=*alarm*:android.intent.action.TIME_TICK, uid=1000, pid=880
D/PowerManagerServiceEx(  880): releaseWakeLockInternal: lock=579677392 [*alarm*], flags=0x0
D/PowerManagerServiceEx(  880): updateWakeLockSummaryLocked: checkScreenWakelockList : mWakefulness=Awake, mWakeLockSummary=0x0
D/PowerManagerServiceEx(  880): updateWakeLockSummaryLocked: checkScreenWakelockList : mWakefulness=Awake, mWakeLockSummary=0x0
D/WifiController(  880): battery changed pluggedType: 2
D/PowerManagerServiceEx(  880): updateWakeLockSummaryLocked: checkScreenWakelockList : mWakefulness=Awake, mWakeLockSummary=0x0
D/WifiController(  880): battery changed pluggedType: 2
D/PowerManagerServiceEx(  880): updateWakeLockSummaryLocked: checkScreenWakelockList : mWakefulness=Awake, mWakeLockSummary=0x0
V/AlarmManager(  880): ELAPSED_WAKEUP set : Alarm{3158fdfa tag *walarm*:android.content.syncmanager.SYNC_ALARM type 2 when 108011847 android} when 108011847
D/PowerManagerServiceEx(  880): updateWakeLockSummaryLocked: checkScreenWakelockList : mWakefulness=Awake, mWakeLockSummary=0x0
D/NetworkManagementService(  880): hardware tether stats:NetworkStats: elapsedRealtime=108012633
D/NetworkManagementService(  880): getNetworkStatsSummaryXt:NetworkStats: elapsedRealtime=108012634
D/NetworkManagementService(  880):   [0] iface=v4-rmnet_data1 uid=-1 set=ALL tag=0x0 rxBytes=1346 rxPackets=20 txBytes=1719 txPackets=26 operations=0
D/NetworkManagementService(  880):   [1] iface=rmnet_data1 uid=-1 set=ALL tag=0x0 rxBytes=1134726 rxPackets=2878 txBytes=1392036 txPackets=3861 operations=0
D/NetworkManagementService(  880):   [2] iface=r_rmnet_data1 uid=-1 set=ALL tag=0x0 rxBytes=227356 rxPackets=473 txBytes=14216 txPackets=157 operations=0
D/NetworkManagementService(  880):   [3] iface=r_rmnet_data0 uid=-1 set=ALL tag=0x0 rxBytes=1073537 rxPackets=11270 txBytes=142678 txPackets=605 operations=0
D/NetworkManagementService(  880):   [4] iface=wlan0 uid=-1 set=ALL tag=0x0 rxBytes=257182990 rxPackets=259355 txBytes=47546733 txPackets=178480 operations=0
D/NetworkManagementService(  880):   [5] iface=v4-rmnet_data0 uid=-1 set=ALL tag=0x0 rxBytes=24111 rxPackets=159 txBytes=17113 txPackets=194 operations=0
D/NetworkManagementService(  880):   [6] iface=rmnet_data0 uid=-1 set=ALL tag=0x0 rxBytes=2046021 rxPackets=4588 txBytes=1076640 txPackets=5233 operations=0
D/NetworkManagementService(  880):   [7] iface=lo uid=-1 set=ALL tag=0x0 rxBytes=3348 rxPackets=35 txBytes=3348 txPackets=35 operations=0
D/NetworkManagementService(  880): hardware tether stats:NetworkStats: elapsedRealtime=108012636
D/NetworkManagementService(  880): getNetworkStatsSummaryDev:NetworkStats: elapsedRealtime=108012637
D/NetworkManagementService(  880):   [0] iface=v4-rmnet_data1 uid=-1 set=ALL tag=0x0 rxBytes=1346 rxPackets=20 txBytes=1719 txPackets=26 operations=0
D/NetworkManagementService(  880):   [1] iface=rmnet_data1 uid=-1 set=ALL tag=0x0 rxBytes=691549 rxPackets=1964 txBytes=845068 txPackets=2462 operations=0
D/NetworkManagementService(  880):   [2] iface=r_rmnet_data1 uid=-1 set=ALL tag=0x0 rxBytes=227356 rxPackets=473 txBytes=14844 txPackets=157 operations=0
D/NetworkManagementService(  880):   [3] iface=r_rmnet_data0 uid=-1 set=ALL tag=0x0 rxBytes=1073537 rxPackets=11270 txBytes=145460 txPackets=605 operations=0
D/NetworkManagementService(  880):   [4] iface=wlan0 uid=-1 set=ALL tag=0x0 rxBytes=257029074 rxPackets=261564 txBytes=49841769 txPackets=179259 operations=0
D/NetworkManagementService(  880):   [5] iface=v4-rmnet_data0 uid=-1 set=ALL tag=0x0 rxBytes=24111 rxPackets=159 txBytes=17113 txPackets=194 operations=0
D/NetworkManagementService(  880):   [6] iface=rmnet_data0 uid=-1 set=ALL tag=0x0 rxBytes=2006600 rxPackets=4496 txBytes=1017096 txPackets=4913 operations=0
D/NetworkManagementService(  880):   [7] iface=lo uid=-1 set=ALL tag=0x0 rxBytes=3348 rxPackets=35 txBytes=3348 txPackets=35 operations=0
D/PowerManagerServiceEx(  880): updateWakeLockSummaryLocked: checkScreenWakelockList : mWakefulness=Awake, mWakeLockSummary=0x0
V/NetworkPolicy(  880): [VT_INTENT_PROC] updateNotificationsLocked() : under warning
D/PowerManagerServiceEx(  880): updateWakeLockSummaryLocked: checkScreenWakelockList : mWakefulness=Awake, mWakeLockSummary=0x0
D/PowerManagerServiceEx(  880): updateUserActivitySummaryLocked: mWakefulness=Awake, mUserActivitySummary=0x2, nextTimeout=71147432 (151379 ms ago)
W/DisplayPowerControllerEx(  880): setScreenState : state = 2, isStateChanged = false, returnVal = true
D/PowerManagerServiceEx(  880): updateWakeLockSummaryLocked: checkScreenWakelockList : mWakefulness=Awake, mWakeLockSummary=0x0
W/DisplayPowerControllerEx(  880): setScreenState : state = 2, isStateChanged = false, returnVal = true
W/DisplayPowerControllerEx(  880): setScreenState : state = 2, isStateChanged = false, returnVal = true
I/ViewRootImpl(31751): ViewRoot's Touch Event : ACTION_DOWN
D/PowerManagerServiceEx(  880): updateWakeLockSummaryLocked: checkScreenWakelockList : mWakefulness=Awake, mWakeLockSummary=0x0
D/PowerManagerServiceEx(  880): updateUserActivitySummaryLocked: mWakefulness=Awake, mUserActivitySummary=0x1, nextTimeout=71147432 (152644 ms ago)
W/DisplayPowerControllerEx(  880): setScreenState : state = 2, isStateChanged = false, returnVal = true
D/PowerManagerServiceEx(  880): updateWakeLockSummaryLocked: checkScreenWakelockList : mWakefulness=Awake, mWakeLockSummary=0x0
I/ViewRootImpl( 4549): ViewRoot's Touch Event : ACTION_DOWN
D/PowerManagerServiceEx(  880): updateWakeLockSummaryLocked: checkScreenWakelockList : mWakefulness=Awake, mWakeLockSummary=0x0
D/PowerManagerServiceEx(  880): updateUserActivitySummaryLocked: mWakefulness=Awake, mUserActivitySummary=0x1, nextTimeout=71147432 (152728 ms ago)
D/PhoneWindowManagerEx(  880): interceptKeyTq keycode=4 down=true interactive=true policyFlags=2b000002 injected=true keyguardActive=false
D/WindowManager(  880): interceptKeyTq keycode=4 interactive=true keyguardActive=false policyFlags=2b000002
D/VolumeVibrator( 4980): clear
D/PowerManagerServiceEx(  880): updateWakeLockSummaryLocked: checkScreenWakelockList : mWakefulness=Awake, mWakeLockSummary=0x0
D/VolumeVibrator( 4980): handleVibratePattern() uid 1000 opPkg android repeat -1 usageHint 0
D/PowerManagerServiceEx(  880): updateUserActivitySummaryLocked: mWakefulness=Awake, mUserActivitySummary=0x1, nextTimeout=71147432 (152743 ms ago)
D/PhoneWindowManagerEx(  880): interceptKeyTi keyCode=4 down=true repeatCount=0 keyguardOn=false mHomePressed=false canceled=false
I/LGKeyException(  880): KeyException privateFlags: 0x0, Current Input bit: 0x80000000
D/WindowManager(  880): interceptKeyTi keyCode=4 down=true repeatCount=0 keyguardOn=false mHomePressed=false canceled=false
D/VolumeVibrator( 4980): milliseconds : 30
D/VolumeVibrator( 4980): getCurrent::mPatternworking : true, getCurrent::mVolumes.size : 0, getCurrent::mJustVibrate false
D/VolumeVibrator( 4980): mPatternIndex : 1 mCurVibration.mPattern[mPatternIndex] : 30
D/VolumeVibrator( 4980): volume vibration pattern's value: 100
D/VolumeVibrator( 4980): pattern index reaches end of array. pattern index 1 pattern length 2 repeat -1
D/VolumeVibrator( 4980): clear
I/ViewRootImpl(31751): ViewRoot's KeyEvent { action=ACTION_DOWN, keyCode=KEYCODE_BACK, scanCode=0, metaState=0, flags=0x48, repeatCount=0, eventTime=71300160, downTime=71300160, deviceId=-1, source=0x101 } to com.android.internal.policy.impl.PhoneWindow$DecorView{274fee80 V.E..... R....... 0,0-480,854}
D/PowerManagerServiceEx(  880): updateWakeLockSummaryLocked: checkScreenWakelockList : mWakefulness=Awake, mWakeLockSummary=0x0
I/ViewRootImpl(31751): ViewRoot's Touch Event : ACTION_UP
I/ViewRootImpl( 4549): ViewRoot's Touch Event : ACTION_UP
D/PowerManagerServiceEx(  880): updateWakeLockSummaryLocked: checkScreenWakelockList : mWakefulness=Awake, mWakeLockSummary=0x0
D/PowerManagerServiceEx(  880): updateUserActivitySummaryLocked: mWakefulness=Awake, mUserActivitySummary=0x1, nextTimeout=71147432 (152796 ms ago)
D/PhoneWindowManagerEx(  880): interceptKeyTq keycode=4 down=false interactive=true policyFlags=2b000002 injected=true keyguardActive=false
D/WindowManager(  880): interceptKeyTq keycode=4 interactive=true keyguardActive=false policyFlags=2b000002
D/PhoneWindowManagerEx(  880): interceptKeyTi keyCode=4 down=false repeatCount=0 keyguardOn=false mHomePressed=false canceled=false
I/LGKeyException(  880): KeyException privateFlags: 0x0, Current Input bit: 0x80000000
D/WindowManager(  880): interceptKeyTi keyCode=4 down=false repeatCount=0 keyguardOn=false mHomePressed=false canceled=false
I/ViewRootImpl(31751): ViewRoot's KeyEvent { action=ACTION_UP, keyCode=KEYCODE_BACK, scanCode=0, metaState=0, flags=0x48, repeatCount=0, eventTime=71300230, downTime=71300160, deviceId=-1, source=0x101 } to com.android.internal.policy.impl.PhoneWindow$DecorView{274fee80 V.E..... R....... 0,0-480,854}
W/DisplayPowerControllerEx(  880): setScreenState : state = 2, isStateChanged = false, returnVal = true
W/DisplayPowerControllerEx(  880): setScreenState : state = 2, isStateChanged = false, returnVal = true
V/AlarmManager(  880): ELAPSED_WAKEUP set : Alarm{35929495 tag *walarm*:com.google.android.location.ALARM_WAKEUP_LOCATOR type 2 when 108022121 com.google.android.gms} when 108022121
D/WifiServiceImplEx(  880): acquireWifiLock pid=5989, uid=10005, packageName=com.google.uid.shared:10005, tag=NlpWifiLock
D/WifiServiceImplEx(  880): startScan pid=5989, uid=10005, packageName=com.google.uid.shared:10005
W/ActivityManager(  880): getRunningAppProcesses: caller 10111 does not hold REAL_GET_TASKS; limiting output
D/WifiServiceImplEx(  880): releaseWifiLock pid=5989, uid=10005, packageName=com.google.uid.shared:10005
D/PowerManagerServiceEx(  880): updateWakeLockSummaryLocked: checkScreenWakelockList : mWakefulness=Awake, mWakeLockSummary=0x0
D/NetworkManagementService(  880): hardware tether stats:NetworkStats: elapsedRealtime=108024523
D/NetworkManagementService(  880): getNetworkStatsSummaryXt:NetworkStats: elapsedRealtime=108024524
D/NetworkManagementService(  880):   [0] iface=v4-rmnet_data1 uid=-1 set=ALL tag=0x0 rxBytes=1346 rxPackets=20 txBytes=1719 txPackets=26 operations=0
D/NetworkManagementService(  880):   [1] iface=rmnet_data1 uid=-1 set=ALL tag=0x0 rxBytes=1134726 rxPackets=2878 txBytes=1392036 txPackets=3861 operations=0
D/NetworkManagementService(  880):   [2] iface=r_rmnet_data1 uid=-1 set=ALL tag=0x0 rxBytes=227356 rxPackets=473 txBytes=14216 txPackets=157 operations=0
D/NetworkManagementService(  880):   [3] iface=r_rmnet_data0 uid=-1 set=ALL tag=0x0 rxBytes=1073713 rxPackets=11272 txBytes=142678 txPackets=605 operations=0
D/NetworkManagementService(  880):   [4] iface=wlan0 uid=-1 set=ALL tag=0x0 rxBytes=257262276 rxPackets=260196 txBytes=49632652 txPackets=179942 operations=0
D/NetworkManagementService(  880):   [5] iface=v4-rmnet_data0 uid=-1 set=ALL tag=0x0 rxBytes=24111 rxPackets=159 txBytes=17113 txPackets=194 operations=0
D/NetworkManagementService(  880):   [6] iface=rmnet_data0 uid=-1 set=ALL tag=0x0 rxBytes=2046021 rxPackets=4588 txBytes=1076640 txPackets=5233 operations=0
D/NetworkManagementService(  880):   [7] iface=lo uid=-1 set=ALL tag=0x0 rxBytes=3348 rxPackets=35 txBytes=3348 txPackets=35 operations=0
D/NetworkManagementService(  880): hardware tether stats:NetworkStats: elapsedRealtime=108024526
D/NetworkManagementService(  880): getNetworkStatsSummaryDev:NetworkStats: elapsedRealtime=108024527
D/NetworkManagementService(  880):   [0] iface=v4-rmnet_data1 uid=-1 set=ALL tag=0x0 rxBytes=1346 rxPackets=20 txBytes=1719 txPackets=26 operations=0
D/NetworkManagementService(  880):   [1] iface=rmnet_data1 uid=-1 set=ALL tag=0x0 rxBytes=691549 rxPackets=1964 txBytes=845068 txPackets=2462 operations=0
D/NetworkManagementService(  880):   [2] iface=r_rmnet_data1 uid=-1 set=ALL tag=0x0 rxBytes=227356 rxPackets=473 txBytes=14844 txPackets=157 operations=0
D/NetworkManagementService(  880):   [3] iface=r_rmnet_data0 uid=-1 set=ALL tag=0x0 rxBytes=1073713 rxPackets=11272 txBytes=145460 txPackets=605 operations=0
D/NetworkManagementService(  880):   [4] iface=wlan0 uid=-1 set=ALL tag=0x0 rxBytes=257108284 rxPackets=262404 txBytes=51945128 txPackets=180719 operations=0
D/NetworkManagementService(  880):   [5] iface=v4-rmnet_data0 uid=-1 set=ALL tag=0x0 rxBytes=24111 rxPackets=159 txBytes=17113 txPackets=194 operations=0
D/NetworkManagementService(  880):   [6] iface=rmnet_data0 uid=-1 set=ALL tag=0x0 rxBytes=2006600 rxPackets=4496 txBytes=1017096 txPackets=4913 operations=0
D/NetworkManagementService(  880):   [7] iface=lo uid=-1 set=ALL tag=0x0 rxBytes=3348 rxPackets=35 txBytes=3348 txPackets=35 operations=0
D/PowerManagerServiceEx(  880): updateWakeLockSummaryLocked: checkScreenWakelockList : mWakefulness=Awake, mWakeLockSummary=0x0
V/NetworkPolicy(  880): [VT_INTENT_PROC] updateNotificationsLocked() : under warning
V/AlarmManager(  880): ELAPSED_WAKEUP set : Alarm{16c7015a tag *walarm*:com.lge.ims.action.ALARM_TIMER type 2 when 108037617 com.lge.ims} when 108037617
D/NetworkManagementService(  880): hardware tether stats:NetworkStats: elapsedRealtime=108037856
D/NetworkManagementService(  880): getNetworkStatsSummaryXt:NetworkStats: elapsedRealtime=108037858
D/NetworkManagementService(  880):   [0] iface=v4-rmnet_data1 uid=-1 set=ALL tag=0x0 rxBytes=1346 rxPackets=20 txBytes=1719 txPackets=26 operations=0
D/NetworkManagementService(  880):   [1] iface=rmnet_data1 uid=-1 set=ALL tag=0x0 rxBytes=1134726 rxPackets=2878 txBytes=1392036 txPackets=3861 operations=0
D/NetworkManagementService(  880):   [2] iface=r_rmnet_data1 uid=-1 set=ALL tag=0x0 rxBytes=227356 rxPackets=473 txBytes=14216 txPackets=157 operations=0
D/NetworkManagementService(  880):   [3] iface=r_rmnet_data0 uid=-1 set=ALL tag=0x0 rxBytes=1073889 rxPackets=11274 txBytes=142678 txPackets=605 operations=0
D/NetworkManagementService(  880):   [4] iface=wlan0 uid=-1 set=ALL tag=0x0 rxBytes=257328903 rxPackets=261016 txBytes=51738862 txPackets=181389 operations=0
D/NetworkManagementService(  880):   [5] iface=v4-rmnet_data0 uid=-1 set=ALL tag=0x0 rxBytes=24111 rxPackets=159 txBytes=17113 txPackets=194 operations=0
D/NetworkManagementService(  880):   [6] iface=rmnet_data0 uid=-1 set=ALL tag=0x0 rxBytes=2046021 rxPackets=4588 txBytes=1076640 txPackets=5233 operations=0
D/NetworkManagementService(  880):   [7] iface=lo uid=-1 set=ALL tag=0x0 rxBytes=3348 rxPackets=35 txBytes=3348 txPackets=35 operations=0
D/NetworkManagementService(  880): hardware tether stats:NetworkStats: elapsedRealtime=108037861
D/NetworkManagementService(  880): getNetworkStatsSummaryDev:NetworkStats: elapsedRealtime=108037862
D/NetworkManagementService(  880):   [0] iface=v4-rmnet_data1 uid=-1 set=ALL tag=0x0 rxBytes=1346 rxPackets=20 txBytes=1719 txPackets=26 operations=0
D/NetworkManagementService(  880):   [1] iface=rmnet_data1 uid=-1 set=ALL tag=0x0 rxBytes=691549 rxPackets=1964 txBytes=845068 txPackets=2462 operations=0
D/NetworkManagementService(  880):   [2] iface=r_rmnet_data1 uid=-1 set=ALL tag=0x0 rxBytes=227356 rxPackets=473 txBytes=14844 txPackets=157 operations=0
D/NetworkManagementService(  880):   [3] iface=r_rmnet_data0 uid=-1 set=ALL tag=0x0 rxBytes=1073889 rxPackets=11274 txBytes=145460 txPackets=605 operations=0
D/NetworkManagementService(  880):   [4] iface=wlan0 uid=-1 set=ALL tag=0x0 rxBytes=257175033 rxPackets=263227 txBytes=54074666 txPackets=182169 operations=0
D/NetworkManagementService(  880):   [5] iface=v4-rmnet_data0 uid=-1 set=ALL tag=0x0 rxBytes=24111 rxPackets=159 txBytes=17113 txPackets=194 operations=0
D/NetworkManagementService(  880):   [6] iface=rmnet_data0 uid=-1 set=ALL tag=0x0 rxBytes=2006600 rxPackets=4496 txBytes=1017096 txPackets=4913 operations=0
D/NetworkManagementService(  880):   [7] iface=lo uid=-1 set=ALL tag=0x0 rxBytes=3348 rxPackets=35 txBytes=3348 txPackets=35 operations=0
V/NetworkPolicy(  880): [VT_INTENT_PROC] updateNotificationsLocked() : under warning
D/PowerManagerServiceEx(  880): updateWakeLockSummaryLocked: checkScreenWakelockList : mWakefulness=Awake, mWakeLockSummary=0x0
D/PowerManagerServiceEx(  880): updateWakeLockSummaryLocked: checkScreenWakelockList : mWakefulness=Awake, mWakeLockSummary=0x0
D/PowerManagerServiceEx(  880): updateUserActivitySummaryLocked: mWakefulness=Awake, mUserActivitySummary=0x2, nextTimeout=71147432 (176800 ms ago)
W/DisplayPowerControllerEx(  880): setScreenState : state = 2, isStateChanged = false, returnVal = true
D/PowerManagerServiceEx(  880): updateWakeLockSummaryLocked: checkScreenWakelockList : mWakefulness=Awake, mWakeLockSummary=0x0
V/AlarmManager(  880): ELAPSED_WAKEUP set : Alarm{3ac12f8b tag *walarm*:android.content.syncmanager.SYNC_ALARM type 2 when 108043815 android} when 108043815
I/ViewRootImpl( 4549): ViewRoot's Touch Event : ACTION_DOWN
D/PowerManagerServiceEx(  880): updateUserActivitySummaryLocked: mWakefulness=Awake, mUserActivitySummary=0x1, nextTimeout=71147432 (177928 ms ago)
W/DisplayPowerControllerEx(  880): setScreenState : state = 2, isStateChanged = false, returnVal = true
I/ViewRootImpl( 4549): ViewRoot's Touch Event : ACTION_UP
D/ConnectivityService(  880): [ePDG] notifyEPDGCallResult start
D/ePDGTracker(  880): [VoEPDG][ePDG] notifyEPDGCallResult start 
D/ePDGTracker(  880): [VoEPDG]same addr so return mid=0 addr :  2607:fb90:2b94:efff:e1f8:0ac9:c64d:e4d9/64
W/DisplayPowerControllerEx(  880): setScreenState : state = 2, isStateChanged = false, returnVal = true
W/DisplayPowerControllerEx(  880): setScreenState : state = 2, isStateChanged = false, returnVal = true
D/ConnectivityService(  880): [LGE_DATA] LG MMS application use KK style isAvailable()
D/ConnectivityService(  880): [LGP_DATA_BACKGROUND] Blocked State~?? (false)
D/ConnectivityService(  880): [LGP_DATA_BACKGROUND] uid :::10030  package_name:  com.android.mms
D/ConnectivityService(  880): [LGP_DATA_BACKGROUND] Blocked State~?? (false)
D/ConnectivityService(  880): [LGP_DATA_BACKGROUND] uid :::10030  package_name:  com.android.mms
D/ConnectivityService(  880): [LGE_DATA] LG MMS application use KK style isAvailable()
D/ConnectivityService(  880): [LGP_DATA_BACKGROUND] Blocked State~?? (false)
D/ConnectivityService(  880): [LGP_DATA_BACKGROUND] uid :::10030  package_name:  com.android.mms
D/ConnectivityService(  880): [LGE_DATA] LG MMS application use KK style isAvailable()
D/ConnectivityService(  880): [LGP_DATA_BACKGROUND] Blocked State~?? (false)
D/ConnectivityService(  880): [LGP_DATA_BACKGROUND] uid :::10030  package_name:  com.android.mms
D/ConnectivityService(  880): [LGE_DATA] LG MMS application use KK style isAvailable()
D/ConnectivityService(  880): [LGP_DATA_BACKGROUND] Blocked State~?? (false)
D/ConnectivityService(  880): [LGP_DATA_BACKGROUND] uid :::10030  package_name:  com.android.mms
D/ConnectivityService(  880): [LGE_DATA] LG MMS application use KK style isAvailable()
D/ConnectivityService(  880): [LGP_DATA_BACKGROUND] Blocked State~?? (false)
D/ConnectivityService(  880): [LGP_DATA_BACKGROUND] uid :::10030  package_name:  com.android.mms
D/ConnectivityService(  880): [LGE_DATA] LG MMS application use KK style isAvailable()
D/ConnectivityService(  880): [LGP_DATA_BACKGROUND] Blocked State~?? (false)
D/ConnectivityService(  880): [LGP_DATA_BACKGROUND] uid :::10030  package_name:  com.android.mms
D/ConnectivityService(  880): [LGE_DATA] LG MMS application use KK style isAvailable()
D/ConnectivityService(  880): [LGP_DATA_BACKGROUND] Blocked State~?? (false)
D/ConnectivityService(  880): [LGP_DATA_BACKGROUND] uid :::10030  package_name:  com.android.mms
D/ConnectivityService(  880): [LGP_DATA_BACKGROUND] Blocked State~?? (false)
D/ConnectivityService(  880): [LGP_DATA_BACKGROUND] uid :::10030  package_name:  com.android.mms
D/ConnectivityService(  880): [LGE_DATA] LG MMS application use KK style isAvailable()
D/ConnectivityService(  880): [LGP_DATA_BACKGROUND] Blocked State~?? (false)
D/ConnectivityService(  880): [LGP_DATA_BACKGROUND] uid :::10030  package_name:  com.android.mms
D/ConnectivityService(  880): [LGE_DATA] LG MMS application use KK style isAvailable()
D/ConnectivityService(  880): [LGP_DATA_BACKGROUND] Blocked State~?? (false)
D/ConnectivityService(  880): [LGP_DATA_BACKGROUND] uid :::10030  package_name:  com.android.mms
D/ConnectivityService(  880): [LGE_DATA] LG MMS application use KK style isAvailable()
D/ConnectivityService(  880): [LGP_DATA_BACKGROUND] Blocked State~?? (false)
D/ConnectivityService(  880): [LGP_DATA_BACKGROUND] uid :::10030  package_name:  com.android.mms
D/ConnectivityService(  880): [LGE_DATA] LG MMS application use KK style isAvailable()
D/ConnectivityService(  880): [LGP_DATA_BACKGROUND] Blocked State~?? (false)
D/ConnectivityService(  880): [LGP_DATA_BACKGROUND] uid :::10030  package_name:  com.android.mms
D/ConnectivityService(  880): [LGE_DATA] LG MMS application use KK style isAvailable()
D/ConnectivityService(  880): [LGP_DATA_BACKGROUND] Blocked State~?? (false)
D/ConnectivityService(  880): [LGP_DATA_BACKGROUND] uid :::10030  package_name:  com.android.mms
D/ConnectivityService(  880): [LGE_DATA] LG MMS application use KK style isAvailable()
D/ConnectivityService(  880): [LGP_DATA_BACKGROUND] Blocked State~?? (false)
D/ConnectivityService(  880): [LGP_DATA_BACKGROUND] uid :::10030  package_name:  com.android.mms
D/ConnectivityService(  880): [LGE_DATA] LG MMS application use KK style isAvailable()
D/ConnectivityService(  880): [LGP_DATA_BACKGROUND] Blocked State~?? (false)
D/ConnectivityService(  880): [LGP_DATA_BACKGROUND] uid :::10030  package_name:  com.android.mms
D/ConnectivityService(  880): [LGE_DATA] LG MMS application use KK style isAvailable()
D/ConnectivityService(  880): [LGP_DATA_BACKGROUND] Blocked State~?? (false)
D/ConnectivityService(  880): [LGP_DATA_BACKGROUND] uid :::10030  package_name:  com.android.mms
D/PowerManagerServiceEx(  880): updateWakeLockSummaryLocked: checkScreenWakelockList : mWakefulness=Awake, mWakeLockSummary=0x0
D/NetworkManagementService(  880): hardware tether stats:NetworkStats: elapsedRealtime=108049403
D/NetworkManagementService(  880): getNetworkStatsSummaryXt:NetworkStats: elapsedRealtime=108049405
D/NetworkManagementService(  880):   [0] iface=v4-rmnet_data1 uid=-1 set=ALL tag=0x0 rxBytes=1346 rxPackets=20 txBytes=1719 txPackets=26 operations=0
D/NetworkManagementService(  880):   [1] iface=rmnet_data1 uid=-1 set=ALL tag=0x0 rxBytes=1141546 rxPackets=2892 txBytes=1397208 txPackets=3875 operations=0
D/NetworkManagementService(  880):   [2] iface=r_rmnet_data1 uid=-1 set=ALL tag=0x0 rxBytes=227356 rxPackets=473 txBytes=14216 txPackets=157 operations=0
D/NetworkManagementService(  880):   [3] iface=r_rmnet_data0 uid=-1 set=ALL tag=0x0 rxBytes=1073977 rxPackets=11275 txBytes=142678 txPackets=605 operations=0
D/NetworkManagementService(  880):   [4] iface=wlan0 uid=-1 set=ALL tag=0x0 rxBytes=257388349 rxPackets=261806 txBytes=53826619 txPackets=182801 operations=0
D/NetworkManagementService(  880):   [5] iface=v4-rmnet_data0 uid=-1 set=ALL tag=0x0 rxBytes=24111 rxPackets=159 txBytes=17113 txPackets=194 operations=0
D/NetworkManagementService(  880):   [6] iface=rmnet_data0 uid=-1 set=ALL tag=0x0 rxBytes=2046021 rxPackets=4588 txBytes=1076640 txPackets=5233 operations=0
D/NetworkManagementService(  880):   [7] iface=lo uid=-1 set=ALL tag=0x0 rxBytes=3348 rxPackets=35 txBytes=3348 txPackets=35 operations=0
D/NetworkManagementService(  880): hardware tether stats:NetworkStats: elapsedRealtime=108049406
D/NetworkManagementService(  880): getNetworkStatsSummaryDev:NetworkStats: elapsedRealtime=108049407
D/NetworkManagementService(  880):   [0] iface=v4-rmnet_data1 uid=-1 set=ALL tag=0x0 rxBytes=1346 rxPackets=20 txBytes=1719 txPackets=26 operations=0
D/NetworkManagementService(  880):   [1] iface=rmnet_data1 uid=-1 set=ALL tag=0x0 rxBytes=695041 rxPackets=1971 txBytes=847820 txPackets=2469 operations=0
D/NetworkManagementService(  880):   [2] iface=r_rmnet_data1 uid=-1 set=ALL tag=0x0 rxBytes=227356 rxPackets=473 txBytes=14844 txPackets=157 operations=0
D/NetworkManagementService(  880):   [3] iface=r_rmnet_data0 uid=-1 set=ALL tag=0x0 rxBytes=1073977 rxPackets=11275 txBytes=145460 txPackets=605 operations=0
D/NetworkManagementService(  880):   [4] iface=wlan0 uid=-1 set=ALL tag=0x0 rxBytes=257234535 rxPackets=264019 txBytes=56180564 txPackets=183580 operations=0
D/NetworkManagementService(  880):   [5] iface=v4-rmnet_data0 uid=-1 set=ALL tag=0x0 rxBytes=24111 rxPackets=159 txBytes=17113 txPackets=194 operations=0
D/NetworkManagementService(  880):   [6] iface=rmnet_data0 uid=-1 set=ALL tag=0x0 rxBytes=2006600 rxPackets=4496 txBytes=1017096 txPackets=4913 operations=0
D/NetworkManagementService(  880):   [7] iface=lo uid=-1 set=ALL tag=0x0 rxBytes=3348 rxPackets=35 txBytes=3348 txPackets=35 operations=0
D/PowerManagerServiceEx(  880): updateWakeLockSummaryLocked: checkScreenWakelockList : mWakefulness=Awake, mWakeLockSummary=0x0
V/NetworkPolicy(  880): [VT_INTENT_PROC] updateNotificationsLocked() : under warning
V/AlarmManager(  880): ELAPSED_WAKEUP set : Alarm{434fae0 tag *walarm*:com.lge.ims.action.ALARM_NATIVE_TIMER type 2 when 108049711 com.lge.ims} when 108049711
D/ConnectivityService(  880): [ePDG] notifyEPDGCallResult start
D/ePDGTracker(  880): [VoEPDG][ePDG] notifyEPDGCallResult start 
D/ePDGTracker(  880): [VoEPDG]same addr so return mid=0 addr :  2607:fb90:2b94:efff:e1f8:0ac9:c64d:e4d9/64
D/PowerManagerServiceEx(  880): updateWakeLockSummaryLocked: checkScreenWakelockList : mWakefulness=Awake, mWakeLockSummary=0x0
W/ActivityManager(  880): Unable to start service Intent { act=com.lge.ime.intent.ANDROID_CONTACT_DB_UPDATED pkg=com.lge.ime } U=0: not found
D/NetworkManagementService(  880): hardware tether stats:NetworkStats: elapsedRealtime=108061321
D/NetworkManagementService(  880): getNetworkStatsSummaryXt:NetworkStats: elapsedRealtime=108061322
D/NetworkManagementService(  880):   [0] iface=v4-rmnet_data1 uid=-1 set=ALL tag=0x0 rxBytes=1346 rxPackets=20 txBytes=1719 txPackets=26 operations=0
D/NetworkManagementService(  880):   [1] iface=rmnet_data1 uid=-1 set=ALL tag=0x0 rxBytes=1141546 rxPackets=2892 txBytes=1397208 txPackets=3875 operations=0
D/NetworkManagementService(  880):   [2] iface=r_rmnet_data1 uid=-1 set=ALL tag=0x0 rxBytes=227356 rxPackets=473 txBytes=14216 txPackets=157 operations=0
D/NetworkManagementService(  880):   [3] iface=r_rmnet_data0 uid=-1 set=ALL tag=0x0 rxBytes=1074065 rxPackets=11276 txBytes=142678 txPackets=605 operations=0
D/NetworkManagementService(  880):   [4] iface=wlan0 uid=-1 set=ALL tag=0x0 rxBytes=257448047 rxPackets=262604 txBytes=55888992 txPackets=184191 operations=0
D/NetworkManagementService(  880):   [5] iface=v4-rmnet_data0 uid=-1 set=ALL tag=0x0 rxBytes=24111 rxPackets=159 txBytes=17113 txPackets=194 operations=0
D/NetworkManagementService(  880):   [6] iface=rmnet_data0 uid=-1 set=ALL tag=0x0 rxBytes=2046021 rxPackets=4588 txBytes=1076640 txPackets=5233 operations=0
D/NetworkManagementService(  880):   [7] iface=lo uid=-1 set=ALL tag=0x0 rxBytes=3348 rxPackets=35 txBytes=3348 txPackets=35 operations=0
D/NetworkManagementService(  880): hardware tether stats:NetworkStats: elapsedRealtime=108061324
D/NetworkManagementService(  880): getNetworkStatsSummaryDev:NetworkStats: elapsedRealtime=108061325
D/NetworkManagementService(  880):   [0] iface=v4-rmnet_data1 uid=-1 set=ALL tag=0x0 rxBytes=1346 rxPackets=20 txBytes=1719 txPackets=26 operations=0
D/NetworkManagementService(  880):   [1] iface=rmnet_data1 uid=-1 set=ALL tag=0x0 rxBytes=695041 rxPackets=1971 txBytes=847820 txPackets=2469 operations=0
D/NetworkManagementService(  880):   [2] iface=r_rmnet_data1 uid=-1 set=ALL tag=0x0 rxBytes=227356 rxPackets=473 txBytes=14844 txPackets=157 operations=0
D/NetworkManagementService(  880):   [3] iface=r_rmnet_data0 uid=-1 set=ALL tag=0x0 rxBytes=1074065 rxPackets=11276 txBytes=145460 txPackets=605 operations=0
D/NetworkManagementService(  880):   [4] iface=wlan0 uid=-1 set=ALL tag=0x0 rxBytes=257294209 rxPackets=264817 txBytes=58260996 txPackets=184969 operations=0
D/NetworkManagementService(  880):   [5] iface=v4-rmnet_data0 uid=-1 set=ALL tag=0x0 rxBytes=24111 rxPackets=159 txBytes=17113 txPackets=194 operations=0
D/NetworkManagementService(  880):   [6] iface=rmnet_data0 uid=-1 set=ALL tag=0x0 rxBytes=2006600 rxPackets=4496 txBytes=1017096 txPackets=4913 operations=0
D/NetworkManagementService(  880):   [7] iface=lo uid=-1 set=ALL tag=0x0 rxBytes=3348 rxPackets=35 txBytes=3348 txPackets=35 operations=0
D/PowerManagerServiceEx(  880): updateWakeLockSummaryLocked: checkScreenWakelockList : mWakefulness=Awake, mWakeLockSummary=0x0
V/NetworkPolicy(  880): [VT_INTENT_PROC] updateNotificationsLocked() : under warning
D/PowerManagerServiceEx(  880): acquireWakeLockInternal: lock=579677392, flags=0x40000001, tag="*alarm*", ws=WorkSource{1000}, historyTag=*alarm*:android.intent.action.TIME_TICK, uid=1000, pid=880
D/PowerManagerServiceEx(  880): releaseWakeLockInternal: lock=579677392 [*alarm*], flags=0x0
D/PowerManagerServiceEx(  880): updateWakeLockSummaryLocked: checkScreenWakelockList : mWakefulness=Awake, mWakeLockSummary=0x0
D/PowerManagerServiceEx(  880): updateWakeLockSummaryLocked: checkScreenWakelockList : mWakefulness=Awake, mWakeLockSummary=0x0
D/PowerManagerServiceEx(  880): updateUserActivitySummaryLocked: mWakefulness=Awake, mUserActivitySummary=0x2, nextTimeout=71147432 (201927 ms ago)
W/DisplayPowerControllerEx(  880): setScreenState : state = 2, isStateChanged = false, returnVal = true
D/PowerManagerServiceEx(  880): updateWakeLockSummaryLocked: checkScreenWakelockList : mWakefulness=Awake, mWakeLockSummary=0x0
W/DisplayPowerControllerEx(  880): setScreenState : state = 2, isStateChanged = false, returnVal = true
W/DisplayPowerControllerEx(  880): setScreenState : state = 2, isStateChanged = false, returnVal = true
D/PowerManagerServiceEx(  880): updateWakeLockSummaryLocked: checkScreenWakelockList : mWakefulness=Awake, mWakeLockSummary=0x0
D/PowerManagerServiceEx(  880): updateUserActivitySummaryLocked: mWakefulness=Awake, mUserActivitySummary=0x1, nextTimeout=71147432 (203115 ms ago)
I/ViewRootImpl( 4549): ViewRoot's Touch Event : ACTION_DOWN
W/DisplayPowerControllerEx(  880): setScreenState : state = 2, isStateChanged = false, returnVal = true
D/PowerManagerServiceEx(  880): updateWakeLockSummaryLocked: checkScreenWakelockList : mWakefulness=Awake, mWakeLockSummary=0x0
I/ViewRootImpl( 4549): ViewRoot's Touch Event : ACTION_UP
W/DisplayPowerControllerEx(  880): setScreenState : state = 2, isStateChanged = false, returnVal = true
W/DisplayPowerControllerEx(  880): setScreenState : state = 2, isStateChanged = false, returnVal = true
D/NetworkManagementService(  880): hardware tether stats:NetworkStats: elapsedRealtime=108072971
D/NetworkManagementService(  880): getNetworkStatsSummaryXt:NetworkStats: elapsedRealtime=108072972
D/NetworkManagementService(  880):   [0] iface=v4-rmnet_data1 uid=-1 set=ALL tag=0x0 rxBytes=1346 rxPackets=20 txBytes=1719 txPackets=26 operations=0
D/NetworkManagementService(  880):   [1] iface=rmnet_data1 uid=-1 set=ALL tag=0x0 rxBytes=1141546 rxPackets=2892 txBytes=1397208 txPackets=3875 operations=0
D/NetworkManagementService(  880):   [2] iface=r_rmnet_data1 uid=-1 set=ALL tag=0x0 rxBytes=227356 rxPackets=473 txBytes=14216 txPackets=157 operations=0
D/NetworkManagementService(  880):   [3] iface=r_rmnet_data0 uid=-1 set=ALL tag=0x0 rxBytes=1074241 rxPackets=11278 txBytes=142678 txPackets=605 operations=0
D/NetworkManagementService(  880):   [4] iface=wlan0 uid=-1 set=ALL tag=0x0 rxBytes=257505874 rxPackets=263385 txBytes=57972455 txPackets=185596 operations=0
D/NetworkManagementService(  880):   [5] iface=v4-rmnet_data0 uid=-1 set=ALL tag=0x0 rxBytes=24111 rxPackets=159 txBytes=17113 txPackets=194 operations=0
D/NetworkManagementService(  880):   [6] iface=rmnet_data0 uid=-1 set=ALL tag=0x0 rxBytes=2046021 rxPackets=4588 txBytes=1076640 txPackets=5233 operations=0
D/NetworkManagementService(  880):   [7] iface=lo uid=-1 set=ALL tag=0x0 rxBytes=3348 rxPackets=35 txBytes=3348 txPackets=35 operations=0
D/NetworkManagementService(  880): hardware tether stats:NetworkStats: elapsedRealtime=108072973
D/NetworkManagementService(  880): getNetworkStatsSummaryDev:NetworkStats: elapsedRealtime=108072974
D/NetworkManagementService(  880):   [0] iface=v4-rmnet_data1 uid=-1 set=ALL tag=0x0 rxBytes=1346 rxPackets=20 txBytes=1719 txPackets=26 operations=0
D/NetworkManagementService(  880):   [1] iface=rmnet_data1 uid=-1 set=ALL tag=0x0 rxBytes=695041 rxPackets=1971 txBytes=847820 txPackets=2469 operations=0
D/NetworkManagementService(  880):   [2] iface=r_rmnet_data1 uid=-1 set=ALL tag=0x0 rxBytes=227356 rxPackets=473 txBytes=14844 txPackets=157 operations=0
D/NetworkManagementService(  880):   [3] iface=r_rmnet_data0 uid=-1 set=ALL tag=0x0 rxBytes=1074241 rxPackets=11278 txBytes=145460 txPackets=605 operations=0
D/NetworkManagementService(  880):   [4] iface=wlan0 uid=-1 set=ALL tag=0x0 rxBytes=257352134 rxPackets=265601 txBytes=60364171 txPackets=186375 operations=0
D/NetworkManagementService(  880):   [5] iface=v4-rmnet_data0 uid=-1 set=ALL tag=0x0 rxBytes=24111 rxPackets=159 txBytes=17113 txPackets=194 operations=0
D/NetworkManagementService(  880):   [6] iface=rmnet_data0 uid=-1 set=ALL tag=0x0 rxBytes=2006600 rxPackets=4496 txBytes=1017096 txPackets=4913 operations=0
D/NetworkManagementService(  880):   [7] iface=lo uid=-1 set=ALL tag=0x0 rxBytes=3348 rxPackets=35 txBytes=3348 txPackets=35 operations=0
D/PowerManagerServiceEx(  880): updateWakeLockSummaryLocked: checkScreenWakelockList : mWakefulness=Awake, mWakeLockSummary=0x0
V/NetworkPolicy(  880): [VT_INTENT_PROC] updateNotificationsLocked() : under warning
V/AlarmManager(  880): ELAPSED_WAKEUP set : Alarm{183f4199 tag *walarm*:android.content.syncmanager.SYNC_ALARM type 2 when 108073832 android} when 108073832
D/PowerManagerServiceEx(  880): updateWakeLockSummaryLocked: checkScreenWakelockList : mWakefulness=Awake, mWakeLockSummary=0x0
D/PowerManagerServiceEx(  880): updateWakeLockSummaryLocked: checkScreenWakelockList : mWakefulness=Awake, mWakeLockSummary=0x0
D/PowerManagerServiceEx(  880): updateWakeLockSummaryLocked: checkScreenWakelockList : mWakefulness=Awake, mWakeLockSummary=0x0
D/PowerManagerServiceEx(  880): updateWakeLockSummaryLocked: checkScreenWakelockList : mWakefulness=Awake, mWakeLockSummary=0x0
D/WifiController(  880): battery changed pluggedType: 2
V/AlarmManager(  880): ELAPSED_WAKEUP set : Alarm{116ce95b tag *walarm*:com.google.android.location.ALARM_WAKEUP_LOCATOR type 2 when 108082137 com.google.android.gms} when 108082137
V/AlarmManager(  880): ELAPSED_WAKEUP set : Alarm{31db45f8 tag *walarm*:com.google.android.location.ALARM_WAKEUP_ACTIVITY_DETECTION type 2 when 108083137 com.google.android.gms} when 108083137
I/SensorManager( 5989): registerListenerImpl() [Sensor: LGE 3-axis Accelerometer, Rate: 20000, SensorEventListener: ajbs@18dbf88e] by ajbr.a():1207
D/WifiServiceImplEx(  880): acquireWifiLock pid=5989, uid=10005, packageName=com.google.uid.shared:10005, tag=NlpWifiLock
D/WifiServiceImplEx(  880): startScan pid=5989, uid=10005, packageName=com.google.uid.shared:10005
I/SensorManager( 5989): removeAllSensors() [Sensor: LGE 3-axis Accelerometer] by ajbr.b():223
D/WifiServiceImplEx(  880): releaseWifiLock pid=5989, uid=10005, packageName=com.google.uid.shared:10005
D/PowerManagerServiceEx(  880): updateWakeLockSummaryLocked: checkScreenWakelockList : mWakefulness=Awake, mWakeLockSummary=0x0
D/NetworkManagementService(  880): hardware tether stats:NetworkStats: elapsedRealtime=108085589
D/NetworkManagementService(  880): getNetworkStatsSummaryXt:NetworkStats: elapsedRealtime=108085593
D/NetworkManagementService(  880):   [0] iface=v4-rmnet_data1 uid=-1 set=ALL tag=0x0 rxBytes=1346 rxPackets=20 txBytes=1719 txPackets=26 operations=0
D/NetworkManagementService(  880):   [1] iface=rmnet_data1 uid=-1 set=ALL tag=0x0 rxBytes=1141546 rxPackets=2892 txBytes=1397208 txPackets=3875 operations=0
D/NetworkManagementService(  880):   [2] iface=r_rmnet_data1 uid=-1 set=ALL tag=0x0 rxBytes=227356 rxPackets=473 txBytes=14216 txPackets=157 operations=0
D/NetworkManagementService(  880):   [3] iface=r_rmnet_data0 uid=-1 set=ALL tag=0x0 rxBytes=1074417 rxPackets=11280 txBytes=142678 txPackets=605 operations=0
D/NetworkManagementService(  880):   [4] iface=wlan0 uid=-1 set=ALL tag=0x0 rxBytes=257564064 rxPackets=264171 txBytes=60048304 txPackets=186996 operations=0
D/NetworkManagementService(  880):   [5] iface=v4-rmnet_data0 uid=-1 set=ALL tag=0x0 rxBytes=24111 rxPackets=159 txBytes=17113 txPackets=194 operations=0
D/NetworkManagementService(  880):   [6] iface=rmnet_data0 uid=-1 set=ALL tag=0x0 rxBytes=2046021 rxPackets=4588 txBytes=1076640 txPackets=5233 operations=0
D/NetworkManagementService(  880):   [7] iface=lo uid=-1 set=ALL tag=0x0 rxBytes=3348 rxPackets=35 txBytes=3348 txPackets=35 operations=0
D/NetworkManagementService(  880): hardware tether stats:NetworkStats: elapsedRealtime=108085597
D/NetworkManagementService(  880): getNetworkStatsSummaryDev:NetworkStats: elapsedRealtime=108085600
D/NetworkManagementService(  880):   [0] iface=v4-rmnet_data1 uid=-1 set=ALL tag=0x0 rxBytes=1346 rxPackets=20 txBytes=1719 txPackets=26 operations=0
D/NetworkManagementService(  880):   [1] iface=rmnet_data1 uid=-1 set=ALL tag=0x0 rxBytes=695041 rxPackets=1971 txBytes=847820 txPackets=2469 operations=0
D/NetworkManagementService(  880):   [2] iface=r_rmnet_data1 uid=-1 set=ALL tag=0x0 rxBytes=227356 rxPackets=473 txBytes=14844 txPackets=157 operations=0
